Archive member included to satisfy reference by file (symbol)

../Middlewares/ST/AI/Lib/NetworkRuntime1020_CM4_GCC.a(ai_platform.o)
                              ./X-CUBE-AI/App/small_16_16.o (ai_buffer_array_item_set_address)
../Middlewares/ST/AI/Lib/NetworkRuntime1020_CM4_GCC.a(ai_platform_interface.o)
                              ./X-CUBE-AI/App/small_16_16.o (ai_platform_get_weights_map)
../Middlewares/ST/AI/Lib/NetworkRuntime1020_CM4_GCC.a(core_common.o)
                              ../Middlewares/ST/AI/Lib/NetworkRuntime1020_CM4_GCC.a(ai_platform_interface.o) (core_init)
../Middlewares/ST/AI/Lib/NetworkRuntime1020_CM4_GCC.a(core_mem_manager.o)
                              ../Middlewares/ST/AI/Lib/NetworkRuntime1020_CM4_GCC.a(ai_platform_interface.o) (core_mem_alloc)
../Middlewares/ST/AI/Lib/NetworkRuntime1020_CM4_GCC.a(layers.o)
                              ../Middlewares/ST/AI/Lib/NetworkRuntime1020_CM4_GCC.a(ai_platform_interface.o) (ai_check_custom_types)
../Middlewares/ST/AI/Lib/NetworkRuntime1020_CM4_GCC.a(layers_conv2d_sssa8_ch.o)
                              ./X-CUBE-AI/App/small_16_16.o (forward_conv2d_deep_3x3_sssa8_ch_nl_pool)
../Middlewares/ST/AI/Lib/NetworkRuntime1020_CM4_GCC.a(layers_conv2d_stm32_integer.o)
                              ./X-CUBE-AI/App/small_16_16.o (forward_dense_integer_SSSA)
../Middlewares/ST/AI/Lib/NetworkRuntime1020_CM4_GCC.a(layers_generic_float.o)
                              ./X-CUBE-AI/App/small_16_16.o (forward_pad)
../Middlewares/ST/AI/Lib/NetworkRuntime1020_CM4_GCC.a(layers_nl_stm32_integer.o)
                              ./X-CUBE-AI/App/small_16_16.o (forward_nl_integer)
../Middlewares/ST/AI/Lib/NetworkRuntime1020_CM4_GCC.a(layers_pad_generic.o)
                              ../Middlewares/ST/AI/Lib/NetworkRuntime1020_CM4_GCC.a(layers_generic_float.o) (forward_pad_8bit_ch1st_3x3_constant)
../Middlewares/ST/AI/Lib/NetworkRuntime1020_CM4_GCC.a(layers_pool_stm32_integer.o)
                              ./X-CUBE-AI/App/small_16_16.o (pool_func_mp_array_integer_INT8)
../Middlewares/ST/AI/Lib/NetworkRuntime1020_CM4_GCC.a(layers_resize.o)
                              ../Middlewares/ST/AI/Lib/NetworkRuntime1020_CM4_GCC.a(layers_generic_float.o) (forward_resize_nearest_if32of32)
../Middlewares/ST/AI/Lib/NetworkRuntime1020_CM4_GCC.a(layers_conv2d_integer_scratch.o)
                              ../Middlewares/ST/AI/Lib/NetworkRuntime1020_CM4_GCC.a(layers.o) (get_dense_scratch_size_s8)
../Middlewares/ST/AI/Lib/NetworkRuntime1020_CM4_GCC.a(forward_lite_argminmax.o)
                              ../Middlewares/ST/AI/Lib/NetworkRuntime1020_CM4_GCC.a(layers_generic_float.o) (forward_lite_argmax_if32)
../Middlewares/ST/AI/Lib/NetworkRuntime1020_CM4_GCC.a(forward_lite_dense_is8os8ws8_ch.o)
                              ../Middlewares/ST/AI/Lib/NetworkRuntime1020_CM4_GCC.a(layers_conv2d_stm32_integer.o) (forward_lite_dense_is8os8ws8_ch)
../Middlewares/ST/AI/Lib/NetworkRuntime1020_CM4_GCC.a(forward_lite_dense_is8os8ws8.o)
                              ../Middlewares/ST/AI/Lib/NetworkRuntime1020_CM4_GCC.a(layers_conv2d_stm32_integer.o) (forward_lite_dense_is8os8ws8)
../Middlewares/ST/AI/Lib/NetworkRuntime1020_CM4_GCC.a(forward_lite_maxpool_is8os8_scalepos.o)
                              ../Middlewares/ST/AI/Lib/NetworkRuntime1020_CM4_GCC.a(layers_pool_stm32_integer.o) (forward_lite_maxpool_is8os8_scalepos)
../Middlewares/ST/AI/Lib/NetworkRuntime1020_CM4_GCC.a(forward_lite_avepool_is8os8.o)
                              ../Middlewares/ST/AI/Lib/NetworkRuntime1020_CM4_GCC.a(layers_pool_stm32_integer.o) (forward_lite_avepool_is8os8)
../Middlewares/ST/AI/Lib/NetworkRuntime1020_CM4_GCC.a(forward_lite_conv2d_sssa8_ch.o)
                              ../Middlewares/ST/AI/Lib/NetworkRuntime1020_CM4_GCC.a(layers_conv2d_sssa8_ch.o) (forward_lite_conv2d_dilated_sssa8_ch)
../Middlewares/ST/AI/Lib/NetworkRuntime1020_CM4_GCC.a(lite_argminmax_if32_kernel.o)
                              ../Middlewares/ST/AI/Lib/NetworkRuntime1020_CM4_GCC.a(forward_lite_argminmax.o) (forward_lite_argmax_f32_kernel_ch)
../Middlewares/ST/AI/Lib/NetworkRuntime1020_CM4_GCC.a(lite_argminmax_is8_kernel.o)
                              ../Middlewares/ST/AI/Lib/NetworkRuntime1020_CM4_GCC.a(forward_lite_argminmax.o) (forward_lite_argmax_s8_kernel)
../Middlewares/ST/AI/Lib/NetworkRuntime1020_CM4_GCC.a(forward_lite_maxpool_is16os16.o)
                              ../Middlewares/ST/AI/Lib/NetworkRuntime1020_CM4_GCC.a(layers_pool_stm32_integer.o) (forward_lite_maxpool_is16os16_scalepos)
../Middlewares/ST/AI/Lib/NetworkRuntime1020_CM4_GCC.a(forward_lite_maxpool_is8os8.o)
                              ../Middlewares/ST/AI/Lib/NetworkRuntime1020_CM4_GCC.a(layers_pool_stm32_integer.o) (forward_lite_maxpool_is8os8_scaleneg)
../Middlewares/ST/AI/Lib/NetworkRuntime1020_CM4_GCC.a(forward_lite_maxpool_iu16ou16.o)
[...]
Memory Configuration

Name             Origin             Length             Attributes
CCMRAM           0x10000000         0x00010000         xrw
RAM              0x20000000         0x0001c000         xrw
FLASH            0x08000000         0x00100000         xr
*default*        0x00000000         0xffffffff

Linker script and memory map

LOAD /opt/st/stm32cubeide_2.0.0/plugins/com.st.stm32cube.ide.mcu.externaltools.gnu-tools-for-stm32.13.3.rel1.linux64_1.0.100.202509120712/tools/bin/../lib/gcc/arm-none-eabi/13.3.1/thumb/v7e-m+fp/hard/crti.o
LOAD /opt/st/stm32cubeide_2.0.0/plugins/com.st.stm32cube.ide.mcu.externaltools.gnu-tools-for-stm32.13.3.rel1.linux64_1.0.100.202509120712/tools/bin/../lib/gcc/arm-none-eabi/13.3.1/thumb/v7e-m+fp/hard/crtbegin.o
LOAD /opt/st/stm32cubeide_2.0.0/plugins/com.st.stm32cube.ide.mcu.externaltools.gnu-tools-for-stm32.13.3.rel1.linux64_1.0.100.202509120712/tools/bin/../lib/gcc/arm-none-eabi/13.3.1/../../../../arm-none-eabi/lib/thumb/v7e-m+fp/hard/crt0.o
LOAD ./Core/Src/main.o
LOAD ./Core/Src/stm32f4xx_hal_msp.o
LOAD ./Core/Src/stm32f4xx_it.o
LOAD ./Core/Src/sysmem.o
LOAD ./Core/Src/system_stm32f4xx.o
LOAD ./Core/Startup/startup_stm32f407vgtx.o
LOAD ./Drivers/STM32F4xx_HAL_Driver/Src/stm32f4xx_hal.o
LOAD ./Drivers/STM32F4xx_HAL_Driver/Src/stm32f4xx_hal_cortex.o
LOAD ./Drivers/STM32F4xx_HAL_Driver/Src/stm32f4xx_hal_crc.o
LOAD ./Drivers/STM32F4xx_HAL_Driver/Src/stm32f4xx_hal_dma.o
LOAD ./Drivers/STM32F4xx_HAL_Driver/Src/stm32f4xx_hal_dma_ex.o
LOAD ./Drivers/STM32F4xx_HAL_Driver/Src/stm32f4xx_hal_exti.o
LOAD ./Drivers/STM32F4xx_HAL_Driver/Src/stm32f4xx_hal_flash.o
LOAD ./Drivers/STM32F4xx_HAL_Driver/Src/stm32f4xx_hal_flash_ex.o
LOAD ./Drivers/STM32F4xx_HAL_Driver/Src/stm32f4xx_hal_flash_ramfunc.o
LOAD ./Drivers/STM32F4xx_HAL_Driver/Src/stm32f4xx_hal_gpio.o
LOAD ./Drivers/STM32F4xx_HAL_Driver/Src/stm32f4xx_hal_pwr.o
LOAD ./Drivers/STM32F4xx_HAL_Driver/Src/stm32f4xx_hal_pwr_ex.o
LOAD ./Drivers/STM32F4xx_HAL_Driver/Src/stm32f4xx_hal_rcc.o
LOAD ./Drivers/STM32F4xx_HAL_Driver/Src/stm32f4xx_hal_rcc_ex.o
LOAD ./Drivers/STM32F4xx_HAL_Driver/Src/stm32f4xx_hal_tim.o
LOAD ./Drivers/STM32F4xx_HAL_Driver/Src/stm32f4xx_hal_tim_ex.o
LOAD ./Drivers/STM32F4xx_HAL_Driver/Src/stm32f4xx_hal_uart.o
LOAD ./X-CUBE-AI/App/small_16_16.o
LOAD ./X-CUBE-AI/App/small_16_16_data.o
LOAD ./X-CUBE-AI/App/small_16_16_data_params.o
LOAD ../Middlewares/ST/AI/Lib/NetworkRuntime1020_CM4_GCC.a
START GROUP
LOAD /opt/st/stm32cubeide_2.0.0/plugins/com.st.stm32cube.ide.mcu.externaltools.gnu-tools-for-stm32.13.3.rel1.linux64_1.0.100.202509120712/tools/bin/../lib/gcc/arm-none-eabi/13.3.1/../../../../arm-none-eabi/lib/thumb/v7e-m+fp/hard/libc_nano.a
LOAD /opt/st/stm32cubeide_2.0.0/plugins/com.st.stm32cube.ide.mcu.externaltools.gnu-tools-for-stm32.13.3.rel1.linux64_1.0.100.202509120712/tools/bin/../lib/gcc/arm-none-eabi/13.3.1/../../../../arm-none-eabi/lib/thumb/v7e-m+fp/hard/libm.a
END GROUP
START GROUP
LOAD /opt/st/stm32cubeide_2.0.0/plugins/com.st.stm32cube.ide.mcu.externaltools.gnu-tools-for-stm32.13.3.rel1.linux64_1.0.100.202509120712/tools/bin/../lib/gcc/arm-none-eabi/13.3.1/thumb/v7e-m+fp/hard/libgcc.a
LOAD /opt/st/stm32cubeide_2.0.0/plugins/com.st.stm32cube.ide.mcu.externaltools.gnu-tools-for-stm32.13.3.rel1.linux64_1.0.100.202509120712/tools/bin/../lib/gcc/arm-none-eabi/13.3.1/../../../../arm-none-eabi/lib/thumb/v7e-m+fp/hard/libc_nano.a
END GROUP
START GROUP
LOAD /opt/st/stm32cubeide_2.0.0/plugins/com.st.stm32cube.ide.mcu.externaltools.gnu-tools-for-stm32.13.3.rel1.linux64_1.0.100.202509120712/tools/bin/../lib/gcc/arm-none-eabi/13.3.1/thumb/v7e-m+fp/hard/libgcc.a
LOAD /opt/st/stm32cubeide_2.0.0/plugins/com.st.stm32cube.ide.mcu.externaltools.gnu-tools-for-stm32.13.3.rel1.linux64_1.0.100.202509120712/tools/bin/../lib/gcc/arm-none-eabi/13.3.1/../../../../arm-none-eabi/lib/thumb/v7e-m+fp/hard/libc_nano.a
LOAD /opt/st/stm32cubeide_2.0.0/plugins/com.st.stm32cube.ide.mcu.externaltools.gnu-tools-for-stm32.13.3.rel1.linux64_1.0.100.202509120712/tools/bin/../lib/gcc/arm-none-eabi/13.3.1/../../../../arm-none-eabi/lib/thumb/v7e-m+fp/hard/libnosys.a
END GROUP
START GROUP
LOAD /opt/st/stm32cubeide_2.0.0/plugins/com.st.stm32cube.ide.mcu.externaltools.gnu-tools-for-stm32.13.3.rel1.linux64_1.0.100.202509120712/tools/bin/../lib/gcc/arm-none-eabi/13.3.1/thumb/v7e-m+fp/hard/libgcc.a
LOAD /opt/st/stm32cubeide_2.0.0/plugins/com.st.stm32cube.ide.mcu.externaltools.gnu-tools-for-stm32.13.3.rel1.linux64_1.0.100.202509120712/tools/bin/../lib/gcc/arm-none-eabi/13.3.1/../../../../arm-none-eabi/lib/thumb/v7e-m+fp/hard/libc_nano.a
LOAD /opt/st/stm32cubeide_2.0.0/plugins/com.st.stm32cube.ide.mcu.externaltools.gnu-tools-for-stm32.13.3.rel1.linux64_1.0.100.202509120712/tools/bin/../lib/gcc/arm-none-eabi/13.3.1/../../../../arm-none-eabi/lib/thumb/v7e-m+fp/hard/libnosys.a
END GROUP
LOAD /opt/st/stm32cubeide_2.0.0/plugins/com.st.stm32cube.ide.mcu.externaltools.gnu-tools-for-stm32.13.3.rel1.linux64_1.0.100.202509120712/tools/bin/../lib/gcc/arm-none-eabi/13.3.1/thumb/v7e-m+fp/hard/crtend.o
LOAD /opt/st/stm32cubeide_2.0.0/plugins/com.st.stm32cube.ide.mcu.externaltools.gnu-tools-for-stm32.13.3.rel1.linux64_1.0.100.202509120712/tools/bin/../lib/gcc/arm-none-eabi/13.3.1/thumb/v7e-m+fp/hard/crtn.o
                0x2001c000                        _estack = (ORIGIN (RAM) + LENGTH (RAM))
                0x00000800                        _Min_Heap_Size = 0x800
                0x00000800                        _Min_Stack_Size = 0x800

.isr_vector     0x08000000      0x188
                0x08000000                        . = ALIGN (0x4)
 *(.isr_vector)
 .isr_vector    0x08000000      0x188 ./Core/Startup/startup_stm32f407vgtx.o
                0x08000000                g_pfnVectors
                0x08000188                        . = ALIGN (0x4)

.text           0x08010000    0x13e94
                0x08010000                        . = ALIGN (0x4)
 *(.text)
 .text          0x08010000       0x40 /opt/st/stm32cubeide_2.0.0/plugins/com.st.stm32cube.ide.mcu.externaltools.gnu-tools-for-stm32.13.3.rel1.linux64_1.0.100.202509120712/tools/bin/../lib/gcc/arm-none-eabi/13.3.1/thumb/v7e-m+fp/hard/crtbegin.o
 .text          0x08010040       0xa0 /opt/st/stm32cubeide_2.0.0/plugins/com.st.stm32cube.ide.mcu.externaltools.gnu-tools-for-stm32.13.3.rel1.linux64_1.0.100.202509120712/tools/bin/../lib/gcc/arm-none-eabi/13.3.1/../../../../arm-none-eabi/lib/thumb/v7e-m+fp/hard/libc_nano.a(libc_a-memchr.o)
                0x08010040                memchr
 .text          0x080100e0       0x10 /opt/st/stm32cubeide_2.0.0/plugins/com.st.stm32cube.ide.mcu.externaltools.gnu-tools-for-stm32.13.3.rel1.linux64_1.0.100.202509120712/tools/bin/../lib/gcc/arm-none-eabi/13.3.1/../../../../arm-none-eabi/lib/thumb/v7e-m+fp/hard/libc_nano.a(libc_a-strlen.o)
                0x080100e0                strlen
 .text          0x080100f0      0x378 /opt/st/stm32cubeide_2.0.0/plugins/com.st.stm32cube.ide.mcu.externaltools.gnu-tools-for-stm32.13.3.rel1.linux64_1.0.100.202509120712/tools/bin/../lib/gcc/arm-none-eabi/13.3.1/thumb/v7e-m+fp/hard/libgcc.a(_arm_addsubdf3.o)
                0x080100f0                __aeabi_drsub
                0x080100f8                __aeabi_dsub
                0x080100f8                __subdf3
                0x080100fc                __adddf3
                0x080100fc                __aeabi_dadd
                0x08010374                __aeabi_ui2d
                0x08010374                __floatunsidf
                0x08010394                __floatsidf
                0x08010394                __aeabi_i2d
                0x080103b8                __extendsfdf2
                0x080103b8                __aeabi_f2d
                0x080103fc                __aeabi_ul2d
                0x080103fc                __floatundidf
                0x0801040c                __floatdidf
                0x0801040c                __aeabi_l2d
 .text          0x08010468      0x424 /opt/st/stm32cubeide_2.0.0/plugins/com.st.stm32cube.ide.mcu.externaltools.gnu-tools-for-stm32.13.3.rel1.linux64_1.0.100.202509120712/tools/bin/../lib/gcc/arm-none-eabi/13.3.1/thumb/v7e-m+fp/hard/libgcc.a(_arm_muldivdf3.o)
                0x08010468                __aeabi_dmul
                0x08010468                __muldf3
                0x080106bc                __aeabi_ddiv
                0x080106bc                __divdf3
 .text          0x0801088c      0x110 /opt/st/stm32cubeide_2.0.0/plugins/com.st.stm32cube.ide.mcu.externaltools.gnu-tools-for-stm32.13.3.rel1.linux64_1.0.100.202509120712/tools/bin/../lib/gcc/arm-none-eabi/13.3.1/thumb/v7e-m+fp/hard/libgcc.a(_arm_cmpdf2.o)
                0x0801088c                __gtdf2
                0x0801088c                __gedf2
                0x08010894                __ltdf2
                0x08010894                __ledf2
                0x0801089c                __cmpdf2
                0x0801089c                __eqdf2
                0x0801089c                __nedf2
                0x08010918                __aeabi_cdrcmple
                0x08010928                __aeabi_cdcmple
                0x08010928                __aeabi_cdcmpeq
                0x08010938                __aeabi_dcmpeq
                0x0801094c                __aeabi_dcmplt
                0x08010960                __aeabi_dcmple
                0x08010974                __aeabi_dcmpge
                0x08010988                __aeabi_dcmpgt
 .text          0x0801099c       0x2c /opt/st/stm32cubeide_2.0.0/plugins/com.st.stm32cube.ide.mcu.externaltools.gnu-tools-for-stm32.13.3.rel1.linux64_1.0.100.202509120712/tools/bin/../lib/gcc/arm-none-eabi/13.3.1/thumb/v7e-m+fp/hard/libgcc.a(_arm_unorddf2.o)
                0x0801099c                __aeabi_dcmpun
                0x0801099c                __unorddf2
 .text          0x080109c8       0x50 /opt/st/stm32cubeide_2.0.0/plugins/com.st.stm32cube.ide.mcu.externaltools.gnu-tools-for-stm32.13.3.rel1.linux64_1.0.100.202509120712/tools/bin/../lib/gcc/arm-none-eabi/13.3.1/thumb/v7e-m+fp/hard/libgcc.a(_arm_fixdfsi.o)
                0x080109c8                __fixdfsi
                0x080109c8                __aeabi_d2iz
 .text          0x08010a18       0x30 /opt/st/stm32cubeide_2.0.0/plugins/com.st.stm32cube.ide.mcu.externaltools.gnu-tools-for-stm32.13.3.rel1.linux64_1.0.100.202509120712/tools/bin/../lib/gcc/arm-none-eabi/13.3.1/thumb/v7e-m+fp/hard/libgcc.a(_aeabi_uldivmod.o)
                0x08010a18                __aeabi_uldivmod
 .text          0x08010a48       0x28 /opt/st/stm32cubeide_2.0.0/plugins/com.st.stm32cube.ide.mcu.externaltools.gnu-tools-for-stm32.13.3.rel1.linux64_1.0.100.202509120712/tools/bin/../lib/gcc/arm-none-eabi/13.3.1/thumb/v7e-m+fp/hard/libgcc.a(_fixsfdi.o)
                0x08010a48                __aeabi_f2lz
                0x08010a48                __fixsfdi
 .text          0x08010a70       0x40 /opt/st/stm32cubeide_2.0.0/plugins/com.st.stm32cube.ide.mcu.externaltools.gnu-tools-for-stm32.13.3.rel1.linux64_1.0.100.202509120712/tools/bin/../lib/gcc/arm-none-eabi/13.3.1/thumb/v7e-m+fp/hard/libgcc.a(_fixunssfdi.o)
                0x08010a70                __aeabi_f2ulz
                0x08010a70                __fixunssfdi
 .text          0x08010ab0      0x2f8 /opt/st/stm32cubeide_2.0.0/plugins/com.st.stm32cube.ide.mcu.externaltools.gnu-tools-for-stm32.13.3.rel1.linux64_1.0.100.202509120712/tools/bin/../lib/gcc/arm-none-eabi/13.3.1/thumb/v7e-m+fp/hard/libgcc.a(_udivmoddi4.o)
                0x08010ab0                __udivmoddi4
 .text          0x08010da8        0x4 /opt/st/stm32cubeide_2.0.0/plugins/com.st.stm32cube.ide.mcu.externaltools.gnu-tools-for-stm32.13.3.rel1.linux64_1.0.100.202509120712/tools/bin/../lib/gcc/arm-none-eabi/13.3.1/thumb/v7e-m+fp/hard/libgcc.a(_dvmd_tls.o)
                0x08010da8                __aeabi_ldiv0
                0x08010da8                __aeabi_idiv0
 .text          0x08010dac       0x40 /opt/st/stm32cubeide_2.0.0/plugins/com.st.stm32cube.ide.mcu.externaltools.gnu-tools-for-stm32.13.3.rel1.linux64_1.0.100.202509120712/tools/bin/../lib/gcc/arm-none-eabi/13.3.1/thumb/v7e-m+fp/hard/libgcc.a(_arm_fixunsdfsi.o)
                0x08010dac                __fixunsdfsi
                0x08010dac                __aeabi_d2uiz
 *(.text*)
 *fill*         0x08010dec        0x4 
 .text.main     0x08010df0      0x59c ./Core/Src/main.o
                0x08010df0                main
 .text.SystemClock_Config
                0x0801138c       0xd4 ./Core/Src/main.o
                0x0801138c                SystemClock_Config
 .text.MX_CRC_Init
                0x08011460       0x28 ./Core/Src/main.o
 .text.MX_TIM6_Init
                0x08011488       0x6c ./Core/Src/main.o
 .text.MX_USART2_UART_Init
                0x080114f4       0x54 ./Core/Src/main.o
 .text.MX_GPIO_Init
                0x08011548      0x2bc ./Core/Src/main.o
 .text.Error_Handler
                0x08011804        0xc ./Core/Src/main.o
                0x08011804                Error_Handler
 .text.HAL_MspInit
                0x08011810       0x50 ./Core/Src/stm32f4xx_hal_msp.o
                0x08011810                HAL_MspInit
 .text.HAL_CRC_MspInit
                0x08011860       0x44 ./Core/Src/stm32f4xx_hal_msp.o
                0x08011860                HAL_CRC_MspInit
 .text.HAL_TIM_Base_MspInit
                0x080118a4       0x44 ./Core/Src/stm32f4xx_hal_msp.o
                0x080118a4                HAL_TIM_Base_MspInit
 .text.HAL_UART_MspInit
                0x080118e8       0x90 ./Core/Src/stm32f4xx_hal_msp.o
                0x080118e8                HAL_UART_MspInit
 .text.NMI_Handler
                0x08011978        0x8 ./Core/Src/stm32f4xx_it.o
                0x08011978                NMI_Handler
 .text.HardFault_Handler
                0x08011980        0x8 ./Core/Src/stm32f4xx_it.o
                0x08011980                HardFault_Handler
 .text.MemManage_Handler
                0x08011988        0x8 ./Core/Src/stm32f4xx_it.o
                0x08011988                MemManage_Handler
 .text.BusFault_Handler
                0x08011990        0x8 ./Core/Src/stm32f4xx_it.o
                0x08011990                BusFault_Handler
 .text.UsageFault_Handler
                0x08011998        0x8 ./Core/Src/stm32f4xx_it.o
                0x08011998                UsageFault_Handler
 .text.SVC_Handler
                0x080119a0        0xe ./Core/Src/stm32f4xx_it.o
                0x080119a0                SVC_Handler
 .text.DebugMon_Handler
                0x080119ae        0xe ./Core/Src/stm32f4xx_it.o
                0x080119ae                DebugMon_Handler
 .text.PendSV_Handler
                0x080119bc        0xe ./Core/Src/stm32f4xx_it.o
                0x080119bc                PendSV_Handler
 .text.SysTick_Handler
                0x080119ca        0xc ./Core/Src/stm32f4xx_it.o
                0x080119ca                SysTick_Handler
 *fill*         0x080119d6        0x2 
 .text._sbrk    0x080119d8       0x6c ./Core/Src/sysmem.o
                0x080119d8                _sbrk
 .text.SystemInit
                0x08011a44       0x24 ./Core/Src/system_stm32f4xx.o
                0x08011a44                SystemInit
 .text.Reset_Handler
                0x08011a68       0x50 ./Core/Startup/startup_stm32f407vgtx.o
                0x08011a68                Reset_Handler
 .text.Default_Handler
                0x08011ab8        0x2 ./Core/Startup/startup_stm32f407vgtx.o
                0x08011ab8                RTC_Alarm_IRQHandler
                0x08011ab8                HASH_RNG_IRQHandler
                0x08011ab8                EXTI2_IRQHandler
                0x08011ab8                TIM8_CC_IRQHandler
                0x08011ab8                TIM1_CC_IRQHandler
                0x08011ab8                DMA2_Stream5_IRQHandler
                0x08011ab8                DMA1_Stream5_IRQHandler
                0x08011ab8                PVD_IRQHandler
                0x08011ab8                SDIO_IRQHandler
                0x08011ab8                TAMP_STAMP_IRQHandler
                0x08011ab8                CAN2_RX1_IRQHandler
                0x08011ab8                EXTI3_IRQHandler
                0x08011ab8                TIM8_TRG_COM_TIM14_IRQHandler
                0x08011ab8                TIM1_UP_TIM10_IRQHandler
                0x08011ab8                TIM8_UP_TIM13_IRQHandler
                0x08011ab8                I2C3_ER_IRQHandler
                0x08011ab8                EXTI0_IRQHandler
                0x08011ab8                I2C2_EV_IRQHandler
                0x08011ab8                DMA1_Stream2_IRQHandler
                0x08011ab8                CAN1_RX0_IRQHandler
                0x08011ab8                FPU_IRQHandler
                0x08011ab8                OTG_HS_WKUP_IRQHandler
                0x08011ab8                CAN2_SCE_IRQHandler
                0x08011ab8                DMA2_Stream2_IRQHandler
                0x08011ab8                SPI1_IRQHandler
                0x08011ab8                TIM6_DAC_IRQHandler
                0x08011ab8                TIM1_BRK_TIM9_IRQHandler
                0x08011ab8                DCMI_IRQHandler
                0x08011ab8                CAN2_RX0_IRQHandler
                0x08011ab8                DMA2_Stream3_IRQHandler
                0x08011ab8                USART6_IRQHandler
                0x08011ab8                USART3_IRQHandler
                0x08011ab8                CAN1_RX1_IRQHandler
                0x08011ab8                UART5_IRQHandler
                0x08011ab8                DMA2_Stream0_IRQHandler
                0x08011ab8                TIM4_IRQHandler
                0x08011ab8                I2C1_EV_IRQHandler
                0x08011ab8                DMA1_Stream6_IRQHandler
                0x08011ab8                DMA1_Stream1_IRQHandler
                0x08011ab8                UART4_IRQHandler
                0x08011ab8                TIM3_IRQHandler
                0x08011ab8                RCC_IRQHandler
                0x08011ab8                TIM8_BRK_TIM12_IRQHandler
                0x08011ab8                Default_Handler
                0x08011ab8                EXTI15_10_IRQHandler
                0x08011ab8                ADC_IRQHandler
                0x08011ab8                DMA1_Stream7_IRQHandler
                0x08011ab8                TIM7_IRQHandler
                0x08011ab8                CAN2_TX_IRQHandler
                0x08011ab8                TIM5_IRQHandler
                0x08011ab8                DMA2_Stream7_IRQHandler
                0x08011ab8                I2C3_EV_IRQHandler
                0x08011ab8                EXTI9_5_IRQHandler
                0x08011ab8                RTC_WKUP_IRQHandler
                0x08011ab8                ETH_WKUP_IRQHandler
                0x08011ab8                SPI2_IRQHandler
                0x08011ab8                OTG_HS_EP1_IN_IRQHandler
                0x08011ab8                DMA1_Stream0_IRQHandler
                0x08011ab8                CAN1_TX_IRQHandler
                0x08011ab8                EXTI4_IRQHandler
                0x08011ab8                FSMC_IRQHandler
                0x08011ab8                ETH_IRQHandler
                0x08011ab8                OTG_HS_EP1_OUT_IRQHandler
                0x08011ab8                WWDG_IRQHandler
                0x08011ab8                TIM2_IRQHandler
                0x08011ab8                OTG_FS_WKUP_IRQHandler
                0x08011ab8                TIM1_TRG_COM_TIM11_IRQHandler
                0x08011ab8                OTG_HS_IRQHandler
                0x08011ab8                EXTI1_IRQHandler
                0x08011ab8                USART2_IRQHandler
                0x08011ab8                I2C2_ER_IRQHandler
                0x08011ab8                DMA2_Stream1_IRQHandler
                0x08011ab8                CAN1_SCE_IRQHandler
                0x08011ab8                FLASH_IRQHandler
                0x08011ab8                DMA2_Stream4_IRQHandler
                0x08011ab8                USART1_IRQHandler
                0x08011ab8                OTG_FS_IRQHandler
                0x08011ab8                SPI3_IRQHandler
                0x08011ab8                DMA1_Stream4_IRQHandler
                0x08011ab8                I2C1_ER_IRQHandler
                0x08011ab8                DMA2_Stream6_IRQHandler
                0x08011ab8                DMA1_Stream3_IRQHandler
 *fill*         0x08011aba        0x2 
 .text.HAL_Init
                0x08011abc       0x44 ./Drivers/STM32F4xx_HAL_Driver/Src/stm32f4xx_hal.o
                0x08011abc                HAL_Init
 .text.HAL_InitTick
                0x08011b00       0x60 ./Drivers/STM32F4xx_HAL_Driver/Src/stm32f4xx_hal.o
                0x08011b00                HAL_InitTick
 .text.HAL_IncTick
                0x08011b60       0x28 ./Drivers/STM32F4xx_HAL_Driver/Src/stm32f4xx_hal.o
                0x08011b60                HAL_IncTick
 .text.HAL_GetTick
                0x08011b88       0x18 ./Drivers/STM32F4xx_HAL_Driver/Src/stm32f4xx_hal.o
                0x08011b88                HAL_GetTick
 .text.__NVIC_SetPriorityGrouping
                0x08011ba0       0x48 ./Drivers/STM32F4xx_HAL_Driver/Src/stm32f4xx_hal_cortex.o
 .text.__NVIC_GetPriorityGrouping
                0x08011be8       0x1c ./Drivers/STM32F4xx_HAL_Driver/Src/stm32f4xx_hal_cortex.o
 .text.__NVIC_SetPriority
                0x08011c04       0x54 ./Drivers/STM32F4xx_HAL_Driver/Src/stm32f4xx_hal_cortex.o
 .text.NVIC_EncodePriority
                0x08011c58       0x66 ./Drivers/STM32F4xx_HAL_Driver/Src/stm32f4xx_hal_cortex.o
 *fill*         0x08011cbe        0x2 
 .text.SysTick_Config
                0x08011cc0       0x44 ./Drivers/STM32F4xx_HAL_Driver/Src/stm32f4xx_hal_cortex.o
 .text.HAL_NVIC_SetPriorityGrouping
                0x08011d04       0x16 ./Drivers/STM32F4xx_HAL_Driver/Src/stm32f4xx_hal_cortex.o
                0x08011d04                HAL_NVIC_SetPriorityGrouping
 .text.HAL_NVIC_SetPriority
                0x08011d1a       0x38 ./Drivers/STM32F4xx_HAL_Driver/Src/stm32f4xx_hal_cortex.o
                0x08011d1a                HAL_NVIC_SetPriority
 .text.HAL_SYSTICK_Config
                0x08011d52       0x18 ./Drivers/STM32F4xx_HAL_Driver/Src/stm32f4xx_hal_cortex.o
                0x08011d52                HAL_SYSTICK_Config
 .text.HAL_CRC_Init
                0x08011d6a       0x38 ./Drivers/STM32F4xx_HAL_Driver/Src/stm32f4xx_hal_crc.o
                0x08011d6a                HAL_CRC_Init
 *fill*         0x08011da2        0x2 
 .text.HAL_GPIO_Init
                0x08011da4      0x338 ./Drivers/STM32F4xx_HAL_Driver/Src/stm32f4xx_hal_gpio.o
                0x08011da4                HAL_GPIO_Init
 .text.HAL_GPIO_WritePin
                0x080120dc       0x32 ./Drivers/STM32F4xx_HAL_Driver/Src/stm32f4xx_hal_gpio.o
                0x080120dc                HAL_GPIO_WritePin
 *fill*         0x0801210e        0x2 
 .text.HAL_RCC_OscConfig
                0x08012110      0x4f0 ./Drivers/STM32F4xx_HAL_Driver/Src/stm32f4xx_hal_rcc.o
                0x08012110                HAL_RCC_OscConfig
 .text.HAL_RCC_ClockConfig
                0x08012600      0x1cc ./Drivers/STM32F4xx_HAL_Driver/Src/stm32f4xx_hal_rcc.o
                0x08012600                HAL_RCC_ClockConfig
 .text.HAL_RCC_GetSysClockFreq
                0x080127cc      0x20c ./Drivers/STM32F4xx_HAL_Driver/Src/stm32f4xx_hal_rcc.o
                0x080127cc                HAL_RCC_GetSysClockFreq
 .text.HAL_RCC_GetHCLKFreq
                0x080129d8       0x18 ./Drivers/STM32F4xx_HAL_Driver/Src/stm32f4xx_hal_rcc.o
                0x080129d8                HAL_RCC_GetHCLKFreq
 .text.HAL_RCC_GetPCLK1Freq
                0x080129f0       0x28 ./Drivers/STM32F4xx_HAL_Driver/Src/stm32f4xx_hal_rcc.o
                0x080129f0                HAL_RCC_GetPCLK1Freq
 .text.HAL_RCC_GetPCLK2Freq
                0x08012a18       0x28 ./Drivers/STM32F4xx_HAL_Driver/Src/stm32f4xx_hal_rcc.o
                0x08012a18                HAL_RCC_GetPCLK2Freq
 .text.HAL_TIM_Base_Init
                0x08012a40       0x9e ./Drivers/STM32F4xx_HAL_Driver/Src/stm32f4xx_hal_tim.o
                0x08012a40                HAL_TIM_Base_Init
 *fill*         0x08012ade        0x2 
 .text.HAL_TIM_Base_Start
                0x08012ae0       0xd0 ./Drivers/STM32F4xx_HAL_Driver/Src/stm32f4xx_hal_tim.o
                0x08012ae0                HAL_TIM_Base_Start
 .text.TIM_Base_SetConfig
                0x08012bb0      0x14c ./Drivers/STM32F4xx_HAL_Driver/Src/stm32f4xx_hal_tim.o
                0x08012bb0                TIM_Base_SetConfig
 .text.HAL_TIMEx_MasterConfigSynchronization
                0x08012cfc       0xf8 ./Drivers/STM32F4xx_HAL_Driver/Src/stm32f4xx_hal_tim_ex.o
                0x08012cfc                HAL_TIMEx_MasterConfigSynchronization
 .text.HAL_UART_Init
                0x08012df4       0xa0 ./Drivers/STM32F4xx_HAL_Driver/Src/stm32f4xx_hal_uart.o
                0x08012df4                HAL_UART_Init
 .text.HAL_UART_Transmit
                0x08012e94      0x116 ./Drivers/STM32F4xx_HAL_Driver/Src/stm32f4xx_hal_uart.o
                0x08012e94                HAL_UART_Transmit
 .text.UART_WaitOnFlagUntilTimeout
                0x08012faa       0xb2 ./Drivers/STM32F4xx_HAL_Driver/Src/stm32f4xx_hal_uart.o
 .text.UART_EndRxTransfer
                0x0801305c       0xc6 ./Drivers/STM32F4xx_HAL_Driver/Src/stm32f4xx_hal_uart.o
 *fill*         0x08013122        0x2 
 .text.UART_SetConfig
                0x08013124      0x4e8 ./Drivers/STM32F4xx_HAL_Driver/Src/stm32f4xx_hal_uart.o
 .text.small_16_16_configure_activations
                0x0801360c      0x264 ./X-CUBE-AI/App/small_16_16.o
 .text.small_16_16_configure_weights
                0x08013870      0x184 ./X-CUBE-AI/App/small_16_16.o
 .text.ai_small_16_16_get_report
                0x080139f4       0xe0 ./X-CUBE-AI/App/small_16_16.o
                0x080139f4                ai_small_16_16_get_report
 .text.ai_small_16_16_get_error
                0x08013ad4       0x18 ./X-CUBE-AI/App/small_16_16.o
                0x08013ad4                ai_small_16_16_get_error
 .text.ai_small_16_16_create
                0x08013aec       0x2c ./X-CUBE-AI/App/small_16_16.o
                0x08013aec                ai_small_16_16_create
 .text.ai_small_16_16_create_and_init
                0x08013b18       0xfc ./X-CUBE-AI/App/small_16_16.o
                0x08013b18                ai_small_16_16_create_and_init
 .text.ai_small_16_16_inputs_get
                0x08013c14       0x34 ./X-CUBE-AI/App/small_16_16.o
                0x08013c14                ai_small_16_16_inputs_get
 .text.ai_small_16_16_outputs_get
                0x08013c48       0x34 ./X-CUBE-AI/App/small_16_16.o
                0x08013c48                ai_small_16_16_outputs_get
 .text.ai_small_16_16_init
                0x08013c7c       0x78 ./X-CUBE-AI/App/small_16_16.o
                0x08013c7c                ai_small_16_16_init
 .text.ai_small_16_16_run
                0x08013cf4       0x20 ./X-CUBE-AI/App/small_16_16.o
                0x08013cf4                ai_small_16_16_run
 .text.ai_small_16_16_data_params_get
                0x08013d14       0x50 ./X-CUBE-AI/App/small_16_16_data.o
                0x08013d14                ai_small_16_16_data_params_get
 .text.ai_buffer_get_size
                0x08013d64       0x64 ../Middlewares/ST/AI/Lib/NetworkRuntime1020_CM4_GCC.a(ai_platform.o)
                0x08013d64                ai_buffer_get_size
 .text.ai_buffer_array_sane
                0x08013dc8       0x14 ../Middlewares/ST/AI/Lib/NetworkRuntime1020_CM4_GCC.a(ai_platform.o)
                0x08013dc8                ai_buffer_array_sane
 .text.ai_buffer_array_item_set_address
                0x08013ddc       0x1c ../Middlewares/ST/AI/Lib/NetworkRuntime1020_CM4_GCC.a(ai_platform.o)
                0x08013ddc                ai_buffer_array_item_set_address
 .text.ai_platform_get_weights_map
                0x08013df8       0xa4 ../Middlewares/ST/AI/Lib/NetworkRuntime1020_CM4_GCC.a(ai_platform_interface.o)
                0x08013df8                ai_platform_get_weights_map
 .text.ai_platform_get_activations_map
                0x08013e9c       0xa8 ../Middlewares/ST/AI/Lib/NetworkRuntime1020_CM4_GCC.a(ai_platform_interface.o)
                0x08013e9c                ai_platform_get_activations_map
 .text.ai_platform_bind_network_params
                0x08013f44       0x44 ../Middlewares/ST/AI/Lib/NetworkRuntime1020_CM4_GCC.a(ai_platform_interface.o)
                0x08013f44                ai_platform_bind_network_params
 .text.ai_platform_runtime_get_revision
                0x08013f88        0x8 ../Middlewares/ST/AI/Lib/NetworkRuntime1020_CM4_GCC.a(ai_platform_interface.o)
                0x08013f88                ai_platform_runtime_get_revision
 .text.ai_platform_runtime_get_version
                0x08013f90       0x2c ../Middlewares/ST/AI/Lib/NetworkRuntime1020_CM4_GCC.a(ai_platform_interface.o)
                0x08013f90                ai_platform_runtime_get_version
 .text.ai_platform_api_get_version
                0x08013fbc       0x2c ../Middlewares/ST/AI/Lib/NetworkRuntime1020_CM4_GCC.a(ai_platform_interface.o)
                0x08013fbc                ai_platform_api_get_version
 .text.ai_platform_interface_api_get_version
                0x08013fe8       0x2c ../Middlewares/ST/AI/Lib/NetworkRuntime1020_CM4_GCC.a(ai_platform_interface.o)
                0x08013fe8                ai_platform_interface_api_get_version
 .text.ai_platform_context_acquire
                0x08014014       0x10 ../Middlewares/ST/AI/Lib/NetworkRuntime1020_CM4_GCC.a(ai_platform_interface.o)
                0x08014014                ai_platform_context_acquire
 .text.ai_platform_network_get_error
                0x08014024       0x18 ../Middlewares/ST/AI/Lib/NetworkRuntime1020_CM4_GCC.a(ai_platform_interface.o)
                0x08014024                ai_platform_network_get_error
 .text.ai_platform_network_set_error
                0x0801403c        0xc ../Middlewares/ST/AI/Lib/NetworkRuntime1020_CM4_GCC.a(ai_platform_interface.o)
                0x0801403c                ai_platform_network_set_error
 .text.ai_platform_inputs_get
                0x08014048       0xec ../Middlewares/ST/AI/Lib/NetworkRuntime1020_CM4_GCC.a(ai_platform_interface.o)
                0x08014048                ai_platform_inputs_get
 .text.ai_platform_outputs_get
                0x08014134       0xe4 ../Middlewares/ST/AI/Lib/NetworkRuntime1020_CM4_GCC.a(ai_platform_interface.o)
                0x08014134                ai_platform_outputs_get
 .text.ai_platform_api_get_network_report
                0x08014218      0x354 ../Middlewares/ST/AI/Lib/NetworkRuntime1020_CM4_GCC.a(ai_platform_interface.o)
                0x08014218                ai_platform_api_get_network_report
 .text.ai_platform_network_create
                0x0801456c       0x84 ../Middlewares/ST/AI/Lib/NetworkRuntime1020_CM4_GCC.a(ai_platform_interface.o)
                0x0801456c                ai_platform_network_create
 .text.ai_platform_network_init
                0x080145f0      0x130 ../Middlewares/ST/AI/Lib/NetworkRuntime1020_CM4_GCC.a(ai_platform_interface.o)
                0x080145f0                ai_platform_network_init
 .text.ai_platform_network_post_init
                0x08014720       0x5c ../Middlewares/ST/AI/Lib/NetworkRuntime1020_CM4_GCC.a(ai_platform_interface.o)
                0x08014720                ai_platform_network_post_init
 .text.ai_platform_network_process
                0x0801477c      0x438 ../Middlewares/ST/AI/Lib/NetworkRuntime1020_CM4_GCC.a(ai_platform_interface.o)
                0x0801477c                ai_platform_network_process
 .text.core_init
                0x08014bb4        0x4 ../Middlewares/ST/AI/Lib/NetworkRuntime1020_CM4_GCC.a(core_common.o)
                0x08014bb4                core_init
 .text.core_get_error
                0x08014bb8        0xc ../Middlewares/ST/AI/Lib/NetworkRuntime1020_CM4_GCC.a(core_common.o)
                0x08014bb8                core_get_error
 .text.core_set_error
                0x08014bc4       0x18 ../Middlewares/ST/AI/Lib/NetworkRuntime1020_CM4_GCC.a(core_common.o)
                0x08014bc4                core_set_error
 .text.ai_check_custom_types
                0x08014bdc       0x54 ../Middlewares/ST/AI/Lib/NetworkRuntime1020_CM4_GCC.a(layers.o)
                0x08014bdc                ai_check_custom_types
 .text.ai_layers_init_all
                0x08014c30       0x20 ../Middlewares/ST/AI/Lib/NetworkRuntime1020_CM4_GCC.a(layers.o)
                0x08014c30                ai_layers_init_all
 .text.ai_layers_post_init_all
                0x08014c50       0x3c ../Middlewares/ST/AI/Lib/NetworkRuntime1020_CM4_GCC.a(layers.o)
                0x08014c50                ai_layers_post_init_all
 .text.ai_layers_forward_all
                0x08014c8c       0x90 ../Middlewares/ST/AI/Lib/NetworkRuntime1020_CM4_GCC.a(layers.o)
                0x08014c8c                ai_layers_forward_all
 .text.func_dummy
                0x08014d1c        0x4 ../Middlewares/ST/AI/Lib/NetworkRuntime1020_CM4_GCC.a(layers_conv2d_sssa8_ch.o)
 .text.forward_conv2d_deep_3x3_sssa8_ch_nl_pool
                0x08014d20      0x4ac ../Middlewares/ST/AI/Lib/NetworkRuntime1020_CM4_GCC.a(layers_conv2d_sssa8_ch.o)
                0x08014d20                forward_conv2d_deep_3x3_sssa8_ch_nl_pool
 .text.forward_conv2d_sssa8_ch_nl_pool
                0x080151cc      0x514 ../Middlewares/ST/AI/Lib/NetworkRuntime1020_CM4_GCC.a(layers_conv2d_sssa8_ch.o)
                0x080151cc                forward_conv2d_sssa8_ch_nl_pool
 .text.forward_dense_integer_SSSA
                0x080156e0      0x1dc ../Middlewares/ST/AI/Lib/NetworkRuntime1020_CM4_GCC.a(layers_conv2d_stm32_integer.o)
                0x080156e0                forward_dense_integer_SSSA
 .text.forward_pad
                0x080158bc       0x20 ../Middlewares/ST/AI/Lib/NetworkRuntime1020_CM4_GCC.a(layers_generic_float.o)
                0x080158bc                forward_pad
 .text.forward_transpose
                0x080158dc      0x168 ../Middlewares/ST/AI/Lib/NetworkRuntime1020_CM4_GCC.a(layers_generic_float.o)
                0x080158dc                forward_transpose
 .text.forward_nl_integer
                0x08015a44       0xa0 ../Middlewares/ST/AI/Lib/NetworkRuntime1020_CM4_GCC.a(layers_nl_stm32_integer.o)
                0x08015a44                forward_nl_integer
 .text.forward_pad_8bit_ch1st_3x3_constant
                0x08015ae4       0x94 ../Middlewares/ST/AI/Lib/NetworkRuntime1020_CM4_GCC.a(layers_pad_generic.o)
                0x08015ae4                forward_pad_8bit_ch1st_3x3_constant
 .text.forward_pad_constant
                0x08015b78       0x8c ../Middlewares/ST/AI/Lib/NetworkRuntime1020_CM4_GCC.a(layers_pad_generic.o)
                0x08015b78                forward_pad_constant
 .text.forward_pad_edge
                0x08015c04       0x80 ../Middlewares/ST/AI/Lib/NetworkRuntime1020_CM4_GCC.a(layers_pad_generic.o)
                0x08015c04                forward_pad_edge
 .text.forward_pad_reflect
                0x08015c84       0xa0 ../Middlewares/ST/AI/Lib/NetworkRuntime1020_CM4_GCC.a(layers_pad_generic.o)
                0x08015c84                forward_pad_reflect
 .text.pool_func_mp_array_integer_INT8
                0x08015d24      0x1b0 ../Middlewares/ST/AI/Lib/NetworkRuntime1020_CM4_GCC.a(layers_pool_stm32_integer.o)
                0x08015d24                pool_func_mp_array_integer_INT8
 .text.forward_lite_dense_is8os8ws8
                0x08015ed4       0x84 ../Middlewares/ST/AI/Lib/NetworkRuntime1020_CM4_GCC.a(forward_lite_dense_is8os8ws8.o)
                0x08015ed4                forward_lite_dense_is8os8ws8
 .text.forward_lite_maxpool_is8os8_scalepos
                0x08015f58      0x1c8 ../Middlewares/ST/AI/Lib/NetworkRuntime1020_CM4_GCC.a(forward_lite_maxpool_is8os8_scalepos.o)
                0x08015f58                forward_lite_maxpool_is8os8_scalepos
 .text.forward_lite_conv2d_deep_3x3_sssa8_ch
                0x08016120      0x13c ../Middlewares/ST/AI/Lib/NetworkRuntime1020_CM4_GCC.a(forward_lite_conv2d_sssa8_ch.o)
                0x08016120                forward_lite_conv2d_deep_3x3_sssa8_ch
 .text.forward_lite_conv2d_sssa8_ch
                0x0801625c      0xa3c ../Middlewares/ST/AI/Lib/NetworkRuntime1020_CM4_GCC.a(forward_lite_conv2d_sssa8_ch.o)
                0x0801625c                forward_lite_conv2d_sssa8_ch
 .text.forward_lite_maxpool_is8os8_scaleneg
                0x08016c98      0x1c4 ../Middlewares/ST/AI/Lib/NetworkRuntime1020_CM4_GCC.a(forward_lite_maxpool_is8os8.o)
                0x08016c98                forward_lite_maxpool_is8os8_scaleneg
 .text.forward_lite_pad_8bit_ch1st_3x3_constant_P0022
                0x08016e5c       0x60 ../Middlewares/ST/AI/Lib/NetworkRuntime1020_CM4_GCC.a(forward_lite_pad_generic.o)
                0x08016e5c                forward_lite_pad_8bit_ch1st_3x3_constant_P0022
 .text.forward_lite_pad_8bit_ch1st_3x3_constant_P1111
                0x08016ebc      0x184 ../Middlewares/ST/AI/Lib/NetworkRuntime1020_CM4_GCC.a(forward_lite_pad_generic.o)
                0x08016ebc                forward_lite_pad_8bit_ch1st_3x3_constant_P1111
 .text.forward_lite_pad_constant
                0x08017040      0x13c ../Middlewares/ST/AI/Lib/NetworkRuntime1020_CM4_GCC.a(forward_lite_pad_generic.o)
                0x08017040                forward_lite_pad_constant
 .text.forward_lite_pad_edge
                0x0801717c       0xe4 ../Middlewares/ST/AI/Lib/NetworkRuntime1020_CM4_GCC.a(forward_lite_pad_generic.o)
                0x0801717c                forward_lite_pad_edge
 .text.forward_lite_pad_reflect
                0x08017260      0x154 ../Middlewares/ST/AI/Lib/NetworkRuntime1020_CM4_GCC.a(forward_lite_pad_generic.o)
                0x08017260                forward_lite_pad_reflect
 .text.align_factor
                0x080173b4       0xa8 ../Middlewares/ST/AI/Lib/NetworkRuntime1020_CM4_GCC.a(st_align_factor.o)
                0x080173b4                align_factor
 .text.align_factor_ch
                0x0801745c       0x60 ../Middlewares/ST/AI/Lib/NetworkRuntime1020_CM4_GCC.a(st_align_factor.o)
                0x0801745c                align_factor_ch
 .text.st_int8_to16_no_shift
                0x080174bc       0xc4 ../Middlewares/ST/AI/Lib/NetworkRuntime1020_CM4_GCC.a(st_int8_to16_no_shift.o)
                0x080174bc                st_int8_to16_no_shift
 .text.st_int8_to16_no_shift_interleaved
                0x08017580       0x84 ../Middlewares/ST/AI/Lib/NetworkRuntime1020_CM4_GCC.a(st_int8_to16_no_shift.o)
                0x08017580                st_int8_to16_no_shift_interleaved
 .text.st_int8_to16_dual
                0x08017604      0x1d8 ../Middlewares/ST/AI/Lib/NetworkRuntime1020_CM4_GCC.a(st_int8_to16_no_shift.o)
                0x08017604                st_int8_to16_dual
 .text.st_int8_to16_dual_interleaved
                0x080177dc      0x174 ../Middlewares/ST/AI/Lib/NetworkRuntime1020_CM4_GCC.a(st_int8_to16_no_shift.o)
                0x080177dc                st_int8_to16_dual_interleaved
 .text.ai_padding_opt_init
                0x08017950       0xb0 ../Middlewares/ST/AI/Lib/NetworkRuntime1020_CM4_GCC.a(st_padding_opt.o)
                0x08017950                ai_padding_opt_init
 .text.ai_padding_opt_phase1
                0x08017a00       0x34 ../Middlewares/ST/AI/Lib/NetworkRuntime1020_CM4_GCC.a(st_padding_opt.o)
                0x08017a00                ai_padding_opt_phase1
 .text.st_int16_fill
                0x08017a34       0x40 ../Middlewares/ST/AI/Lib/NetworkRuntime1020_CM4_GCC.a(st_int16_fill.o)
                0x08017a34                st_int16_fill
 .text.st_sssa8_ch_convolve_rank1upd
                0x08017a74      0x128 ../Middlewares/ST/AI/Lib/NetworkRuntime1020_CM4_GCC.a(st_sssa8_ch_convolve.o)
                0x08017a74                st_sssa8_ch_convolve_rank1upd
 .text.st_sssa8_fully_connected
                0x08017b9c      0x368 ../Middlewares/ST/AI/Lib/NetworkRuntime1020_CM4_GCC.a(st_sssa8_dense.o)
                0x08017b9c                st_sssa8_fully_connected
 .text.st_int8_copy
                0x08017f04      0x13c ../Middlewares/ST/AI/Lib/NetworkRuntime1020_CM4_GCC.a(st_int8_fill.o)
                0x08017f04                st_int8_copy
 .text.st_int8_fill
                0x08018040       0x80 ../Middlewares/ST/AI/Lib/NetworkRuntime1020_CM4_GCC.a(st_int8_fill.o)
                0x08018040                st_int8_fill
 .text.st_int8_reordered_no_shift_zero
                0x080180c0       0x68 ../Middlewares/ST/AI/Lib/NetworkRuntime1020_CM4_GCC.a(st_int8_reordered_no_shift.o)
                0x080180c0                st_int8_reordered_no_shift_zero
 .text.st_sssa8_ch_nn_mat_mult_kernel_single_opt
                0x08018128      0x344 ../Middlewares/ST/AI/Lib/NetworkRuntime1020_CM4_GCC.a(st_sssa8_ch_nn_mat_mult_kernel_single_opt.o)
                0x08018128                st_sssa8_ch_nn_mat_mult_kernel_single_opt
 *fill*         0x0801846c        0x4 
 .text.st_sssa8_dense_memopt_loop
                0x08018470      0x794 ../Middlewares/ST/AI/Lib/NetworkRuntime1020_CM4_GCC.a(st_sssa8_dense_loop.o)
                0x08018470                st_sssa8_dense_loop
                0x08018820                st_sssa8_dense_memopt_loop
 *fill*         0x08018c04     0x73fc 
 .text.st_sssa8_ch_nn_mat_mult_deep_conv2d_3x3
                0x08020000      0xb30 ../Middlewares/ST/AI/Lib/NetworkRuntime1020_CM4_GCC.a(st_sssa8_ch_nn_mat_mult_deep_conv2d_3x3.o)
                0x08020000                st_sssa8_ch_nn_mat_mult_deep_conv2d_3x3
 .text.st_sssa8_ch_nn_mat_mult_kernel_opt
                0x08020b30      0x33c ../Middlewares/ST/AI/Lib/NetworkRuntime1020_CM4_GCC.a(st_sssa8_ch_nn_mat_mult_kernel_opt.o)
                0x08020b30                st_sssa8_ch_nn_mat_mult_kernel_opt
 .text.ai_array_to_buffer_fmt
                0x08020e6c       0xe0 ../Middlewares/ST/AI/Lib/NetworkRuntime1020_CM4_GCC.a(ai_datatypes_format.o)
                0x08020e6c                ai_array_to_buffer_fmt
 .text.ai_array_get_byte_size
                0x08020f4c       0x3c ../Middlewares/ST/AI/Lib/NetworkRuntime1020_CM4_GCC.a(ai_datatypes_format.o)
                0x08020f4c                ai_array_get_byte_size
 .text.ai_array_get_data_byte_size
                0x08020f88       0x24 ../Middlewares/ST/AI/Lib/NetworkRuntime1020_CM4_GCC.a(ai_datatypes_format.o)
                0x08020f88                ai_array_get_data_byte_size
 .text.ai_version_get
                0x08020fac        0xc ../Middlewares/ST/AI/Lib/NetworkRuntime1020_CM4_GCC.a(ai_datatypes_internal.o)
                0x08020fac                ai_version_get
 .text.ai_platform_version_get
                0x08020fb8       0x24 ../Middlewares/ST/AI/Lib/NetworkRuntime1020_CM4_GCC.a(ai_datatypes_internal.o)
                0x08020fb8                ai_platform_version_get
 .text.get_tensor_byte_size
                0x08020fdc       0x30 ../Middlewares/ST/AI/Lib/NetworkRuntime1020_CM4_GCC.a(ai_datatypes_internal.o)
                0x08020fdc                get_tensor_byte_size
 .text.core_tensor_clone
                0x0802100c       0x64 ../Middlewares/ST/AI/Lib/NetworkRuntime1020_CM4_GCC.a(core_utils.o)
                0x0802100c                core_tensor_clone
 .text.core_array_clone
                0x08021070        0xc ../Middlewares/ST/AI/Lib/NetworkRuntime1020_CM4_GCC.a(core_utils.o)
                0x08021070                core_array_clone
 .text.malloc   0x0802107c       0x10 /opt/st/stm32cubeide_2.0.0/plugins/com.st.stm32cube.ide.mcu.externaltools.gnu-tools-for-stm32.13.3.rel1.linux64_1.0.100.202509120712/tools/bin/../lib/gcc/arm-none-eabi/13.3.1/../../../../arm-none-eabi/lib/thumb/v7e-m+fp/hard/libc_nano.a(libc_a-malloc.o)
                0x0802107c                malloc
 .text.sbrk_aligned
                0x0802108c       0x44 /opt/st/stm32cubeide_2.0.0/plugins/com.st.stm32cube.ide.mcu.externaltools.gnu-tools-for-stm32.13.3.rel1.linux64_1.0.100.202509120712/tools/bin/../lib/gcc/arm-none-eabi/13.3.1/../../../../arm-none-eabi/lib/thumb/v7e-m+fp/hard/libc_nano.a(libc_a-mallocr.o)
 .text._malloc_r
                0x080210d0      0x100 /opt/st/stm32cubeide_2.0.0/plugins/com.st.stm32cube.ide.mcu.externaltools.gnu-tools-for-stm32.13.3.rel1.linux64_1.0.100.202509120712/tools/bin/../lib/gcc/arm-none-eabi/13.3.1/../../../../arm-none-eabi/lib/thumb/v7e-m+fp/hard/libc_nano.a(libc_a-mallocr.o)
                0x080210d0                _malloc_r
 .text.__malloc_lock
                0x080211d0        0xc /opt/st/stm32cubeide_2.0.0/plugins/com.st.stm32cube.ide.mcu.externaltools.gnu-tools-for-stm32.13.3.rel1.linux64_1.0.100.202509120712/tools/bin/../lib/gcc/arm-none-eabi/13.3.1/../../../../arm-none-eabi/lib/thumb/v7e-m+fp/hard/libc_nano.a(libc_a-mlock.o)
                0x080211d0                __malloc_lock
 .text.__malloc_unlock
                0x080211dc        0xc /opt/st/stm32cubeide_2.0.0/plugins/com.st.stm32cube.ide.mcu.externaltools.gnu-tools-for-stm32.13.3.rel1.linux64_1.0.100.202509120712/tools/bin/../lib/gcc/arm-none-eabi/13.3.1/../../../../arm-none-eabi/lib/thumb/v7e-m+fp/hard/libc_nano.a(libc_a-mlock.o)
                0x080211dc                __malloc_unlock
 .text.srand    0x080211e8       0x5c /opt/st/stm32cubeide_2.0.0/plugins/com.st.stm32cube.ide.mcu.externaltools.gnu-tools-for-stm32.13.3.rel1.linux64_1.0.100.202509120712/tools/bin/../lib/gcc/arm-none-eabi/13.3.1/../../../../arm-none-eabi/lib/thumb/v7e-m+fp/hard/libc_nano.a(libc_a-rand.o)
                0x080211e8                srand
 .text._realloc_r
                0x08021244       0x5c /opt/st/stm32cubeide_2.0.0/plugins/com.st.stm32cube.ide.mcu.externaltools.gnu-tools-for-stm32.13.3.rel1.linux64_1.0.100.202509120712/tools/bin/../lib/gcc/arm-none-eabi/13.3.1/../../../../arm-none-eabi/lib/thumb/v7e-m+fp/hard/libc_nano.a(libc_a-reallocr.o)
                0x08021244                _realloc_r
 .text.__cvt    0x080212a0       0xca /opt/st/stm32cubeide_2.0.0/plugins/com.st.stm32cube.ide.mcu.externaltools.gnu-tools-for-stm32.13.3.rel1.linux64_1.0.100.202509120712/tools/bin/../lib/gcc/arm-none-eabi/13.3.1/../../../../arm-none-eabi/lib/thumb/v7e-m+fp/hard/libc_nano.a(libc_a-nano-vfprintf_float.o)
                0x080212a0                __cvt
 .text.__exponent
                0x0802136a       0x74 /opt/st/stm32cubeide_2.0.0/plugins/com.st.stm32cube.ide.mcu.externaltools.gnu-tools-for-stm32.13.3.rel1.linux64_1.0.100.202509120712/tools/bin/../lib/gcc/arm-none-eabi/13.3.1/../../../../arm-none-eabi/lib/thumb/v7e-m+fp/hard/libc_nano.a(libc_a-nano-vfprintf_float.o)
                0x0802136a                __exponent
 *fill*         0x080213de        0x2 
 .text._printf_float
                0x080213e0      0x454 /opt/st/stm32cubeide_2.0.0/plugins/com.st.stm32cube.ide.mcu.externaltools.gnu-tools-for-stm32.13.3.rel1.linux64_1.0.100.202509120712/tools/bin/../lib/gcc/arm-none-eabi/13.3.1/../../../../arm-none-eabi/lib/thumb/v7e-m+fp/hard/libc_nano.a(libc_a-nano-vfprintf_float.o)
                0x080213e0                _printf_float
 .text._printf_common
                0x08021834       0xda /opt/st/stm32cubeide_2.0.0/plugins/com.st.stm32cube.ide.mcu.externaltools.gnu-tools-for-stm32.13.3.rel1.linux64_1.0.100.202509120712/tools/bin/../lib/gcc/arm-none-eabi/13.3.1/../../../../arm-none-eabi/lib/thumb/v7e-m+fp/hard/libc_nano.a(libc_a-nano-vfprintf_i.o)
                0x08021834                _printf_common
 *fill*         0x0802190e        0x2 
 .text._printf_i
                0x08021910      0x23c /opt/st/stm32cubeide_2.0.0/plugins/com.st.stm32cube.ide.mcu.externaltools.gnu-tools-for-stm32.13.3.rel1.linux64_1.0.100.202509120712/tools/bin/../lib/gcc/arm-none-eabi/13.3.1/../../../../arm-none-eabi/lib/thumb/v7e-m+fp/hard/libc_nano.a(libc_a-nano-vfprintf_i.o)
                0x08021910                _printf_i
 .text.std      0x08021b4c       0x6c /opt/st/stm32cubeide_2.0.0/plugins/com.st.stm32cube.ide.mcu.externaltools.gnu-tools-for-stm32.13.3.rel1.linux64_1.0.100.202509120712/tools/bin/../lib/gcc/arm-none-eabi/13.3.1/../../../../arm-none-eabi/lib/thumb/v7e-m+fp/hard/libc_nano.a(libc_a-findfp.o)
 .text.stdio_exit_handler
                0x08021bb8       0x18 /opt/st/stm32cubeide_2.0.0/plugins/com.st.stm32cube.ide.mcu.externaltools.gnu-tools-for-stm32.13.3.rel1.linux64_1.0.100.202509120712/tools/bin/../lib/gcc/arm-none-eabi/13.3.1/../../../../arm-none-eabi/lib/thumb/v7e-m+fp/hard/libc_nano.a(libc_a-findfp.o)
 .text.cleanup_stdio
                0x08021bd0       0x40 /opt/st/stm32cubeide_2.0.0/plugins/com.st.stm32cube.ide.mcu.externaltools.gnu-tools-for-stm32.13.3.rel1.linux64_1.0.100.202509120712/tools/bin/../lib/gcc/arm-none-eabi/13.3.1/../../../../arm-none-eabi/lib/thumb/v7e-m+fp/hard/libc_nano.a(libc_a-findfp.o)
 .text.global_stdio_init.part.0
                0x08021c10       0x3c /opt/st/stm32cubeide_2.0.0/plugins/com.st.stm32cube.ide.mcu.externaltools.gnu-tools-for-stm32.13.3.rel1.linux64_1.0.100.202509120712/tools/bin/../lib/gcc/arm-none-eabi/13.3.1/../../../../arm-none-eabi/lib/thumb/v7e-m+fp/hard/libc_nano.a(libc_a-findfp.o)
 .text.__sfp_lock_acquire
                0x08021c4c        0xc /opt/st/stm32cubeide_2.0.0/plugins/com.st.stm32cube.ide.mcu.externaltools.gnu-tools-for-stm32.13.3.rel1.linux64_1.0.100.202509120712/tools/bin/../lib/gcc/arm-none-eabi/13.3.1/../../../../arm-none-eabi/lib/thumb/v7e-m+fp/hard/libc_nano.a(libc_a-findfp.o)
                0x08021c4c                __sfp_lock_acquire
 .text.__sfp_lock_release
                0x08021c58        0xc /opt/st/stm32cubeide_2.0.0/plugins/com.st.stm32cube.ide.mcu.externaltools.gnu-tools-for-stm32.13.3.rel1.linux64_1.0.100.202509120712/tools/bin/../lib/gcc/arm-none-eabi/13.3.1/../../../../arm-none-eabi/lib/thumb/v7e-m+fp/hard/libc_nano.a(libc_a-findfp.o)
                0x08021c58                __sfp_lock_release
 .text.__sinit  0x08021c64       0x30 /opt/st/stm32cubeide_2.0.0/plugins/com.st.stm32cube.ide.mcu.externaltools.gnu-tools-for-stm32.13.3.rel1.linux64_1.0.100.202509120712/tools/bin/../lib/gcc/arm-none-eabi/13.3.1/../../../../arm-none-eabi/lib/thumb/v7e-m+fp/hard/libc_nano.a(libc_a-findfp.o)
                0x08021c64                __sinit
 .text._fwalk_sglue
                0x08021c94       0x3c /opt/st/stm32cubeide_2.0.0/plugins/com.st.stm32cube.ide.mcu.externaltools.gnu-tools-for-stm32.13.3.rel1.linux64_1.0.100.202509120712/tools/bin/../lib/gcc/arm-none-eabi/13.3.1/../../../../arm-none-eabi/lib/thumb/v7e-m+fp/hard/libc_nano.a(libc_a-fwalk.o)
                0x08021c94                _fwalk_sglue
 .text.sprintf  0x08021cd0       0x44 /opt/st/stm32cubeide_2.0.0/plugins/com.st.stm32cube.ide.mcu.externaltools.gnu-tools-for-stm32.13.3.rel1.linux64_1.0.100.202509120712/tools/bin/../lib/gcc/arm-none-eabi/13.3.1/../../../../arm-none-eabi/lib/thumb/v7e-m+fp/hard/libc_nano.a(libc_a-sprintf.o)
                0x08021cd0                sprintf
                0x08021cd0                siprintf
 .text.__sread  0x08021d14       0x22 /opt/st/stm32cubeide_2.0.0/plugins/com.st.stm32cube.ide.mcu.externaltools.gnu-tools-for-stm32.13.3.rel1.linux64_1.0.100.202509120712/tools/bin/../lib/gcc/arm-none-eabi/13.3.1/../../../../arm-none-eabi/lib/thumb/v7e-m+fp/hard/libc_nano.a(libc_a-stdio.o)
                0x08021d14                __sread
 .text.__swrite
                0x08021d36       0x38 /opt/st/stm32cubeide_2.0.0/plugins/com.st.stm32cube.ide.mcu.externaltools.gnu-tools-for-stm32.13.3.rel1.linux64_1.0.100.202509120712/tools/bin/../lib/gcc/arm-none-eabi/13.3.1/../../../../arm-none-eabi/lib/thumb/v7e-m+fp/hard/libc_nano.a(libc_a-stdio.o)
                0x08021d36                __swrite
 .text.__sseek  0x08021d6e       0x24 /opt/st/stm32cubeide_2.0.0/plugins/com.st.stm32cube.ide.mcu.externaltools.gnu-tools-for-stm32.13.3.rel1.linux64_1.0.100.202509120712/tools/bin/../lib/gcc/arm-none-eabi/13.3.1/../../../../arm-none-eabi/lib/thumb/v7e-m+fp/hard/libc_nano.a(libc_a-stdio.o)
                0x08021d6e                __sseek
 .text.__sclose
                0x08021d92        0x8 /opt/st/stm32cubeide_2.0.0/plugins/com.st.stm32cube.ide.mcu.externaltools.gnu-tools-for-stm32.13.3.rel1.linux64_1.0.100.202509120712/tools/bin/../lib/gcc/arm-none-eabi/13.3.1/../../../../arm-none-eabi/lib/thumb/v7e-m+fp/hard/libc_nano.a(libc_a-stdio.o)
                0x08021d92                __sclose
 .text.memmove  0x08021d9a       0x34 /opt/st/stm32cubeide_2.0.0/plugins/com.st.stm32cube.ide.mcu.externaltools.gnu-tools-for-stm32.13.3.rel1.linux64_1.0.100.202509120712/tools/bin/../lib/gcc/arm-none-eabi/13.3.1/../../../../arm-none-eabi/lib/thumb/v7e-m+fp/hard/libc_nano.a(libc_a-memmove.o)
                0x08021d9a                memmove
 .text.memset   0x08021dce       0x10 /opt/st/stm32cubeide_2.0.0/plugins/com.st.stm32cube.ide.mcu.externaltools.gnu-tools-for-stm32.13.3.rel1.linux64_1.0.100.202509120712/tools/bin/../lib/gcc/arm-none-eabi/13.3.1/../../../../arm-none-eabi/lib/thumb/v7e-m+fp/hard/libc_nano.a(libc_a-memset.o)
                0x08021dce                memset
 *fill*         0x08021dde        0x2 
 .text._localeconv_r
                0x08021de0        0x8 /opt/st/stm32cubeide_2.0.0/plugins/com.st.stm32cube.ide.mcu.externaltools.gnu-tools-for-stm32.13.3.rel1.linux64_1.0.100.202509120712/tools/bin/../lib/gcc/arm-none-eabi/13.3.1/../../../../arm-none-eabi/lib/thumb/v7e-m+fp/hard/libc_nano.a(libc_a-localeconv.o)
                0x08021de0                _localeconv_r
 .text._close_r
                0x08021de8       0x20 /opt/st/stm32cubeide_2.0.0/plugins/com.st.stm32cube.ide.mcu.externaltools.gnu-tools-for-stm32.13.3.rel1.linux64_1.0.100.202509120712/tools/bin/../lib/gcc/arm-none-eabi/13.3.1/../../../../arm-none-eabi/lib/thumb/v7e-m+fp/hard/libc_nano.a(libc_a-closer.o)
                0x08021de8                _close_r
 .text._lseek_r
                0x08021e08       0x24 /opt/st/stm32cubeide_2.0.0/plugins/com.st.stm32cube.ide.mcu.externaltools.gnu-tools-for-stm32.13.3.rel1.linux64_1.0.100.202509120712/tools/bin/../lib/gcc/arm-none-eabi/13.3.1/../../../../arm-none-eabi/lib/thumb/v7e-m+fp/hard/libc_nano.a(libc_a-lseekr.o)
                0x08021e08                _lseek_r
 .text._read_r  0x08021e2c       0x24 /opt/st/stm32cubeide_2.0.0/plugins/com.st.stm32cube.ide.mcu.externaltools.gnu-tools-for-stm32.13.3.rel1.linux64_1.0.100.202509120712/tools/bin/../lib/gcc/arm-none-eabi/13.3.1/../../../../arm-none-eabi/lib/thumb/v7e-m+fp/hard/libc_nano.a(libc_a-readr.o)
                0x08021e2c                _read_r
 .text._sbrk_r  0x08021e50       0x20 /opt/st/stm32cubeide_2.0.0/plugins/com.st.stm32cube.ide.mcu.externaltools.gnu-tools-for-stm32.13.3.rel1.linux64_1.0.100.202509120712/tools/bin/../lib/gcc/arm-none-eabi/13.3.1/../../../../arm-none-eabi/lib/thumb/v7e-m+fp/hard/libc_nano.a(libc_a-sbrkr.o)
                0x08021e50                _sbrk_r
 .text._write_r
                0x08021e70       0x24 /opt/st/stm32cubeide_2.0.0/plugins/com.st.stm32cube.ide.mcu.externaltools.gnu-tools-for-stm32.13.3.rel1.linux64_1.0.100.202509120712/tools/bin/../lib/gcc/arm-none-eabi/13.3.1/../../../../arm-none-eabi/lib/thumb/v7e-m+fp/hard/libc_nano.a(libc_a-writer.o)
                0x08021e70                _write_r
 .text.__errno  0x08021e94        0xc /opt/st/stm32cubeide_2.0.0/plugins/com.st.stm32cube.ide.mcu.externaltools.gnu-tools-for-stm32.13.3.rel1.linux64_1.0.100.202509120712/tools/bin/../lib/gcc/arm-none-eabi/13.3.1/../../../../arm-none-eabi/lib/thumb/v7e-m+fp/hard/libc_nano.a(libc_a-errno.o)
                0x08021e94                __errno
 .text.__libc_init_array
                0x08021ea0       0x48 /opt/st/stm32cubeide_2.0.0/plugins/com.st.stm32cube.ide.mcu.externaltools.gnu-tools-for-stm32.13.3.rel1.linux64_1.0.100.202509120712/tools/bin/../lib/gcc/arm-none-eabi/13.3.1/../../../../arm-none-eabi/lib/thumb/v7e-m+fp/hard/libc_nano.a(libc_a-init.o)
                0x08021ea0                __libc_init_array
 .text.__retarget_lock_init_recursive
                0x08021ee8        0x2 /opt/st/stm32cubeide_2.0.0/plugins/com.st.stm32cube.ide.mcu.externaltools.gnu-tools-for-stm32.13.3.rel1.linux64_1.0.100.202509120712/tools/bin/../lib/gcc/arm-none-eabi/13.3.1/../../../../arm-none-eabi/lib/thumb/v7e-m+fp/hard/libc_nano.a(libc_a-lock.o)
                0x08021ee8                __retarget_lock_init_recursive
 .text.__retarget_lock_acquire_recursive
                0x08021eea        0x2 /opt/st/stm32cubeide_2.0.0/plugins/com.st.stm32cube.ide.mcu.externaltools.gnu-tools-for-stm32.13.3.rel1.linux64_1.0.100.202509120712/tools/bin/../lib/gcc/arm-none-eabi/13.3.1/../../../../arm-none-eabi/lib/thumb/v7e-m+fp/hard/libc_nano.a(libc_a-lock.o)
                0x08021eea                __retarget_lock_acquire_recursive
 .text.__retarget_lock_release_recursive
                0x08021eec        0x2 /opt/st/stm32cubeide_2.0.0/plugins/com.st.stm32cube.ide.mcu.externaltools.gnu-tools-for-stm32.13.3.rel1.linux64_1.0.100.202509120712/tools/bin/../lib/gcc/arm-none-eabi/13.3.1/../../../../arm-none-eabi/lib/thumb/v7e-m+fp/hard/libc_nano.a(libc_a-lock.o)
                0x08021eec                __retarget_lock_release_recursive
 .text.memcpy   0x08021eee       0x1c /opt/st/stm32cubeide_2.0.0/plugins/com.st.stm32cube.ide.mcu.externaltools.gnu-tools-for-stm32.13.3.rel1.linux64_1.0.100.202509120712/tools/bin/../lib/gcc/arm-none-eabi/13.3.1/../../../../arm-none-eabi/lib/thumb/v7e-m+fp/hard/libc_nano.a(libc_a-memcpy-stub.o)
                0x08021eee                memcpy
 *fill*         0x08021f0a        0x2 
 .text.__assert_func
                0x08021f0c       0x3c /opt/st/stm32cubeide_2.0.0/plugins/com.st.stm32cube.ide.mcu.externaltools.gnu-tools-for-stm32.13.3.rel1.linux64_1.0.100.202509120712/tools/bin/../lib/gcc/arm-none-eabi/13.3.1/../../../../arm-none-eabi/lib/thumb/v7e-m+fp/hard/libc_nano.a(libc_a-assert.o)
                0x08021f0c                __assert_func
 .text.quorem   0x08021f48      0x110 /opt/st/stm32cubeide_2.0.0/plugins/com.st.stm32cube.ide.mcu.externaltools.gnu-tools-for-stm32.13.3.rel1.linux64_1.0.100.202509120712/tools/bin/../lib/gcc/arm-none-eabi/13.3.1/../../../../arm-none-eabi/lib/thumb/v7e-m+fp/hard/libc_nano.a(libc_a-dtoa.o)
 .text._dtoa_r  0x08022058      0xba0 /opt/st/stm32cubeide_2.0.0/plugins/com.st.stm32cube.ide.mcu.externaltools.gnu-tools-for-stm32.13.3.rel1.linux64_1.0.100.202509120712/tools/bin/../lib/gcc/arm-none-eabi/13.3.1/../../../../arm-none-eabi/lib/thumb/v7e-m+fp/hard/libc_nano.a(libc_a-dtoa.o)
                0x08022058                _dtoa_r
 .text._free_r  0x08022bf8       0x94 /opt/st/stm32cubeide_2.0.0/plugins/com.st.stm32cube.ide.mcu.externaltools.gnu-tools-for-stm32.13.3.rel1.linux64_1.0.100.202509120712/tools/bin/../lib/gcc/arm-none-eabi/13.3.1/../../../../arm-none-eabi/lib/thumb/v7e-m+fp/hard/libc_nano.a(libc_a-freer.o)
                0x08022bf8                _free_r
 .text._Balloc  0x08022c8c       0x80 /opt/st/stm32cubeide_2.0.0/plugins/com.st.stm32cube.ide.mcu.externaltools.gnu-tools-for-stm32.13.3.rel1.linux64_1.0.100.202509120712/tools/bin/../lib/gcc/arm-none-eabi/13.3.1/../../../../arm-none-eabi/lib/thumb/v7e-m+fp/hard/libc_nano.a(libc_a-mprec.o)
                0x08022c8c                _Balloc
 .text._Bfree   0x08022d0c       0x44 /opt/st/stm32cubeide_2.0.0/plugins/com.st.stm32cube.ide.mcu.externaltools.gnu-tools-for-stm32.13.3.rel1.linux64_1.0.100.202509120712/tools/bin/../lib/gcc/arm-none-eabi/13.3.1/../../../../arm-none-eabi/lib/thumb/v7e-m+fp/hard/libc_nano.a(libc_a-mprec.o)
                0x08022d0c                _Bfree
 .text.__multadd
                0x08022d50       0x8c /opt/st/stm32cubeide_2.0.0/plugins/com.st.stm32cube.ide.mcu.externaltools.gnu-tools-for-stm32.13.3.rel1.linux64_1.0.100.202509120712/tools/bin/../lib/gcc/arm-none-eabi/13.3.1/../../../../arm-none-eabi/lib/thumb/v7e-m+fp/hard/libc_nano.a(libc_a-mprec.o)
                0x08022d50                __multadd
 .text.__hi0bits
                0x08022ddc       0x3e /opt/st/stm32cubeide_2.0.0/plugins/com.st.stm32cube.ide.mcu.externaltools.gnu-tools-for-stm32.13.3.rel1.linux64_1.0.100.202509120712/tools/bin/../lib/gcc/arm-none-eabi/13.3.1/../../../../arm-none-eabi/lib/thumb/v7e-m+fp/hard/libc_nano.a(libc_a-mprec.o)
                0x08022ddc                __hi0bits
 .text.__lo0bits
                0x08022e1a       0x5a /opt/st/stm32cubeide_2.0.0/plugins/com.st.stm32cube.ide.mcu.externaltools.gnu-tools-for-stm32.13.3.rel1.linux64_1.0.100.202509120712/tools/bin/../lib/gcc/arm-none-eabi/13.3.1/../../../../arm-none-eabi/lib/thumb/v7e-m+fp/hard/libc_nano.a(libc_a-mprec.o)
                0x08022e1a                __lo0bits
 .text.__i2b    0x08022e74       0x2c /opt/st/stm32cubeide_2.0.0/plugins/com.st.stm32cube.ide.mcu.externaltools.gnu-tools-for-stm32.13.3.rel1.linux64_1.0.100.202509120712/tools/bin/../lib/gcc/arm-none-eabi/13.3.1/../../../../arm-none-eabi/lib/thumb/v7e-m+fp/hard/libc_nano.a(libc_a-mprec.o)
                0x08022e74                __i2b
 .text.__multiply
                0x08022ea0      0x144 /opt/st/stm32cubeide_2.0.0/plugins/com.st.stm32cube.ide.mcu.externaltools.gnu-tools-for-stm32.13.3.rel1.linux64_1.0.100.202509120712/tools/bin/../lib/gcc/arm-none-eabi/13.3.1/../../../../arm-none-eabi/lib/thumb/v7e-m+fp/hard/libc_nano.a(libc_a-mprec.o)
                0x08022ea0                __multiply
 .text.__pow5mult
                0x08022fe4       0xb4 /opt/st/stm32cubeide_2.0.0/plugins/com.st.stm32cube.ide.mcu.externaltools.gnu-tools-for-stm32.13.3.rel1.linux64_1.0.100.202509120712/tools/bin/../lib/gcc/arm-none-eabi/13.3.1/../../../../arm-none-eabi/lib/thumb/v7e-m+fp/hard/libc_nano.a(libc_a-mprec.o)
                0x08022fe4                __pow5mult
 .text.__lshift
                0x08023098       0xd8 /opt/st/stm32cubeide_2.0.0/plugins/com.st.stm32cube.ide.mcu.externaltools.gnu-tools-for-stm32.13.3.rel1.linux64_1.0.100.202509120712/tools/bin/../lib/gcc/arm-none-eabi/13.3.1/../../../../arm-none-eabi/lib/thumb/v7e-m+fp/hard/libc_nano.a(libc_a-mprec.o)
                0x08023098                __lshift
 .text.__mcmp   0x08023170       0x36 /opt/st/stm32cubeide_2.0.0/plugins/com.st.stm32cube.ide.mcu.externaltools.gnu-tools-for-stm32.13.3.rel1.linux64_1.0.100.202509120712/tools/bin/../lib/gcc/arm-none-eabi/13.3.1/../../../../arm-none-eabi/lib/thumb/v7e-m+fp/hard/libc_nano.a(libc_a-mprec.o)
                0x08023170                __mcmp
 *fill*         0x080231a6        0x2 
 .text.__mdiff  0x080231a8      0x128 /opt/st/stm32cubeide_2.0.0/plugins/com.st.stm32cube.ide.mcu.externaltools.gnu-tools-for-stm32.13.3.rel1.linux64_1.0.100.202509120712/tools/bin/../lib/gcc/arm-none-eabi/13.3.1/../../../../arm-none-eabi/lib/thumb/v7e-m+fp/hard/libc_nano.a(libc_a-mprec.o)
                0x080231a8                __mdiff
 .text.__d2b    0x080232d0       0xb0 /opt/st/stm32cubeide_2.0.0/plugins/com.st.stm32cube.ide.mcu.externaltools.gnu-tools-for-stm32.13.3.rel1.linux64_1.0.100.202509120712/tools/bin/../lib/gcc/arm-none-eabi/13.3.1/../../../../arm-none-eabi/lib/thumb/v7e-m+fp/hard/libc_nano.a(libc_a-mprec.o)
                0x080232d0                __d2b
 .text._malloc_usable_size_r
                0x08023380       0x10 /opt/st/stm32cubeide_2.0.0/plugins/com.st.stm32cube.ide.mcu.externaltools.gnu-tools-for-stm32.13.3.rel1.linux64_1.0.100.202509120712/tools/bin/../lib/gcc/arm-none-eabi/13.3.1/../../../../arm-none-eabi/lib/thumb/v7e-m+fp/hard/libc_nano.a(libc_a-msizer.o)
                0x08023380                _malloc_usable_size_r
 .text.__ssputs_r
                0x08023390       0xb6 /opt/st/stm32cubeide_2.0.0/plugins/com.st.stm32cube.ide.mcu.externaltools.gnu-tools-for-stm32.13.3.rel1.linux64_1.0.100.202509120712/tools/bin/../lib/gcc/arm-none-eabi/13.3.1/../../../../arm-none-eabi/lib/thumb/v7e-m+fp/hard/libc_nano.a(libc_a-nano-svfprintf.o)
                0x08023390                __ssputs_r
 *fill*         0x08023446        0x2 
 .text._svfprintf_r
                0x08023448      0x1f8 /opt/st/stm32cubeide_2.0.0/plugins/com.st.stm32cube.ide.mcu.externaltools.gnu-tools-for-stm32.13.3.rel1.linux64_1.0.100.202509120712/tools/bin/../lib/gcc/arm-none-eabi/13.3.1/../../../../arm-none-eabi/lib/thumb/v7e-m+fp/hard/libc_nano.a(libc_a-nano-svfprintf.o)
                0x08023448                _svfprintf_r
                0x08023448                _svfiprintf_r
 .text.__sflush_r
                0x08023640      0x108 /opt/st/stm32cubeide_2.0.0/plugins/com.st.stm32cube.ide.mcu.externaltools.gnu-tools-for-stm32.13.3.rel1.linux64_1.0.100.202509120712/tools/bin/../lib/gcc/arm-none-eabi/13.3.1/../../../../arm-none-eabi/lib/thumb/v7e-m+fp/hard/libc_nano.a(libc_a-fflush.o)
                0x08023640                __sflush_r
 .text._fflush_r
                0x08023748       0x50 /opt/st/stm32cubeide_2.0.0/plugins/com.st.stm32cube.ide.mcu.externaltools.gnu-tools-for-stm32.13.3.rel1.linux64_1.0.100.202509120712/tools/bin/../lib/gcc/arm-none-eabi/13.3.1/../../../../arm-none-eabi/lib/thumb/v7e-m+fp/hard/libc_nano.a(libc_a-fflush.o)
                0x08023748                _fflush_r
 .text.fprintf  0x08023798       0x24 /opt/st/stm32cubeide_2.0.0/plugins/com.st.stm32cube.ide.mcu.externaltools.gnu-tools-for-stm32.13.3.rel1.linux64_1.0.100.202509120712/tools/bin/../lib/gcc/arm-none-eabi/13.3.1/../../../../arm-none-eabi/lib/thumb/v7e-m+fp/hard/libc_nano.a(libc_a-fprintf.o)
                0x08023798                fprintf
                0x08023798                fiprintf
 .text.abort    0x080237bc        0xe /opt/st/stm32cubeide_2.0.0/plugins/com.st.stm32cube.ide.mcu.externaltools.gnu-tools-for-stm32.13.3.rel1.linux64_1.0.100.202509120712/tools/bin/../lib/gcc/arm-none-eabi/13.3.1/../../../../arm-none-eabi/lib/thumb/v7e-m+fp/hard/libc_nano.a(libc_a-abort.o)
                0x080237bc                abort
 .text._calloc_r
                0x080237ca       0x28 /opt/st/stm32cubeide_2.0.0/plugins/com.st.stm32cube.ide.mcu.externaltools.gnu-tools-for-stm32.13.3.rel1.linux64_1.0.100.202509120712/tools/bin/../lib/gcc/arm-none-eabi/13.3.1/../../../../arm-none-eabi/lib/thumb/v7e-m+fp/hard/libc_nano.a(libc_a-callocr.o)
                0x080237ca                _calloc_r
 .text.__ascii_mbtowc
                0x080237f2       0x24 /opt/st/stm32cubeide_2.0.0/plugins/com.st.stm32cube.ide.mcu.externaltools.gnu-tools-for-stm32.13.3.rel1.linux64_1.0.100.202509120712/tools/bin/../lib/gcc/arm-none-eabi/13.3.1/../../../../arm-none-eabi/lib/thumb/v7e-m+fp/hard/libc_nano.a(libc_a-mbtowc_r.o)
                0x080237f2                __ascii_mbtowc
 .text.__ascii_wctomb
                0x08023816       0x1a /opt/st/stm32cubeide_2.0.0/plugins/com.st.stm32cube.ide.mcu.externaltools.gnu-tools-for-stm32.13.3.rel1.linux64_1.0.100.202509120712/tools/bin/../lib/gcc/arm-none-eabi/13.3.1/../../../../arm-none-eabi/lib/thumb/v7e-m+fp/hard/libc_nano.a(libc_a-wctomb_r.o)
                0x08023816                __ascii_wctomb
 .text.__sfputc_r
                0x08023830       0x2e /opt/st/stm32cubeide_2.0.0/plugins/com.st.stm32cube.ide.mcu.externaltools.gnu-tools-for-stm32.13.3.rel1.linux64_1.0.100.202509120712/tools/bin/../lib/gcc/arm-none-eabi/13.3.1/../../../../arm-none-eabi/lib/thumb/v7e-m+fp/hard/libc_nano.a(libc_a-nano-vfprintf.o)
 .text.__sfputs_r
                0x0802385e       0x24 /opt/st/stm32cubeide_2.0.0/plugins/com.st.stm32cube.ide.mcu.externaltools.gnu-tools-for-stm32.13.3.rel1.linux64_1.0.100.202509120712/tools/bin/../lib/gcc/arm-none-eabi/13.3.1/../../../../arm-none-eabi/lib/thumb/v7e-m+fp/hard/libc_nano.a(libc_a-nano-vfprintf.o)
                0x0802385e                __sfputs_r
 *fill*         0x08023882        0x2 
 .text._vfprintf_r
                0x08023884      0x230 /opt/st/stm32cubeide_2.0.0/plugins/com.st.stm32cube.ide.mcu.externaltools.gnu-tools-for-stm32.13.3.rel1.linux64_1.0.100.202509120712/tools/bin/../lib/gcc/arm-none-eabi/13.3.1/../../../../arm-none-eabi/lib/thumb/v7e-m+fp/hard/libc_nano.a(libc_a-nano-vfprintf.o)
                0x08023884                _vfiprintf_r
                0x08023884                _vfprintf_r
 .text.__swbuf_r
                0x08023ab4       0x7c /opt/st/stm32cubeide_2.0.0/plugins/com.st.stm32cube.ide.mcu.externaltools.gnu-tools-for-stm32.13.3.rel1.linux64_1.0.100.202509120712/tools/bin/../lib/gcc/arm-none-eabi/13.3.1/../../../../arm-none-eabi/lib/thumb/v7e-m+fp/hard/libc_nano.a(libc_a-wbuf.o)
                0x08023ab4                __swbuf_r
 .text.__swsetup_r
                0x08023b30       0xac /opt/st/stm32cubeide_2.0.0/plugins/com.st.stm32cube.ide.mcu.externaltools.gnu-tools-for-stm32.13.3.rel1.linux64_1.0.100.202509120712/tools/bin/../lib/gcc/arm-none-eabi/13.3.1/../../../../arm-none-eabi/lib/thumb/v7e-m+fp/hard/libc_nano.a(libc_a-wsetup.o)
                0x08023b30                __swsetup_r
 .text._raise_r
                0x08023bdc       0x50 /opt/st/stm32cubeide_2.0.0/plugins/com.st.stm32cube.ide.mcu.externaltools.gnu-tools-for-stm32.13.3.rel1.linux64_1.0.100.202509120712/tools/bin/../lib/gcc/arm-none-eabi/13.3.1/../../../../arm-none-eabi/lib/thumb/v7e-m+fp/hard/libc_nano.a(libc_a-signal.o)
                0x08023bdc                _raise_r
 .text.raise    0x08023c2c       0x10 /opt/st/stm32cubeide_2.0.0/plugins/com.st.stm32cube.ide.mcu.externaltools.gnu-tools-for-stm32.13.3.rel1.linux64_1.0.100.202509120712/tools/bin/../lib/gcc/arm-none-eabi/13.3.1/../../../../arm-none-eabi/lib/thumb/v7e-m+fp/hard/libc_nano.a(libc_a-signal.o)
                0x08023c2c                raise
 .text._kill_r  0x08023c3c       0x24 /opt/st/stm32cubeide_2.0.0/plugins/com.st.stm32cube.ide.mcu.externaltools.gnu-tools-for-stm32.13.3.rel1.linux64_1.0.100.202509120712/tools/bin/../lib/gcc/arm-none-eabi/13.3.1/../../../../arm-none-eabi/lib/thumb/v7e-m+fp/hard/libc_nano.a(libc_a-signalr.o)
                0x08023c3c                _kill_r
 .text._getpid_r
                0x08023c60        0x4 /opt/st/stm32cubeide_2.0.0/plugins/com.st.stm32cube.ide.mcu.externaltools.gnu-tools-for-stm32.13.3.rel1.linux64_1.0.100.202509120712/tools/bin/../lib/gcc/arm-none-eabi/13.3.1/../../../../arm-none-eabi/lib/thumb/v7e-m+fp/hard/libc_nano.a(libc_a-signalr.o)
                0x08023c60                _getpid_r
 .text.__swhatbuf_r
                0x08023c64       0x4c /opt/st/stm32cubeide_2.0.0/plugins/com.st.stm32cube.ide.mcu.externaltools.gnu-tools-for-stm32.13.3.rel1.linux64_1.0.100.202509120712/tools/bin/../lib/gcc/arm-none-eabi/13.3.1/../../../../arm-none-eabi/lib/thumb/v7e-m+fp/hard/libc_nano.a(libc_a-makebuf.o)
                0x08023c64                __swhatbuf_r
 .text.__smakebuf_r
                0x08023cb0       0x78 /opt/st/stm32cubeide_2.0.0/plugins/com.st.stm32cube.ide.mcu.externaltools.gnu-tools-for-stm32.13.3.rel1.linux64_1.0.100.202509120712/tools/bin/../lib/gcc/arm-none-eabi/13.3.1/../../../../arm-none-eabi/lib/thumb/v7e-m+fp/hard/libc_nano.a(libc_a-makebuf.o)
                0x08023cb0                __smakebuf_r
 .text._fstat_r
                0x08023d28       0x24 /opt/st/stm32cubeide_2.0.0/plugins/com.st.stm32cube.ide.mcu.externaltools.gnu-tools-for-stm32.13.3.rel1.linux64_1.0.100.202509120712/tools/bin/../lib/gcc/arm-none-eabi/13.3.1/../../../../arm-none-eabi/lib/thumb/v7e-m+fp/hard/libc_nano.a(libc_a-fstatr.o)
                0x08023d28                _fstat_r
 .text._isatty_r
                0x08023d4c       0x20 /opt/st/stm32cubeide_2.0.0/plugins/com.st.stm32cube.ide.mcu.externaltools.gnu-tools-for-stm32.13.3.rel1.linux64_1.0.100.202509120712/tools/bin/../lib/gcc/arm-none-eabi/13.3.1/../../../../arm-none-eabi/lib/thumb/v7e-m+fp/hard/libc_nano.a(libc_a-isattyr.o)
                0x08023d4c                _isatty_r
 .text.round    0x08023d6c       0x8c /opt/st/stm32cubeide_2.0.0/plugins/com.st.stm32cube.ide.mcu.externaltools.gnu-tools-for-stm32.13.3.rel1.linux64_1.0.100.202509120712/tools/bin/../lib/gcc/arm-none-eabi/13.3.1/../../../../arm-none-eabi/lib/thumb/v7e-m+fp/hard/libm.a(libm_a-s_round.o)
                0x08023d6c                round
 .text._close   0x08023df8       0x10 /opt/st/stm32cubeide_2.0.0/plugins/com.st.stm32cube.ide.mcu.externaltools.gnu-tools-for-stm32.13.3.rel1.linux64_1.0.100.202509120712/tools/bin/../lib/gcc/arm-none-eabi/13.3.1/../../../../arm-none-eabi/lib/thumb/v7e-m+fp/hard/libnosys.a(close.o)
                0x08023df8                _close
 .text._fstat   0x08023e08       0x10 /opt/st/stm32cubeide_2.0.0/plugins/com.st.stm32cube.ide.mcu.externaltools.gnu-tools-for-stm32.13.3.rel1.linux64_1.0.100.202509120712/tools/bin/../lib/gcc/arm-none-eabi/13.3.1/../../../../arm-none-eabi/lib/thumb/v7e-m+fp/hard/libnosys.a(fstat.o)
                0x08023e08                _fstat
 .text._getpid  0x08023e18       0x10 /opt/st/stm32cubeide_2.0.0/plugins/com.st.stm32cube.ide.mcu.externaltools.gnu-tools-for-stm32.13.3.rel1.linux64_1.0.100.202509120712/tools/bin/../lib/gcc/arm-none-eabi/13.3.1/../../../../arm-none-eabi/lib/thumb/v7e-m+fp/hard/libnosys.a(getpid.o)
                0x08023e18                _getpid
 .text._isatty  0x08023e28       0x10 /opt/st/stm32cubeide_2.0.0/plugins/com.st.stm32cube.ide.mcu.externaltools.gnu-tools-for-stm32.13.3.rel1.linux64_1.0.100.202509120712/tools/bin/../lib/gcc/arm-none-eabi/13.3.1/../../../../arm-none-eabi/lib/thumb/v7e-m+fp/hard/libnosys.a(isatty.o)
                0x08023e28                _isatty
 .text._kill    0x08023e38       0x10 /opt/st/stm32cubeide_2.0.0/plugins/com.st.stm32cube.ide.mcu.externaltools.gnu-tools-for-stm32.13.3.rel1.linux64_1.0.100.202509120712/tools/bin/../lib/gcc/arm-none-eabi/13.3.1/../../../../arm-none-eabi/lib/thumb/v7e-m+fp/hard/libnosys.a(kill.o)
                0x08023e38                _kill
 .text._lseek   0x08023e48       0x10 /opt/st/stm32cubeide_2.0.0/plugins/com.st.stm32cube.ide.mcu.externaltools.gnu-tools-for-stm32.13.3.rel1.linux64_1.0.100.202509120712/tools/bin/../lib/gcc/arm-none-eabi/13.3.1/../../../../arm-none-eabi/lib/thumb/v7e-m+fp/hard/libnosys.a(lseek.o)
                0x08023e48                _lseek
 .text._read    0x08023e58       0x10 /opt/st/stm32cubeide_2.0.0/plugins/com.st.stm32cube.ide.mcu.externaltools.gnu-tools-for-stm32.13.3.rel1.linux64_1.0.100.202509120712/tools/bin/../lib/gcc/arm-none-eabi/13.3.1/../../../../arm-none-eabi/lib/thumb/v7e-m+fp/hard/libnosys.a(read.o)
                0x08023e58                _read
 .text._write   0x08023e68       0x10 /opt/st/stm32cubeide_2.0.0/plugins/com.st.stm32cube.ide.mcu.externaltools.gnu-tools-for-stm32.13.3.rel1.linux64_1.0.100.202509120712/tools/bin/../lib/gcc/arm-none-eabi/13.3.1/../../../../arm-none-eabi/lib/thumb/v7e-m+fp/hard/libnosys.a(write.o)
                0x08023e68                _write
 .text._exit    0x08023e78        0x2 /opt/st/stm32cubeide_2.0.0/plugins/com.st.stm32cube.ide.mcu.externaltools.gnu-tools-for-stm32.13.3.rel1.linux64_1.0.100.202509120712/tools/bin/../lib/gcc/arm-none-eabi/13.3.1/../../../../arm-none-eabi/lib/thumb/v7e-m+fp/hard/libnosys.a(_exit.o)
                0x08023e78                _exit
 *(.glue_7)
 .glue_7        0x08023e7a        0x0 linker stubs
 *(.glue_7t)
 .glue_7t       0x08023e7a        0x0 linker stubs
 *(.eh_frame)
 *fill*         0x08023e7a        0x2 
 .eh_frame      0x08023e7c        0x0 /opt/st/stm32cubeide_2.0.0/plugins/com.st.stm32cube.ide.mcu.externaltools.gnu-tools-for-stm32.13.3.rel1.linux64_1.0.100.202509120712/tools/bin/../lib/gcc/arm-none-eabi/13.3.1/thumb/v7e-m+fp/hard/crtbegin.o
 *(.init)
 .init          0x08023e7c        0x4 /opt/st/stm32cubeide_2.0.0/plugins/com.st.stm32cube.ide.mcu.externaltools.gnu-tools-for-stm32.13.3.rel1.linux64_1.0.100.202509120712/tools/bin/../lib/gcc/arm-none-eabi/13.3.1/thumb/v7e-m+fp/hard/crti.o
                0x08023e7c                _init
 .init          0x08023e80        0x8 /opt/st/stm32cubeide_2.0.0/plugins/com.st.stm32cube.ide.mcu.externaltools.gnu-tools-for-stm32.13.3.rel1.linux64_1.0.100.202509120712/tools/bin/../lib/gcc/arm-none-eabi/13.3.1/thumb/v7e-m+fp/hard/crtn.o
 *(.fini)
 .fini          0x08023e88        0x4 /opt/st/stm32cubeide_2.0.0/plugins/com.st.stm32cube.ide.mcu.externaltools.gnu-tools-for-stm32.13.3.rel1.linux64_1.0.100.202509120712/tools/bin/../lib/gcc/arm-none-eabi/13.3.1/thumb/v7e-m+fp/hard/crti.o
                0x08023e88                _fini
 .fini          0x08023e8c        0x8 /opt/st/stm32cubeide_2.0.0/plugins/com.st.stm32cube.ide.mcu.externaltools.gnu-tools-for-stm32.13.3.rel1.linux64_1.0.100.202509120712/tools/bin/../lib/gcc/arm-none-eabi/13.3.1/thumb/v7e-m+fp/hard/crtn.o
                0x08023e94                        . = ALIGN (0x4)
                0x08023e94                        _etext = .

.vfp11_veneer   0x08023e94        0x0
 .vfp11_veneer  0x08023e94        0x0 linker stubs

.v4_bx          0x08023e94        0x0
 .v4_bx         0x08023e94        0x0 linker stubs

.iplt           0x08023e94        0x0
 .iplt          0x08023e94        0x0 /opt/st/stm32cubeide_2.0.0/plugins/com.st.stm32cube.ide.mcu.externaltools.gnu-tools-for-stm32.13.3.rel1.linux64_1.0.100.202509120712/tools/bin/../lib/gcc/arm-none-eabi/13.3.1/thumb/v7e-m+fp/hard/crtbegin.o

.rodata         0x08023ea0     0x6e4c
                0x08023ea0                        . = ALIGN (0x4)
 *(.rodata)
 .rodata        0x08023ea0       0xfa ./Core/Src/main.o
 *fill*         0x08023f9a        0x2 
 .rodata        0x08023f9c       0x65 ./X-CUBE-AI/App/small_16_16.o
 *fill*         0x08024001        0x3 
 .rodata        0x08024004       0x30 ./X-CUBE-AI/App/small_16_16_data.o
 .rodata        0x08024034       0x10 ../Middlewares/ST/AI/Lib/NetworkRuntime1020_CM4_GCC.a(ai_platform_interface.o)
 *(.rodata*)
 .rodata.input_data
                0x08024044      0xc00 ./Core/Src/main.o
                0x08024044                input_data
 .rodata.AHBPrescTable
                0x08024c44       0x10 ./Core/Src/system_stm32f4xx.o
                0x08024c44                AHBPrescTable
 .rodata.APBPrescTable
                0x08024c54        0x8 ./Core/Src/system_stm32f4xx.o
                0x08024c54                APBPrescTable
 .rodata.__compound_literal.0
                0x08024c5c        0x4 ./X-CUBE-AI/App/small_16_16.o
 .rodata.__compound_literal.1
                0x08024c60        0x1 ./X-CUBE-AI/App/small_16_16.o
 *fill*         0x08024c61        0x3 
 .rodata.__compound_literal.2
                0x08024c64        0x8 ./X-CUBE-AI/App/small_16_16.o
 .rodata.conv2d_2_output_array_intq
                0x08024c6c        0x8 ./X-CUBE-AI/App/small_16_16.o
 .rodata.__compound_literal.3
                0x08024c74        0x4 ./X-CUBE-AI/App/small_16_16.o
 .rodata.__compound_literal.4
                0x08024c78        0x1 ./X-CUBE-AI/App/small_16_16.o
 *fill*         0x08024c79        0x3 
 .rodata.__compound_literal.5
                0x08024c7c        0x8 ./X-CUBE-AI/App/small_16_16.o
 .rodata.conv2d_2_scratch1_array_intq
                0x08024c84        0x8 ./X-CUBE-AI/App/small_16_16.o
 .rodata.__compound_literal.6
                0x08024c8c       0x40 ./X-CUBE-AI/App/small_16_16.o
 .rodata.__compound_literal.7
                0x08024ccc       0x10 ./X-CUBE-AI/App/small_16_16.o
 .rodata.__compound_literal.8
                0x08024cdc        0x8 ./X-CUBE-AI/App/small_16_16.o
 .rodata.conv2d_2_weights_array_intq
                0x08024ce4        0x8 ./X-CUBE-AI/App/small_16_16.o
 .rodata.__compound_literal.9
                0x08024cec        0x4 ./X-CUBE-AI/App/small_16_16.o
 .rodata.__compound_literal.10
                0x08024cf0        0x1 ./X-CUBE-AI/App/small_16_16.o
 *fill*         0x08024cf1        0x3 
 .rodata.__compound_literal.11
                0x08024cf4        0x8 ./X-CUBE-AI/App/small_16_16.o
 .rodata.conv2d_8_output_array_intq
                0x08024cfc        0x8 ./X-CUBE-AI/App/small_16_16.o
 .rodata.__compound_literal.12
                0x08024d04        0x4 ./X-CUBE-AI/App/small_16_16.o
 .rodata.__compound_literal.13
                0x08024d08        0x1 ./X-CUBE-AI/App/small_16_16.o
 *fill*         0x08024d09        0x3 
 .rodata.__compound_literal.14
                0x08024d0c        0x8 ./X-CUBE-AI/App/small_16_16.o
 .rodata.conv2d_8_scratch1_array_intq
                0x08024d14        0x8 ./X-CUBE-AI/App/small_16_16.o
 .rodata.__compound_literal.15
                0x08024d1c       0x80 ./X-CUBE-AI/App/small_16_16.o
 .rodata.__compound_literal.16
                0x08024d9c       0x20 ./X-CUBE-AI/App/small_16_16.o
 .rodata.__compound_literal.17
                0x08024dbc        0x8 ./X-CUBE-AI/App/small_16_16.o
 .rodata.conv2d_8_weights_array_intq
                0x08024dc4        0x8 ./X-CUBE-AI/App/small_16_16.o
 .rodata.__compound_literal.18
                0x08024dcc        0x4 ./X-CUBE-AI/App/small_16_16.o
 .rodata.__compound_literal.19
                0x08024dd0        0x1 ./X-CUBE-AI/App/small_16_16.o
 *fill*         0x08024dd1        0x3 
 .rodata.__compound_literal.20
                0x08024dd4        0x8 ./X-CUBE-AI/App/small_16_16.o
 .rodata.gemm_13_output_array_intq
                0x08024ddc        0x8 ./X-CUBE-AI/App/small_16_16.o
 .rodata.__compound_literal.21
                0x08024de4        0x4 ./X-CUBE-AI/App/small_16_16.o
 .rodata.__compound_literal.22
                0x08024de8        0x1 ./X-CUBE-AI/App/small_16_16.o
 *fill*         0x08024de9        0x3 
 .rodata.__compound_literal.23
                0x08024dec        0x8 ./X-CUBE-AI/App/small_16_16.o
 .rodata.gemm_13_weights_array_intq
                0x08024df4        0x8 ./X-CUBE-AI/App/small_16_16.o
 .rodata.__compound_literal.24
                0x08024dfc        0x4 ./X-CUBE-AI/App/small_16_16.o
 .rodata.__compound_literal.25
                0x08024e00        0x1 ./X-CUBE-AI/App/small_16_16.o
 *fill*         0x08024e01        0x3 
 .rodata.__compound_literal.26
                0x08024e04        0x8 ./X-CUBE-AI/App/small_16_16.o
 .rodata.gemm_14_output_array_intq
                0x08024e0c        0x8 ./X-CUBE-AI/App/small_16_16.o
 .rodata.__compound_literal.27
                0x08024e14        0x4 ./X-CUBE-AI/App/small_16_16.o
 .rodata.__compound_literal.28
                0x08024e18        0x1 ./X-CUBE-AI/App/small_16_16.o
 *fill*         0x08024e19        0x3 
 .rodata.__compound_literal.29
                0x08024e1c        0x8 ./X-CUBE-AI/App/small_16_16.o
 .rodata.gemm_14_weights_array_intq
                0x08024e24        0x8 ./X-CUBE-AI/App/small_16_16.o
 .rodata.__compound_literal.30
                0x08024e2c        0x4 ./X-CUBE-AI/App/small_16_16.o
 .rodata.__compound_literal.31
                0x08024e30        0x1 ./X-CUBE-AI/App/small_16_16.o
 *fill*         0x08024e31        0x3 
 .rodata.__compound_literal.32
                0x08024e34        0x8 ./X-CUBE-AI/App/small_16_16.o
 .rodata.in_pad_0_output_array_intq
                0x08024e3c        0x8 ./X-CUBE-AI/App/small_16_16.o
 .rodata.__compound_literal.33
                0x08024e44        0x4 ./X-CUBE-AI/App/small_16_16.o
 .rodata.__compound_literal.34
                0x08024e48        0x1 ./X-CUBE-AI/App/small_16_16.o
 *fill*         0x08024e49        0x3 
 .rodata.__compound_literal.35
                0x08024e4c        0x8 ./X-CUBE-AI/App/small_16_16.o
 .rodata.in_pad_6_output_array_intq
                0x08024e54        0x8 ./X-CUBE-AI/App/small_16_16.o
 .rodata.__compound_literal.36
                0x08024e5c        0x4 ./X-CUBE-AI/App/small_16_16.o
 .rodata.__compound_literal.37
                0x08024e60        0x1 ./X-CUBE-AI/App/small_16_16.o
 *fill*         0x08024e61        0x3 
 .rodata.__compound_literal.38
                0x08024e64        0x8 ./X-CUBE-AI/App/small_16_16.o
 .rodata.nl_11_output_array_intq
                0x08024e6c        0x8 ./X-CUBE-AI/App/small_16_16.o
 .rodata.__compound_literal.39
                0x08024e74        0x4 ./X-CUBE-AI/App/small_16_16.o
 .rodata.__compound_literal.40
                0x08024e78        0x1 ./X-CUBE-AI/App/small_16_16.o
 *fill*         0x08024e79        0x3 
 .rodata.__compound_literal.41
                0x08024e7c        0x8 ./X-CUBE-AI/App/small_16_16.o
 .rodata.nl_5_output_array_intq
                0x08024e84        0x8 ./X-CUBE-AI/App/small_16_16.o
 .rodata.__compound_literal.42
                0x08024e8c        0x4 ./X-CUBE-AI/App/small_16_16.o
 .rodata.__compound_literal.43
                0x08024e90        0x1 ./X-CUBE-AI/App/small_16_16.o
 *fill*         0x08024e91        0x3 
 .rodata.__compound_literal.44
                0x08024e94        0x8 ./X-CUBE-AI/App/small_16_16.o
 .rodata.pad_0_output_array_intq
                0x08024e9c        0x8 ./X-CUBE-AI/App/small_16_16.o
 .rodata.__compound_literal.45
                0x08024ea4        0x4 ./X-CUBE-AI/App/small_16_16.o
 .rodata.__compound_literal.46
                0x08024ea8        0x1 ./X-CUBE-AI/App/small_16_16.o
 *fill*         0x08024ea9        0x3 
 .rodata.__compound_literal.47
                0x08024eac        0x8 ./X-CUBE-AI/App/small_16_16.o
 .rodata.pad_6_output_array_intq
                0x08024eb4        0x8 ./X-CUBE-AI/App/small_16_16.o
 .rodata.__compound_literal.48
                0x08024ebc        0x4 ./X-CUBE-AI/App/small_16_16.o
 .rodata.__compound_literal.49
                0x08024ec0        0x1 ./X-CUBE-AI/App/small_16_16.o
 *fill*         0x08024ec1        0x3 
 .rodata.__compound_literal.50
                0x08024ec4        0x8 ./X-CUBE-AI/App/small_16_16.o
 .rodata.serving_default_input0_output_array_intq
                0x08024ecc        0x8 ./X-CUBE-AI/App/small_16_16.o
 .rodata.__compound_literal.51
                0x08024ed4        0x4 ./X-CUBE-AI/App/small_16_16.o
 .rodata.__compound_literal.52
                0x08024ed8        0x1 ./X-CUBE-AI/App/small_16_16.o
 *fill*         0x08024ed9        0x3 
 .rodata.__compound_literal.53
                0x08024edc        0x8 ./X-CUBE-AI/App/small_16_16.o
 .rodata.transpose_10_output_array_intq
                0x08024ee4        0x8 ./X-CUBE-AI/App/small_16_16.o
 .rodata.__compound_literal.54
                0x08024eec        0x4 ./X-CUBE-AI/App/small_16_16.o
 .rodata.__compound_literal.55
                0x08024ef0        0x1 ./X-CUBE-AI/App/small_16_16.o
 *fill*         0x08024ef1        0x3 
 .rodata.__compound_literal.56
                0x08024ef4        0x8 ./X-CUBE-AI/App/small_16_16.o
 .rodata.transpose_1_output_array_intq
                0x08024efc        0x8 ./X-CUBE-AI/App/small_16_16.o
 .rodata.__compound_literal.57
                0x08024f04        0x4 ./X-CUBE-AI/App/small_16_16.o
 .rodata.__compound_literal.58
                0x08024f08        0x1 ./X-CUBE-AI/App/small_16_16.o
 *fill*         0x08024f09        0x3 
 .rodata.__compound_literal.59
                0x08024f0c        0x8 ./X-CUBE-AI/App/small_16_16.o
 .rodata.transpose_4_output_array_intq
                0x08024f14        0x8 ./X-CUBE-AI/App/small_16_16.o
 .rodata.__compound_literal.60
                0x08024f1c        0x4 ./X-CUBE-AI/App/small_16_16.o
 .rodata.__compound_literal.61
                0x08024f20        0x1 ./X-CUBE-AI/App/small_16_16.o
 *fill*         0x08024f21        0x3 
 .rodata.__compound_literal.62
                0x08024f24        0x8 ./X-CUBE-AI/App/small_16_16.o
 .rodata.transpose_7_output_array_intq
                0x08024f2c        0x8 ./X-CUBE-AI/App/small_16_16.o
 .rodata.gemm_14_chain
                0x08024f34        0x8 ./X-CUBE-AI/App/small_16_16.o
 .rodata.gemm_13_chain
                0x08024f3c        0x8 ./X-CUBE-AI/App/small_16_16.o
 .rodata.nl_11_nl_params_data
                0x08024f44      0x100 ./X-CUBE-AI/App/small_16_16.o
 .rodata.nl_11_nl_params
                0x08025044       0x10 ./X-CUBE-AI/App/small_16_16.o
 .rodata.nl_11_chain
                0x08025054        0x8 ./X-CUBE-AI/App/small_16_16.o
 .rodata.transpose_10_chain
                0x0802505c        0x8 ./X-CUBE-AI/App/small_16_16.o
 .rodata.conv2d_8_chain
                0x08025064        0x8 ./X-CUBE-AI/App/small_16_16.o
 .rodata.transpose_7_chain
                0x0802506c        0x8 ./X-CUBE-AI/App/small_16_16.o
 .rodata.pad_6_value_data
                0x08025074        0x1 ./X-CUBE-AI/App/small_16_16.o
 *fill*         0x08025075        0x3 
 .rodata.pad_6_value
                0x08025078       0x10 ./X-CUBE-AI/App/small_16_16.o
 .rodata.pad_6_chain
                0x08025088        0x8 ./X-CUBE-AI/App/small_16_16.o
 .rodata.in_pad_6_chain
                0x08025090        0x8 ./X-CUBE-AI/App/small_16_16.o
 .rodata.nl_5_nl_params_data
                0x08025098      0x100 ./X-CUBE-AI/App/small_16_16.o
 .rodata.nl_5_nl_params
                0x08025198       0x10 ./X-CUBE-AI/App/small_16_16.o
 .rodata.nl_5_chain
                0x080251a8        0x8 ./X-CUBE-AI/App/small_16_16.o
 .rodata.transpose_4_chain
                0x080251b0        0x8 ./X-CUBE-AI/App/small_16_16.o
 .rodata.conv2d_2_chain
                0x080251b8        0x8 ./X-CUBE-AI/App/small_16_16.o
 .rodata.transpose_1_chain
                0x080251c0        0x8 ./X-CUBE-AI/App/small_16_16.o
 .rodata.pad_0_value_data
                0x080251c8        0x1 ./X-CUBE-AI/App/small_16_16.o
 *fill*         0x080251c9        0x3 
 .rodata.pad_0_value
                0x080251cc       0x10 ./X-CUBE-AI/App/small_16_16.o
 .rodata.pad_0_chain
                0x080251dc        0x8 ./X-CUBE-AI/App/small_16_16.o
 .rodata.in_pad_0_chain
                0x080251e4        0x8 ./X-CUBE-AI/App/small_16_16.o
 *fill*         0x080251ec       0x14 
 .rodata.s_small_16_16_weights_array_u64
                0x08025200     0x5710 ./X-CUBE-AI/App/small_16_16_data_params.o
                0x08025200                s_small_16_16_weights_array_u64
 .rodata.ai_platform_runtime_get_revision.str1.4
                0x0802a910        0x1 ../Middlewares/ST/AI/Lib/NetworkRuntime1020_CM4_GCC.a(ai_platform_interface.o)
 *fill*         0x0802a911        0x3 
 .rodata.v.2    0x0802a914        0x4 ../Middlewares/ST/AI/Lib/NetworkRuntime1020_CM4_GCC.a(ai_platform_interface.o)
 .rodata.v.1    0x0802a918        0x4 ../Middlewares/ST/AI/Lib/NetworkRuntime1020_CM4_GCC.a(ai_platform_interface.o)
 .rodata.v.0    0x0802a91c        0x4 ../Middlewares/ST/AI/Lib/NetworkRuntime1020_CM4_GCC.a(ai_platform_interface.o)
 .rodata.srand.str1.1
                0x0802a920      0x1c9 /opt/st/stm32cubeide_2.0.0/plugins/com.st.stm32cube.ide.mcu.externaltools.gnu-tools-for-stm32.13.3.rel1.linux64_1.0.100.202509120712/tools/bin/../lib/gcc/arm-none-eabi/13.3.1/../../../../arm-none-eabi/lib/thumb/v7e-m+fp/hard/libc_nano.a(libc_a-rand.o)
                                 0x6f (size before relaxing)
 .rodata._printf_float.str1.1
                0x0802aae9        0x0 /opt/st/stm32cubeide_2.0.0/plugins/com.st.stm32cube.ide.mcu.externaltools.gnu-tools-for-stm32.13.3.rel1.linux64_1.0.100.202509120712/tools/bin/../lib/gcc/arm-none-eabi/13.3.1/../../../../arm-none-eabi/lib/thumb/v7e-m+fp/hard/libc_nano.a(libc_a-nano-vfprintf_float.o)
                                 0x12 (size before relaxing)
 .rodata._printf_i.str1.1
                0x0802aae9        0x0 /opt/st/stm32cubeide_2.0.0/plugins/com.st.stm32cube.ide.mcu.externaltools.gnu-tools-for-stm32.13.3.rel1.linux64_1.0.100.202509120712/tools/bin/../lib/gcc/arm-none-eabi/13.3.1/../../../../arm-none-eabi/lib/thumb/v7e-m+fp/hard/libc_nano.a(libc_a-nano-vfprintf_i.o)
                                 0x22 (size before relaxing)
 .rodata.__assert_func.str1.1
                0x0802aae9        0x0 /opt/st/stm32cubeide_2.0.0/plugins/com.st.stm32cube.ide.mcu.externaltools.gnu-tools-for-stm32.13.3.rel1.linux64_1.0.100.202509120712/tools/bin/../lib/gcc/arm-none-eabi/13.3.1/../../../../arm-none-eabi/lib/thumb/v7e-m+fp/hard/libc_nano.a(libc_a-assert.o)
                                 0x3d (size before relaxing)
 .rodata._dtoa_r.str1.1
                0x0802aae9        0x0 /opt/st/stm32cubeide_2.0.0/plugins/com.st.stm32cube.ide.mcu.externaltools.gnu-tools-for-stm32.13.3.rel1.linux64_1.0.100.202509120712/tools/bin/../lib/gcc/arm-none-eabi/13.3.1/../../../../arm-none-eabi/lib/thumb/v7e-m+fp/hard/libc_nano.a(libc_a-dtoa.o)
                                 0x8f (size before relaxing)
 .rodata._Balloc.str1.1
                0x0802aae9        0x0 /opt/st/stm32cubeide_2.0.0/plugins/com.st.stm32cube.ide.mcu.externaltools.gnu-tools-for-stm32.13.3.rel1.linux64_1.0.100.202509120712/tools/bin/../lib/gcc/arm-none-eabi/13.3.1/../../../../arm-none-eabi/lib/thumb/v7e-m+fp/hard/libc_nano.a(libc_a-mprec.o)
                                 0x70 (size before relaxing)
 .rodata.__multadd.str1.1
                0x0802aae9        0x0 /opt/st/stm32cubeide_2.0.0/plugins/com.st.stm32cube.ide.mcu.externaltools.gnu-tools-for-stm32.13.3.rel1.linux64_1.0.100.202509120712/tools/bin/../lib/gcc/arm-none-eabi/13.3.1/../../../../arm-none-eabi/lib/thumb/v7e-m+fp/hard/libc_nano.a(libc_a-mprec.o)
                                 0x11 (size before relaxing)
 *fill*         0x0802aae9        0x3 
 .rodata.p05.0  0x0802aaec        0xc /opt/st/stm32cubeide_2.0.0/plugins/com.st.stm32cube.ide.mcu.externaltools.gnu-tools-for-stm32.13.3.rel1.linux64_1.0.100.202509120712/tools/bin/../lib/gcc/arm-none-eabi/13.3.1/../../../../arm-none-eabi/lib/thumb/v7e-m+fp/hard/libc_nano.a(libc_a-mprec.o)
 .rodata.__mprec_bigtens
                0x0802aaf8       0x28 /opt/st/stm32cubeide_2.0.0/plugins/com.st.stm32cube.ide.mcu.externaltools.gnu-tools-for-stm32.13.3.rel1.linux64_1.0.100.202509120712/tools/bin/../lib/gcc/arm-none-eabi/13.3.1/../../../../arm-none-eabi/lib/thumb/v7e-m+fp/hard/libc_nano.a(libc_a-mprec.o)
                0x0802aaf8                __mprec_bigtens
 .rodata.__mprec_tens
                0x0802ab20       0xc8 /opt/st/stm32cubeide_2.0.0/plugins/com.st.stm32cube.ide.mcu.externaltools.gnu-tools-for-stm32.13.3.rel1.linux64_1.0.100.202509120712/tools/bin/../lib/gcc/arm-none-eabi/13.3.1/../../../../arm-none-eabi/lib/thumb/v7e-m+fp/hard/libc_nano.a(libc_a-mprec.o)
                0x0802ab20                __mprec_tens
 .rodata._svfprintf_r.str1.1
                0x0802abe8        0x0 /opt/st/stm32cubeide_2.0.0/plugins/com.st.stm32cube.ide.mcu.externaltools.gnu-tools-for-stm32.13.3.rel1.linux64_1.0.100.202509120712/tools/bin/../lib/gcc/arm-none-eabi/13.3.1/../../../../arm-none-eabi/lib/thumb/v7e-m+fp/hard/libc_nano.a(libc_a-nano-svfprintf.o)
                                 0x11 (size before relaxing)
 .rodata._setlocale_r.str1.1
                0x0802abe8        0x0 /opt/st/stm32cubeide_2.0.0/plugins/com.st.stm32cube.ide.mcu.externaltools.gnu-tools-for-stm32.13.3.rel1.linux64_1.0.100.202509120712/tools/bin/../lib/gcc/arm-none-eabi/13.3.1/../../../../arm-none-eabi/lib/thumb/v7e-m+fp/hard/libc_nano.a(libc_a-locale.o)
                                  0x9 (size before relaxing)
 .rodata.str1.1