../Middlewares/Third_Party/EdgeImpulse_plant_village_classification_MachineLearning/edgeimpulse/edge-impulse-sdk/third_party/flatbuffers/include/flatbuffers/flexbuffers.h:870:26:int flexbuffers::KeyCompare(const void*, const void*) [with T = long long unsigned int]	0	static
../Middlewares/Third_Party/EdgeImpulse_plant_village_classification_MachineLearning/edgeimpulse/edge-impulse-sdk/third_party/flatbuffers/include/flatbuffers/flexbuffers.h:870:26:int flexbuffers::KeyCompare(const void*, const void*) [with T = unsigned char]	0	static
../Middlewares/Third_Party/EdgeImpulse_plant_village_classification_MachineLearning/edgeimpulse/edge-impulse-sdk/third_party/flatbuffers/include/flatbuffers/flexbuffers.h:870:26:int flexbuffers::KeyCompare(const void*, const void*) [with T = short unsigned int]	0	static
../Middlewares/Third_Party/EdgeImpulse_plant_village_classification_MachineLearning/edgeimpulse/edge-impulse-sdk/third_party/flatbuffers/include/flatbuffers/flexbuffers.h:870:26:int flexbuffers::KeyCompare(const void*, const void*) [with T = long unsigned int]	0	static
../Middlewares/Third_Party/EdgeImpulse_plant_village_classification_MachineLearning/edgeimpulse/edge-impulse-sdk/tensorflow/lite/kernels/custom/tree_ensemble_classifier.cpp:163:14:TfLiteStatus tflite::ops::custom::tree_ensemble_classifier::Eval(TfLiteContext*, TfLiteNode*)	56	static
../Middlewares/Third_Party/EdgeImpulse_plant_village_classification_MachineLearning/edgeimpulse/edge-impulse-sdk/third_party/flatbuffers/include/flatbuffers/fb_util.h:396:17:uint64_t flatbuffers::StringToUInt(const char*, int)	24	static
../Middlewares/Third_Party/EdgeImpulse_plant_village_classification_MachineLearning/edgeimpulse/edge-impulse-sdk/tensorflow/lite/kernels/custom/tree_ensemble_classifier.cpp:192:21:TfLiteRegistration* tflite::ops::custom::Register_TREE_ENSEMBLE_CLASSIFIER()	0	static
../Middlewares/Third_Party/EdgeImpulse_plant_village_classification_MachineLearning/edgeimpulse/edge-impulse-sdk/tensorflow/lite/kernels/custom/tree_ensemble_classifier.cpp:205:21:TfLiteRegistration* tflite::ops::custom::Register_TFLITE_TREE_ENSEMBLE_CLASSIFIER()	0	static
../Middlewares/Third_Party/EdgeImpulse_plant_village_classification_MachineLearning/edgeimpulse/edge-impulse-sdk/third_party/flatbuffers/include/flatbuffers/flexbuffers.h:138:3:R flexbuffers::ReadSizedScalar(const uint8_t*, uint8_t) [with R = long long unsigned int; T1 = unsigned char; T2 = short unsigned int; T4 = long unsigned int; T8 = long long unsigned int]	0	static
../Middlewares/Third_Party/EdgeImpulse_plant_village_classification_MachineLearning/edgeimpulse/edge-impulse-sdk/third_party/flatbuffers/include/flatbuffers/flexbuffers.h:764:18:const uint8_t* flexbuffers::Reference::Indirect() const	8	static
../Middlewares/Third_Party/EdgeImpulse_plant_village_classification_MachineLearning/edgeimpulse/edge-impulse-sdk/third_party/flatbuffers/include/flatbuffers/flexbuffers.h:225:3:flexbuffers::Sized::Sized(const uint8_t*, uint8_t)	8	static
../Middlewares/Third_Party/EdgeImpulse_plant_village_classification_MachineLearning/edgeimpulse/edge-impulse-sdk/third_party/flatbuffers/include/flatbuffers/flexbuffers.h:677:7:flexbuffers::Map flexbuffers::Reference::AsMap() const	16	static
../Middlewares/Third_Party/EdgeImpulse_plant_village_classification_MachineLearning/edgeimpulse/edge-impulse-sdk/third_party/flatbuffers/include/flatbuffers/flexbuffers.h:537:10:flexbuffers::String flexbuffers::Reference::AsString() const	16	static
../Middlewares/Third_Party/EdgeImpulse_plant_village_classification_MachineLearning/edgeimpulse/edge-impulse-sdk/third_party/flatbuffers/include/flatbuffers/flexbuffers.h:630:8:flexbuffers::Blob flexbuffers::Reference::AsBlob() const	16	static
../Middlewares/Third_Party/EdgeImpulse_plant_village_classification_MachineLearning/edgeimpulse/edge-impulse-sdk/third_party/flatbuffers/include/flatbuffers/flexbuffers.h:453:12:uint64_t flexbuffers::Reference::AsUInt64() const	24	static
../Middlewares/Third_Party/EdgeImpulse_plant_village_classification_MachineLearning/edgeimpulse/edge-impulse-sdk/third_party/flatbuffers/include/flatbuffers/flexbuffers.h:877:18:flexbuffers::Reference flexbuffers::Map::operator[](const char*) const	56	static
../Middlewares/Third_Party/EdgeImpulse_plant_village_classification_MachineLearning/edgeimpulse/edge-impulse-sdk/tensorflow/lite/kernels/custom/tree_ensemble_classifier.cpp:74:7:void* tflite::ops::custom::tree_ensemble_classifier::Init(TfLiteContext*, const char*, size_t)	48	static
../Middlewares/Third_Party/EdgeImpulse_plant_village_classification_MachineLearning/edgeimpulse/edge-impulse-sdk/tensorflow/lite/kernels/custom/tree_ensemble_classifier.cpp:100:14:TfLiteStatus tflite::ops::custom::tree_ensemble_classifier::Prepare(TfLiteContext*, TfLiteNode*)	72	static
