../Middlewares/Third_Party/EdgeImpulse_plant_village_classification_MachineLearning/edgeimpulse/edge-impulse-sdk/tensorflow/lite/micro/kernels/add.cpp:294:7:void* tflite::InitAdd(TfLiteContext*, const char*, size_t)	8	static
../Middlewares/Third_Party/EdgeImpulse_plant_village_classification_MachineLearning/edgeimpulse/edge-impulse-sdk/tensorflow/lite/micro/kernels/add.cpp:299:14:TfLiteStatus tflite::PrepareAdd(TfLiteContext*, TfLiteNode*)	96	static
../Middlewares/Third_Party/EdgeImpulse_plant_village_classification_MachineLearning/edgeimpulse/edge-impulse-sdk/tensorflow/lite/kernels/internal/runtime_shape.h:59:11:int32_t tflite::RuntimeShape::Dims(int) const	8	static
../Middlewares/Third_Party/EdgeImpulse_plant_village_classification_MachineLearning/edgeimpulse/edge-impulse-sdk/tensorflow/lite/kernels/internal/runtime_shape.h:86:7:int tflite::RuntimeShape::FlatSize() const	8	static
../Middlewares/Third_Party/EdgeImpulse_plant_village_classification_MachineLearning/edgeimpulse/edge-impulse-sdk/tensorflow/lite/kernels/internal/runtime_shape.h:99:3:tflite::RuntimeShape::RuntimeShape(int, const tflite::RuntimeShape&, int)	24	static
../Middlewares/Third_Party/EdgeImpulse_plant_village_classification_MachineLearning/edgeimpulse/edge-impulse-sdk/tensorflow/lite/kernels/internal/runtime_shape.h:123:12:int tflite::Offset(const RuntimeShape&, int, int, int, int)	16	static
../Middlewares/Third_Party/EdgeImpulse_plant_village_classification_MachineLearning/edgeimpulse/edge-impulse-sdk/tensorflow/lite/kernels/internal/types.h:299:12:int tflite::MatchingElementsSize(const RuntimeShape&, const RuntimeShape&, const RuntimeShape&)	16	static
../Middlewares/Third_Party/EdgeImpulse_plant_village_classification_MachineLearning/edgeimpulse/edge-impulse-sdk/tensorflow/lite/kernels/internal/common.h:960:12:int tflite::SubscriptToIndex(const NdArrayDesc<4>&, int, int, int, int)	16	static
../Middlewares/Third_Party/EdgeImpulse_plant_village_classification_MachineLearning/edgeimpulse/edge-impulse-sdk/tensorflow/lite/kernels/internal/reference/process_broadcast_shapes.h:40:13:bool tflite::reference_ops::ProcessBroadcastShapes(const tflite::RuntimeShape&, const tflite::RuntimeShape&, tflite::ArithmeticParams*)	80	static
../Middlewares/Third_Party/EdgeImpulse_plant_village_classification_MachineLearning/edgeimpulse/edge-impulse-sdk/tensorflow/lite/micro/kernels/add.cpp:401:20:TfLiteRegistration tflite::Register_ADD()	16	static
../Middlewares/Third_Party/EdgeImpulse_plant_village_classification_MachineLearning/edgeimpulse/edge-impulse-sdk/tensorflow/lite/micro/kernels/add.cpp:405:20:TfLiteRegistration tflite::Register_ADD_INT8()	16	static
../Middlewares/Third_Party/EdgeImpulse_plant_village_classification_MachineLearning/edgeimpulse/edge-impulse-sdk/tensorflow/lite/micro/kernels/add.cpp:409:20:TfLiteRegistration tflite::Register_ADD_INT16()	16	static
../Middlewares/Third_Party/EdgeImpulse_plant_village_classification_MachineLearning/edgeimpulse/edge-impulse-sdk/third_party/gemmlowp/fixedpoint/fixedpoint.h:357:20:IntegerType gemmlowp::RoundingDivideByPOT(IntegerType, int) [with IntegerType = long int]	8	static
../Middlewares/Third_Party/EdgeImpulse_plant_village_classification_MachineLearning/edgeimpulse/edge-impulse-sdk/tensorflow/lite/kernels/internal/common.h:238:16:int32_t tflite::MultiplyByQuantizedMultiplierSmallerThanOneExp(int32_t, int32_t, int)	16	static
../Middlewares/Third_Party/EdgeImpulse_plant_village_classification_MachineLearning/edgeimpulse/edge-impulse-sdk/tensorflow/lite/kernels/internal/common.h:1042:13:void tflite::CopyDimsToDesc(const RuntimeShape&, NdArrayDesc<N>*) [with int N = 4]	24	static
../Middlewares/Third_Party/EdgeImpulse_plant_village_classification_MachineLearning/edgeimpulse/edge-impulse-sdk/tensorflow/lite/kernels/internal/common.h:1053:13:void tflite::NdArrayDescsForElementwiseBroadcast(const RuntimeShape&, const RuntimeShape&, NdArrayDesc<N>*, NdArrayDesc<N>*) [with int N = 4]	72	static
../Middlewares/Third_Party/EdgeImpulse_plant_village_classification_MachineLearning/edgeimpulse/edge-impulse-sdk/tensorflow/lite/kernels/internal/reference/add.h:243:1:typename std::enable_if<(! tflite::is_small_integer<T>::value), void>::type tflite::reference_ops::BroadcastAdd4DSlow(const tflite::ArithmeticParams&, const tflite::RuntimeShape&, const T*, const tflite::RuntimeShape&, const T*, const tflite::RuntimeShape&, T*) [with T = float]	160	static
../Middlewares/Third_Party/EdgeImpulse_plant_village_classification_MachineLearning/edgeimpulse/edge-impulse-sdk/tensorflow/lite/kernels/internal/reference/add.h:243:1:typename std::enable_if<(! tflite::is_small_integer<T>::value), void>::type tflite::reference_ops::BroadcastAdd4DSlow(const tflite::ArithmeticParams&, const tflite::RuntimeShape&, const T*, const tflite::RuntimeShape&, const T*, const tflite::RuntimeShape&, T*) [with T = long int]	160	static
../Middlewares/Third_Party/EdgeImpulse_plant_village_classification_MachineLearning/edgeimpulse/edge-impulse-sdk/tensorflow/lite/kernels/internal/reference/add.h:288:1:typename std::enable_if<tflite::is_small_integer<T>::value, void>::type tflite::reference_ops::BroadcastAdd4DSlow(const tflite::ArithmeticParams&, const tflite::RuntimeShape&, const T*, const tflite::RuntimeShape&, const T*, const tflite::RuntimeShape&, T*) [with T = short int]	160	static
../Middlewares/Third_Party/EdgeImpulse_plant_village_classification_MachineLearning/edgeimpulse/edge-impulse-sdk/tensorflow/lite/micro/kernels/add.cpp:168:14:TfLiteStatus tflite::{anonymous}::EvalAddQuantizedInt16(TfLiteContext*, TfLiteNode*, TfLiteAddParams*, const OpData*, const TfLiteEvalTensor*, const TfLiteEvalTensor*, TfLiteEvalTensor*)	304	static
../Middlewares/Third_Party/EdgeImpulse_plant_village_classification_MachineLearning/edgeimpulse/edge-impulse-sdk/tensorflow/lite/micro/kernels/add.cpp:381:14:TfLiteStatus tflite::EvalAddInt16(TfLiteContext*, TfLiteNode*)	24	static
../Middlewares/Third_Party/EdgeImpulse_plant_village_classification_MachineLearning/edgeimpulse/edge-impulse-sdk/tensorflow/lite/micro/kernels/add.cpp:129:14:TfLiteStatus tflite::{anonymous}::EvalAddQuantizedInt8(TfLiteContext*, TfLiteNode*, TfLiteAddParams*, const OpData*, const TfLiteEvalTensor*, const TfLiteEvalTensor*, TfLiteEvalTensor*)	432	static
../Middlewares/Third_Party/EdgeImpulse_plant_village_classification_MachineLearning/edgeimpulse/edge-impulse-sdk/tensorflow/lite/micro/kernels/add.cpp:231:14:TfLiteStatus tflite::{anonymous}::EvalAddQuantized(TfLiteContext*, TfLiteNode*, TfLiteAddParams*, const OpData*, const TfLiteEvalTensor*, const TfLiteEvalTensor*, TfLiteEvalTensor*)	288	static
../Middlewares/Third_Party/EdgeImpulse_plant_village_classification_MachineLearning/edgeimpulse/edge-impulse-sdk/tensorflow/lite/micro/kernels/add.cpp:334:14:TfLiteStatus tflite::EvalAdd(TfLiteContext*, TfLiteNode*)	280	static
../Middlewares/Third_Party/EdgeImpulse_plant_village_classification_MachineLearning/edgeimpulse/edge-impulse-sdk/tensorflow/lite/micro/kernels/add.cpp:361:14:TfLiteStatus tflite::EvalAddInt8(TfLiteContext*, TfLiteNode*)	24	static
