../Middlewares/Third_Party/EdgeImpulse_plant_village_classification_MachineLearning/edgeimpulse/edge-impulse-sdk/tensorflow/lite/micro/kernels/add_n.cpp:136:14:TfLiteStatus tflite::{anonymous}::Prepare(TfLiteContext*, TfLiteNode*)	88	static
../Middlewares/Third_Party/EdgeImpulse_plant_village_classification_MachineLearning/edgeimpulse/edge-impulse-sdk/tensorflow/lite/kernels/internal/runtime_shape.h:86:7:int tflite::RuntimeShape::FlatSize() const	8	static
../Middlewares/Third_Party/EdgeImpulse_plant_village_classification_MachineLearning/edgeimpulse/edge-impulse-sdk/tensorflow/lite/kernels/internal/common.h:238:16:int32_t tflite::MultiplyByQuantizedMultiplierSmallerThanOneExp(int32_t, int32_t, int)	8	static
../Middlewares/Third_Party/EdgeImpulse_plant_village_classification_MachineLearning/edgeimpulse/edge-impulse-sdk/tensorflow/lite/micro/kernels/add_n.cpp:194:14:TfLiteStatus tflite::{anonymous}::Eval(TfLiteContext*, TfLiteNode*)	104	static
../Middlewares/Third_Party/EdgeImpulse_plant_village_classification_MachineLearning/edgeimpulse/edge-impulse-sdk/tensorflow/lite/micro/kernels/add_n.cpp:211:20:TfLiteRegistration tflite::Register_ADD_N()	16	static
