../Middlewares/Third_Party/EdgeImpulse_plant_village_classification_MachineLearning/edgeimpulse/edge-impulse-sdk/tensorflow/lite/micro/kernels/broadcast_args.cpp:31:14:TfLiteStatus tflite::{anonymous}::BroadcastArgsPrepare(TfLiteContext*, TfLiteNode*)	48	static
../Middlewares/Third_Party/EdgeImpulse_plant_village_classification_MachineLearning/edgeimpulse/edge-impulse-sdk/tensorflow/lite/kernels/internal/runtime_shape.h:86:7:int tflite::RuntimeShape::FlatSize() const	8	static
../Middlewares/Third_Party/EdgeImpulse_plant_village_classification_MachineLearning/edgeimpulse/edge-impulse-sdk/tensorflow/lite/micro/kernels/broadcast_args.cpp:62:14:TfLiteStatus tflite::{anonymous}::BroadcastArgsEval(TfLiteContext*, TfLiteNode*)	176	static
../Middlewares/Third_Party/EdgeImpulse_plant_village_classification_MachineLearning/edgeimpulse/edge-impulse-sdk/tensorflow/lite/micro/kernels/broadcast_args.cpp:86:20:TfLiteRegistration tflite::Register_BROADCAST_ARGS()	16	static
