../Middlewares/Third_Party/EdgeImpulse_plant_village_classification_MachineLearning/edgeimpulse/edge-impulse-sdk/tensorflow/lite/micro/kernels/broadcast_to.cpp:51:25:tflite::{anonymous}::ValidateOutputTensor(TfLiteContext*, TfLiteTensor*, TfLiteTensor*, TfLiteTensor*)::<lambda(int)>	0	static
../Middlewares/Third_Party/EdgeImpulse_plant_village_classification_MachineLearning/edgeimpulse/edge-impulse-sdk/tensorflow/lite/kernels/internal/runtime_shape.h:59:11:int32_t tflite::RuntimeShape::Dims(int) const	8	static
../Middlewares/Third_Party/EdgeImpulse_plant_village_classification_MachineLearning/edgeimpulse/edge-impulse-sdk/tensorflow/lite/micro/kernels/broadcast_to.cpp:76:14:TfLiteStatus tflite::{anonymous}::BroadcastToPrepare(TfLiteContext*, TfLiteNode*)	96	static
../Middlewares/Third_Party/EdgeImpulse_plant_village_classification_MachineLearning/edgeimpulse/edge-impulse-sdk/tensorflow/lite/kernels/internal/runtime_shape.h:99:3:tflite::RuntimeShape::RuntimeShape(int, const tflite::RuntimeShape&, int)	24	static
../Middlewares/Third_Party/EdgeImpulse_plant_village_classification_MachineLearning/edgeimpulse/edge-impulse-sdk/tensorflow/lite/kernels/internal/common.h:970:12:int tflite::SubscriptToIndex(const NdArrayDesc<5>&, int*)	12	static
../Middlewares/Third_Party/EdgeImpulse_plant_village_classification_MachineLearning/edgeimpulse/edge-impulse-sdk/tensorflow/lite/micro/kernels/broadcast_to.cpp:118:20:TfLiteRegistration tflite::Register_BROADCAST_TO()	16	static
../Middlewares/Third_Party/EdgeImpulse_plant_village_classification_MachineLearning/edgeimpulse/edge-impulse-sdk/tensorflow/lite/kernels/internal/common.h:1042:13:void tflite::CopyDimsToDesc(const RuntimeShape&, NdArrayDesc<N>*) [with int N = 5]	24	static
../Middlewares/Third_Party/EdgeImpulse_plant_village_classification_MachineLearning/edgeimpulse/edge-impulse-sdk/tensorflow/lite/kernels/internal/reference/broadcast_to.h:24:6:void tflite::reference_ops::BroadcastImpl(const tflite::NdArrayDesc<N>&, const char*, const tflite::NdArrayDesc<N>&, char*, int*, int, int, int) [with int N = 5]	64	static
../Middlewares/Third_Party/EdgeImpulse_plant_village_classification_MachineLearning/edgeimpulse/edge-impulse-sdk/tensorflow/lite/kernels/internal/reference/broadcast_to.h:62:13:void tflite::reference_ops::BroadcastTo(const tflite::RuntimeShape&, const char*, const tflite::RuntimeShape&, char*, TfLiteType) [with int N = 5]	160	static
../Middlewares/Third_Party/EdgeImpulse_plant_village_classification_MachineLearning/edgeimpulse/edge-impulse-sdk/tensorflow/lite/micro/kernels/broadcast_to.cpp:105:14:TfLiteStatus tflite::{anonymous}::BroadcastToEval(TfLiteContext*, TfLiteNode*)	72	static
