../Middlewares/Third_Party/EdgeImpulse_plant_village_classification_MachineLearning/edgeimpulse/edge-impulse-sdk/tensorflow/lite/micro/kernels/concatenation.cpp:69:13:void tflite::{anonymous}::GetShapesPointers(const tflite::RuntimeShape*, size_t, const tflite::RuntimeShape**)	12	static
../Middlewares/Third_Party/EdgeImpulse_plant_village_classification_MachineLearning/edgeimpulse/edge-impulse-sdk/tensorflow/lite/micro/kernels/concatenation.cpp:110:7:void* tflite::{anonymous}::Init(TfLiteContext*, const char*, size_t)	8	static
../Middlewares/Third_Party/EdgeImpulse_plant_village_classification_MachineLearning/edgeimpulse/edge-impulse-sdk/tensorflow/lite/micro/kernels/concatenation.cpp:56:13:void tflite::{anonymous}::GetAllInputTensorShapes(const TfLiteContext*, const TfLiteNode*, tflite::RuntimeShape*)	48	static
../Middlewares/Third_Party/EdgeImpulse_plant_village_classification_MachineLearning/edgeimpulse/edge-impulse-sdk/tensorflow/lite/micro/kernels/concatenation.cpp:116:14:TfLiteStatus tflite::{anonymous}::Prepare(TfLiteContext*, TfLiteNode*)	64	static
../Middlewares/Third_Party/EdgeImpulse_plant_village_classification_MachineLearning/edgeimpulse/edge-impulse-sdk/tensorflow/lite/kernels/internal/runtime_shape.h:59:11:int32_t tflite::RuntimeShape::Dims(int) const	8	static
../Middlewares/Third_Party/EdgeImpulse_plant_village_classification_MachineLearning/edgeimpulse/edge-impulse-sdk/tensorflow/lite/kernels/internal/types.h:263:12:int tflite::MatchingDim(const RuntimeShape&, int, const RuntimeShape&, int)	16	static
../Middlewares/Third_Party/EdgeImpulse_plant_village_classification_MachineLearning/edgeimpulse/edge-impulse-sdk/tensorflow/lite/micro/kernels/concatenation.cpp:90:6:void tflite::{anonymous}::EvalUnquantized(TfLiteContext*, TfLiteNode*) [with data_type = float]	400	static
../Middlewares/Third_Party/EdgeImpulse_plant_village_classification_MachineLearning/edgeimpulse/edge-impulse-sdk/tensorflow/lite/micro/kernels/concatenation.cpp:90:6:void tflite::{anonymous}::EvalUnquantized(TfLiteContext*, TfLiteNode*) [with data_type = long int]	400	static
../Middlewares/Third_Party/EdgeImpulse_plant_village_classification_MachineLearning/edgeimpulse/edge-impulse-sdk/tensorflow/lite/micro/kernels/concatenation.cpp:90:6:void tflite::{anonymous}::EvalUnquantized(TfLiteContext*, TfLiteNode*) [with data_type = signed char]	400	static
../Middlewares/Third_Party/EdgeImpulse_plant_village_classification_MachineLearning/edgeimpulse/edge-impulse-sdk/tensorflow/lite/micro/kernels/concatenation.cpp:90:6:void tflite::{anonymous}::EvalUnquantized(TfLiteContext*, TfLiteNode*) [with data_type = long long int]	400	static
../Middlewares/Third_Party/EdgeImpulse_plant_village_classification_MachineLearning/edgeimpulse/edge-impulse-sdk/tensorflow/lite/micro/kernels/concatenation.cpp:90:6:void tflite::{anonymous}::EvalUnquantized(TfLiteContext*, TfLiteNode*) [with data_type = short int]	400	static
../Middlewares/Third_Party/EdgeImpulse_plant_village_classification_MachineLearning/edgeimpulse/edge-impulse-sdk/tensorflow/lite/micro/kernels/concatenation.cpp:90:6:void tflite::{anonymous}::EvalUnquantized(TfLiteContext*, TfLiteNode*) [with data_type = bool]	400	static
../Middlewares/Third_Party/EdgeImpulse_plant_village_classification_MachineLearning/edgeimpulse/edge-impulse-sdk/tensorflow/lite/micro/kernels/concatenation.cpp:222:14:TfLiteStatus tflite::{anonymous}::Eval(TfLiteContext*, TfLiteNode*)	24	static
../Middlewares/Third_Party/EdgeImpulse_plant_village_classification_MachineLearning/edgeimpulse/edge-impulse-sdk/tensorflow/lite/micro/kernels/concatenation.cpp:259:20:TfLiteRegistration tflite::Register_CONCATENATION()	16	static
