../Middlewares/Third_Party/EdgeImpulse_plant_village_classification_MachineLearning/edgeimpulse/edge-impulse-sdk/tensorflow/lite/kernels/padding.h:44:12:int tflite::ComputeOutSize(TfLitePadding, int, int, int, int)	8	static
../Middlewares/Third_Party/EdgeImpulse_plant_village_classification_MachineLearning/edgeimpulse/edge-impulse-sdk/tensorflow/lite/micro/kernels/conv_common.cpp:37:12:tflite::ConvParams tflite::ConvParamsFloat(const TfLiteConvParams&, const OpDataConv&)	16	static
../Middlewares/Third_Party/EdgeImpulse_plant_village_classification_MachineLearning/edgeimpulse/edge-impulse-sdk/tensorflow/lite/micro/kernels/conv_common.cpp:54:12:tflite::ConvParams tflite::ConvParamsQuantized(const TfLiteConvParams&, const OpDataConv&)	16	static
../Middlewares/Third_Party/EdgeImpulse_plant_village_classification_MachineLearning/edgeimpulse/edge-impulse-sdk/tensorflow/lite/micro/kernels/conv_common.cpp:74:14:TfLiteStatus tflite::CalculateOpDataConv(TfLiteContext*, TfLiteNode*, const TfLiteConvParams&, int, int, int, int, int, int, TfLiteType, OpDataConv*)	96	static
../Middlewares/Third_Party/EdgeImpulse_plant_village_classification_MachineLearning/edgeimpulse/edge-impulse-sdk/tensorflow/lite/micro/kernels/conv_common.cpp:131:14:TfLiteStatus tflite::ConvPrepare(TfLiteContext*, TfLiteNode*)	128	static
