../Middlewares/Third_Party/EdgeImpulse_plant_village_classification_MachineLearning/edgeimpulse/edge-impulse-sdk/tensorflow/lite/micro/kernels/softmax.cpp:43:7:void* tflite::{anonymous}::Init(TfLiteContext*, const char*, size_t)	8	static
../Middlewares/Third_Party/EdgeImpulse_plant_village_classification_MachineLearning/edgeimpulse/edge-impulse-sdk/tensorflow/lite/micro/kernels/softmax.cpp:83:14:TfLiteStatus tflite::{anonymous}::SoftmaxEval(TfLiteContext*, TfLiteNode*)	32	static
../Middlewares/Third_Party/EdgeImpulse_plant_village_classification_MachineLearning/edgeimpulse/edge-impulse-sdk/tensorflow/lite/micro/kernels/softmax.cpp:198:14:TfLiteStatus tflite::{anonymous}::SoftmaxEvalInt16(TfLiteContext*, TfLiteNode*)	48	static
../Middlewares/Third_Party/EdgeImpulse_plant_village_classification_MachineLearning/edgeimpulse/edge-impulse-sdk/tensorflow/lite/micro/kernels/softmax.cpp:181:14:TfLiteStatus tflite::{anonymous}::SoftmaxEvalInt8_Int16(TfLiteContext*, TfLiteNode*)	40	static
../Middlewares/Third_Party/EdgeImpulse_plant_village_classification_MachineLearning/edgeimpulse/edge-impulse-sdk/tensorflow/lite/micro/kernels/softmax.cpp:164:14:TfLiteStatus tflite::{anonymous}::SoftmaxEvalInt8(TfLiteContext*, TfLiteNode*)	40	static
../Middlewares/Third_Party/EdgeImpulse_plant_village_classification_MachineLearning/edgeimpulse/edge-impulse-sdk/tensorflow/lite/kernels/internal/runtime_shape.h:59:11:int32_t tflite::RuntimeShape::Dims(int) const	8	static
../Middlewares/Third_Party/EdgeImpulse_plant_village_classification_MachineLearning/edgeimpulse/edge-impulse-sdk/tensorflow/lite/micro/kernels/softmax.cpp:49:14:TfLiteStatus tflite::{anonymous}::Prepare(TfLiteContext*, TfLiteNode*)	112	static
../Middlewares/Third_Party/EdgeImpulse_plant_village_classification_MachineLearning/edgeimpulse/edge-impulse-sdk/tensorflow/lite/micro/kernels/softmax.cpp:223:20:TfLiteRegistration tflite::Register_SOFTMAX()	16	static
../Middlewares/Third_Party/EdgeImpulse_plant_village_classification_MachineLearning/edgeimpulse/edge-impulse-sdk/tensorflow/lite/micro/kernels/softmax.cpp:227:20:TfLiteRegistration tflite::Register_SOFTMAX_INT8()	16	static
../Middlewares/Third_Party/EdgeImpulse_plant_village_classification_MachineLearning/edgeimpulse/edge-impulse-sdk/tensorflow/lite/micro/kernels/softmax.cpp:231:20:TfLiteRegistration tflite::Register_SOFTMAX_INT8_INT16()	16	static
../Middlewares/Third_Party/EdgeImpulse_plant_village_classification_MachineLearning/edgeimpulse/edge-impulse-sdk/tensorflow/lite/micro/kernels/softmax.cpp:235:20:TfLiteRegistration tflite::Register_SOFTMAX_INT16()	16	static
