Archive member included to satisfy reference by file (symbol)

../Middlewares/ST/AI/Lib/NetworkRuntime1020_CM4_GCC.a(ai_platform.o)
                              ./X-CUBE-AI/App/plants_village_pt.o (ai_buffer_array_item_set_address)
../Middlewares/ST/AI/Lib/NetworkRuntime1020_CM4_GCC.a(ai_platform_interface.o)
                              ./X-CUBE-AI/App/plants_village_pt.o (ai_platform_get_weights_map)
../Middlewares/ST/AI/Lib/NetworkRuntime1020_CM4_GCC.a(core_common.o)
                              ../Middlewares/ST/AI/Lib/NetworkRuntime1020_CM4_GCC.a(ai_platform_interface.o) (core_init)
../Middlewares/ST/AI/Lib/NetworkRuntime1020_CM4_GCC.a(core_mem_manager.o)
                              ../Middlewares/ST/AI/Lib/NetworkRuntime1020_CM4_GCC.a(ai_platform_interface.o) (core_mem_alloc)
../Middlewares/ST/AI/Lib/NetworkRuntime1020_CM4_GCC.a(layers.o)
                              ../Middlewares/ST/AI/Lib/NetworkRuntime1020_CM4_GCC.a(ai_platform_interface.o) (ai_check_custom_types)
../Middlewares/ST/AI/Lib/NetworkRuntime1020_CM4_GCC.a(layers_conv2d_sssa8_ch.o)
                              ./X-CUBE-AI/App/plants_village_pt.o (forward_conv2d_deep_3x3_sssa8_ch_nl_pool)
../Middlewares/ST/AI/Lib/NetworkRuntime1020_CM4_GCC.a(layers_conv2d_stm32_integer.o)
                              ./X-CUBE-AI/App/plants_village_pt.o (forward_dense_integer_SSSA)
../Middlewares/ST/AI/Lib/NetworkRuntime1020_CM4_GCC.a(layers_generic_float.o)
                              ./X-CUBE-AI/App/plants_village_pt.o (forward_pad)
../Middlewares/ST/AI/Lib/NetworkRuntime1020_CM4_GCC.a(layers_nl_stm32_integer.o)
                              ./X-CUBE-AI/App/plants_village_pt.o (forward_nl_integer)
../Middlewares/ST/AI/Lib/NetworkRuntime1020_CM4_GCC.a(layers_pad_generic.o)
                              ../Middlewares/ST/AI/Lib/NetworkRuntime1020_CM4_GCC.a(layers_generic_float.o) (forward_pad_8bit_ch1st_3x3_constant)
../Middlewares/ST/AI/Lib/NetworkRuntime1020_CM4_GCC.a(layers_pool_stm32_integer.o)
                              ./X-CUBE-AI/App/plants_village_pt.o (pool_func_mp_array_integer_INT8)
../Middlewares/ST/AI/Lib/NetworkRuntime1020_CM4_GCC.a(layers_resize.o)
                              ../Middlewares/ST/AI/Lib/NetworkRuntime1020_CM4_GCC.a(layers_generic_float.o) (forward_resize_nearest_if32of32)
../Middlewares/ST/AI/Lib/NetworkRuntime1020_CM4_GCC.a(layers_conv2d_integer_scratch.o)
                              ../Middlewares/ST/AI/Lib/NetworkRuntime1020_CM4_GCC.a(layers.o) (get_dense_scratch_size_s8)
../Middlewares/ST/AI/Lib/NetworkRuntime1020_CM4_GCC.a(forward_lite_argminmax.o)
                              ../Middlewares/ST/AI/Lib/NetworkRuntime1020_CM4_GCC.a(layers_generic_float.o) (forward_lite_argmax_if32)
../Middlewares/ST/AI/Lib/NetworkRuntime1020_CM4_GCC.a(forward_lite_dense_is8os8ws8_ch.o)
                              ../Middlewares/ST/AI/Lib/NetworkRuntime1020_CM4_GCC.a(layers_conv2d_stm32_integer.o) (forward_lite_dense_is8os8ws8_ch)
../Middlewares/ST/AI/Lib/NetworkRuntime1020_CM4_GCC.a(forward_lite_dense_is8os8ws8.o)
                              ../Middlewares/ST/AI/Lib/NetworkRuntime1020_CM4_GCC.a(layers_conv2d_stm32_integer.o) (forward_lite_dense_is8os8ws8)
../Middlewares/ST/AI/Lib/NetworkRuntime1020_CM4_GCC.a(forward_lite_maxpool_is8os8_scalepos.o)
                              ../Middlewares/ST/AI/Lib/NetworkRuntime1020_CM4_GCC.a(layers_pool_stm32_integer.o) (forward_lite_maxpool_is8os8_scalepos)
../Middlewares/ST/AI/Lib/NetworkRuntime1020_CM4_GCC.a(forward_lite_avepool_is8os8.o)
                              ../Middlewares/ST/AI/Lib/NetworkRuntime1020_CM4_GCC.a(layers_pool_stm32_integer.o) (forward_lite_avepool_is8os8)
../Middlewares/ST/AI/Lib/NetworkRuntime1020_CM4_GCC.a(forward_lite_conv2d_sssa8_ch.o)
                              ../Middlewares/ST/AI/Lib/NetworkRuntime1020_CM4_GCC.a(layers_conv2d_sssa8_ch.o) (forward_lite_conv2d_dilated_sssa8_ch)
../Middlewares/ST/AI/Lib/NetworkRuntime1020_CM4_GCC.a(lite_argminmax_if32_kernel.o)
                              ../Middlewares/ST/AI/Lib/NetworkRuntime1020_CM4_GCC.a(forward_lite_argminmax.o) (forward_lite_argmax_f32_kernel_ch)
../Middlewares/ST/AI/Lib/NetworkRuntime1020_CM4_GCC.a(lite_argminmax_is8_kernel.o)
                              ../Middlewares/ST/AI/Lib/NetworkRuntime1020_CM4_GCC.a(forward_lite_argminmax.o) (forward_lite_argmax_s8_kernel)
../Middlewares/ST/AI/Lib/NetworkRuntime1020_CM4_GCC.a(forward_lite_maxpool_is16os16.o)
                              ../Middlewares/ST/AI/Lib/NetworkRuntime1020_CM4_GCC.a(layers_pool_stm32_integer.o) (forward_lite_maxpool_is16os16_scalepos)
../Middlewares/ST/AI/Lib/NetworkRuntime1020_CM4_GCC.a(forward_lite_maxpool_is8os8.o)
                              ../Middlewares/ST/AI/Lib/NetworkRuntime1020_CM4_GCC.a(layers_pool_stm32_integer.o) (forward_lite_maxpool_is8os8_scaleneg)
../Middlewares/ST/AI/Lib/NetworkRuntime1020_CM4_GCC.a(forward_lite_maxpool_iu16ou16.o)
[...]
Memory Configuration

Name             Origin             Length             Attributes
CCMRAM           0x10000000         0x00010000         xrw
RAM              0x20000000         0x0001c000         xrw
FLASH            0x08000000         0x00100000         xr
*default*        0x00000000         0xffffffff

Linker script and memory map

LOAD /opt/st/stm32cubeide_2.0.0/plugins/com.st.stm32cube.ide.mcu.externaltools.gnu-tools-for-stm32.13.3.rel1.linux64_1.0.100.202509120712/tools/bin/../lib/gcc/arm-none-eabi/13.3.1/thumb/v7e-m+fp/hard/crti.o
LOAD /opt/st/stm32cubeide_2.0.0/plugins/com.st.stm32cube.ide.mcu.externaltools.gnu-tools-for-stm32.13.3.rel1.linux64_1.0.100.202509120712/tools/bin/../lib/gcc/arm-none-eabi/13.3.1/thumb/v7e-m+fp/hard/crtbegin.o
LOAD /opt/st/stm32cubeide_2.0.0/plugins/com.st.stm32cube.ide.mcu.externaltools.gnu-tools-for-stm32.13.3.rel1.linux64_1.0.100.202509120712/tools/bin/../lib/gcc/arm-none-eabi/13.3.1/../../../../arm-none-eabi/lib/thumb/v7e-m+fp/hard/crt0.o
LOAD ./Core/Src/main.o
LOAD ./Core/Src/stm32f4xx_hal_msp.o
LOAD ./Core/Src/stm32f4xx_it.o
LOAD ./Core/Src/sysmem.o
LOAD ./Core/Src/system_stm32f4xx.o
LOAD ./Core/Startup/startup_stm32f407vgtx.o
LOAD ./Drivers/STM32F4xx_HAL_Driver/Src/stm32f4xx_hal.o
LOAD ./Drivers/STM32F4xx_HAL_Driver/Src/stm32f4xx_hal_cortex.o
LOAD ./Drivers/STM32F4xx_HAL_Driver/Src/stm32f4xx_hal_crc.o
LOAD ./Drivers/STM32F4xx_HAL_Driver/Src/stm32f4xx_hal_dma.o
LOAD ./Drivers/STM32F4xx_HAL_Driver/Src/stm32f4xx_hal_dma_ex.o
LOAD ./Drivers/STM32F4xx_HAL_Driver/Src/stm32f4xx_hal_exti.o
LOAD ./Drivers/STM32F4xx_HAL_Driver/Src/stm32f4xx_hal_flash.o
LOAD ./Drivers/STM32F4xx_HAL_Driver/Src/stm32f4xx_hal_flash_ex.o
LOAD ./Drivers/STM32F4xx_HAL_Driver/Src/stm32f4xx_hal_flash_ramfunc.o
LOAD ./Drivers/STM32F4xx_HAL_Driver/Src/stm32f4xx_hal_gpio.o
LOAD ./Drivers/STM32F4xx_HAL_Driver/Src/stm32f4xx_hal_pwr.o
LOAD ./Drivers/STM32F4xx_HAL_Driver/Src/stm32f4xx_hal_pwr_ex.o
LOAD ./Drivers/STM32F4xx_HAL_Driver/Src/stm32f4xx_hal_rcc.o
LOAD ./Drivers/STM32F4xx_HAL_Driver/Src/stm32f4xx_hal_rcc_ex.o
LOAD ./Drivers/STM32F4xx_HAL_Driver/Src/stm32f4xx_hal_tim.o
LOAD ./Drivers/STM32F4xx_HAL_Driver/Src/stm32f4xx_hal_tim_ex.o
LOAD ./Drivers/STM32F4xx_HAL_Driver/Src/stm32f4xx_hal_uart.o
LOAD ./X-CUBE-AI/App/plants_village_pt.o
LOAD ./X-CUBE-AI/App/plants_village_pt_data.o
LOAD ./X-CUBE-AI/App/plants_village_pt_data_params.o
LOAD ./X-CUBE-AI/App/small_16_16.o
LOAD ./X-CUBE-AI/App/small_16_16_data.o
LOAD ./X-CUBE-AI/App/small_16_16_data_params.o
LOAD ../Middlewares/ST/AI/Lib/NetworkRuntime1020_CM4_GCC.a
START GROUP
LOAD /opt/st/stm32cubeide_2.0.0/plugins/com.st.stm32cube.ide.mcu.externaltools.gnu-tools-for-stm32.13.3.rel1.linux64_1.0.100.202509120712/tools/bin/../lib/gcc/arm-none-eabi/13.3.1/../../../../arm-none-eabi/lib/thumb/v7e-m+fp/hard/libc_nano.a
LOAD /opt/st/stm32cubeide_2.0.0/plugins/com.st.stm32cube.ide.mcu.externaltools.gnu-tools-for-stm32.13.3.rel1.linux64_1.0.100.202509120712/tools/bin/../lib/gcc/arm-none-eabi/13.3.1/../../../../arm-none-eabi/lib/thumb/v7e-m+fp/hard/libm.a
END GROUP
START GROUP
LOAD /opt/st/stm32cubeide_2.0.0/plugins/com.st.stm32cube.ide.mcu.externaltools.gnu-tools-for-stm32.13.3.rel1.linux64_1.0.100.202509120712/tools/bin/../lib/gcc/arm-none-eabi/13.3.1/thumb/v7e-m+fp/hard/libgcc.a
LOAD /opt/st/stm32cubeide_2.0.0/plugins/com.st.stm32cube.ide.mcu.externaltools.gnu-tools-for-stm32.13.3.rel1.linux64_1.0.100.202509120712/tools/bin/../lib/gcc/arm-none-eabi/13.3.1/../../../../arm-none-eabi/lib/thumb/v7e-m+fp/hard/libc_nano.a
END GROUP
START GROUP
LOAD /opt/st/stm32cubeide_2.0.0/plugins/com.st.stm32cube.ide.mcu.externaltools.gnu-tools-for-stm32.13.3.rel1.linux64_1.0.100.202509120712/tools/bin/../lib/gcc/arm-none-eabi/13.3.1/thumb/v7e-m+fp/hard/libgcc.a
LOAD /opt/st/stm32cubeide_2.0.0/plugins/com.st.stm32cube.ide.mcu.externaltools.gnu-tools-for-stm32.13.3.rel1.linux64_1.0.100.202509120712/tools/bin/../lib/gcc/arm-none-eabi/13.3.1/../../../../arm-none-eabi/lib/thumb/v7e-m+fp/hard/libc_nano.a
LOAD /opt/st/stm32cubeide_2.0.0/plugins/com.st.stm32cube.ide.mcu.externaltools.gnu-tools-for-stm32.13.3.rel1.linux64_1.0.100.202509120712/tools/bin/../lib/gcc/arm-none-eabi/13.3.1/../../../../arm-none-eabi/lib/thumb/v7e-m+fp/hard/libnosys.a
END GROUP
START GROUP
LOAD /opt/st/stm32cubeide_2.0.0/plugins/com.st.stm32cube.ide.mcu.externaltools.gnu-tools-for-stm32.13.3.rel1.linux64_1.0.100.202509120712/tools/bin/../lib/gcc/arm-none-eabi/13.3.1/thumb/v7e-m+fp/hard/libgcc.a
LOAD /opt/st/stm32cubeide_2.0.0/plugins/com.st.stm32cube.ide.mcu.externaltools.gnu-tools-for-stm32.13.3.rel1.linux64_1.0.100.202509120712/tools/bin/../lib/gcc/arm-none-eabi/13.3.1/../../../../arm-none-eabi/lib/thumb/v7e-m+fp/hard/libc_nano.a
LOAD /opt/st/stm32cubeide_2.0.0/plugins/com.st.stm32cube.ide.mcu.externaltools.gnu-tools-for-stm32.13.3.rel1.linux64_1.0.100.202509120712/tools/bin/../lib/gcc/arm-none-eabi/13.3.1/../../../../arm-none-eabi/lib/thumb/v7e-m+fp/hard/libnosys.a
END GROUP
LOAD /opt/st/stm32cubeide_2.0.0/plugins/com.st.stm32cube.ide.mcu.externaltools.gnu-tools-for-stm32.13.3.rel1.linux64_1.0.100.202509120712/tools/bin/../lib/gcc/arm-none-eabi/13.3.1/thumb/v7e-m+fp/hard/crtend.o
LOAD /opt/st/stm32cubeide_2.0.0/plugins/com.st.stm32cube.ide.mcu.externaltools.gnu-tools-for-stm32.13.3.rel1.linux64_1.0.100.202509120712/tools/bin/../lib/gcc/arm-none-eabi/13.3.1/thumb/v7e-m+fp/hard/crtn.o
                0x2001c000                        _estack = (ORIGIN (RAM) + LENGTH (RAM))
                0x00000800                        _Min_Heap_Size = 0x800
                0x00000800                        _Min_Stack_Size = 0x800

.isr_vector     0x08000000      0x188
                0x08000000                        . = ALIGN (0x4)
 *(.isr_vector)
 .isr_vector    0x08000000      0x188 ./Core/Startup/startup_stm32f407vgtx.o
                0x08000000                g_pfnVectors
                0x08000188                        . = ALIGN (0x4)

.text           0x08010000    0x13e94
                0x08010000                        . = ALIGN (0x4)
 *(.text)
 .text          0x08010000       0x40 /opt/st/stm32cubeide_2.0.0/plugins/com.st.stm32cube.ide.mcu.externaltools.gnu-tools-for-stm32.13.3.rel1.linux64_1.0.100.202509120712/tools/bin/../lib/gcc/arm-none-eabi/13.3.1/thumb/v7e-m+fp/hard/crtbegin.o
 .text          0x08010040       0xa0 /opt/st/stm32cubeide_2.0.0/plugins/com.st.stm32cube.ide.mcu.externaltools.gnu-tools-for-stm32.13.3.rel1.linux64_1.0.100.202509120712/tools/bin/../lib/gcc/arm-none-eabi/13.3.1/../../../../arm-none-eabi/lib/thumb/v7e-m+fp/hard/libc_nano.a(libc_a-memchr.o)
                0x08010040                memchr
 .text          0x080100e0       0x10 /opt/st/stm32cubeide_2.0.0/plugins/com.st.stm32cube.ide.mcu.externaltools.gnu-tools-for-stm32.13.3.rel1.linux64_1.0.100.202509120712/tools/bin/../lib/gcc/arm-none-eabi/13.3.1/../../../../arm-none-eabi/lib/thumb/v7e-m+fp/hard/libc_nano.a(libc_a-strlen.o)
                0x080100e0                strlen
 .text          0x080100f0      0x378 /opt/st/stm32cubeide_2.0.0/plugins/com.st.stm32cube.ide.mcu.externaltools.gnu-tools-for-stm32.13.3.rel1.linux64_1.0.100.202509120712/tools/bin/../lib/gcc/arm-none-eabi/13.3.1/thumb/v7e-m+fp/hard/libgcc.a(_arm_addsubdf3.o)
                0x080100f0                __aeabi_drsub
                0x080100f8                __aeabi_dsub
                0x080100f8                __subdf3
                0x080100fc                __adddf3
                0x080100fc                __aeabi_dadd
                0x08010374                __aeabi_ui2d
                0x08010374                __floatunsidf
                0x08010394                __floatsidf
                0x08010394                __aeabi_i2d
                0x080103b8                __extendsfdf2
                0x080103b8                __aeabi_f2d
                0x080103fc                __aeabi_ul2d
                0x080103fc                __floatundidf
                0x0801040c                __floatdidf
                0x0801040c                __aeabi_l2d
 .text          0x08010468      0x424 /opt/st/stm32cubeide_2.0.0/plugins/com.st.stm32cube.ide.mcu.externaltools.gnu-tools-for-stm32.13.3.rel1.linux64_1.0.100.202509120712/tools/bin/../lib/gcc/arm-none-eabi/13.3.1/thumb/v7e-m+fp/hard/libgcc.a(_arm_muldivdf3.o)
                0x08010468                __aeabi_dmul
                0x08010468                __muldf3
                0x080106bc                __aeabi_ddiv
                0x080106bc                __divdf3
 .text          0x0801088c      0x110 /opt/st/stm32cubeide_2.0.0/plugins/com.st.stm32cube.ide.mcu.externaltools.gnu-tools-for-stm32.13.3.rel1.linux64_1.0.100.202509120712/tools/bin/../lib/gcc/arm-none-eabi/13.3.1/thumb/v7e-m+fp/hard/libgcc.a(_arm_cmpdf2.o)
                0x0801088c                __gtdf2
                0x0801088c                __gedf2
                0x08010894                __ltdf2
                0x08010894                __ledf2
                0x0801089c                __cmpdf2
                0x0801089c                __eqdf2
                0x0801089c                __nedf2
                0x08010918                __aeabi_cdrcmple
                0x08010928                __aeabi_cdcmple
                0x08010928                __aeabi_cdcmpeq
                0x08010938                __aeabi_dcmpeq
                0x0801094c                __aeabi_dcmplt
                0x08010960                __aeabi_dcmple
                0x08010974                __aeabi_dcmpge
                0x08010988                __aeabi_dcmpgt
 .text          0x0801099c       0x2c /opt/st/stm32cubeide_2.0.0/plugins/com.st.stm32cube.ide.mcu.externaltools.gnu-tools-for-stm32.13.3.rel1.linux64_1.0.100.202509120712/tools/bin/../lib/gcc/arm-none-eabi/13.3.1/thumb/v7e-m+fp/hard/libgcc.a(_arm_unorddf2.o)
                0x0801099c                __aeabi_dcmpun
                0x0801099c                __unorddf2
 .text          0x080109c8       0x50 /opt/st/stm32cubeide_2.0.0/plugins/com.st.stm32cube.ide.mcu.externaltools.gnu-tools-for-stm32.13.3.rel1.linux64_1.0.100.202509120712/tools/bin/../lib/gcc/arm-none-eabi/13.3.1/thumb/v7e-m+fp/hard/libgcc.a(_arm_fixdfsi.o)
                0x080109c8                __fixdfsi
                0x080109c8                __aeabi_d2iz
 .text          0x08010a18       0x30 /opt/st/stm32cubeide_2.0.0/plugins/com.st.stm32cube.ide.mcu.externaltools.gnu-tools-for-stm32.13.3.rel1.linux64_1.0.100.202509120712/tools/bin/../lib/gcc/arm-none-eabi/13.3.1/thumb/v7e-m+fp/hard/libgcc.a(_aeabi_uldivmod.o)
                0x08010a18                __aeabi_uldivmod
 .text          0x08010a48       0x28 /opt/st/stm32cubeide_2.0.0/plugins/com.st.stm32cube.ide.mcu.externaltools.gnu-tools-for-stm32.13.3.rel1.linux64_1.0.100.202509120712/tools/bin/../lib/gcc/arm-none-eabi/13.3.1/thumb/v7e-m+fp/hard/libgcc.a(_fixsfdi.o)
                0x08010a48                __aeabi_f2lz
                0x08010a48                __fixsfdi
 .text          0x08010a70       0x40 /opt/st/stm32cubeide_2.0.0/plugins/com.st.stm32cube.ide.mcu.externaltools.gnu-tools-for-stm32.13.3.rel1.linux64_1.0.100.202509120712/tools/bin/../lib/gcc/arm-none-eabi/13.3.1/thumb/v7e-m+fp/hard/libgcc.a(_fixunssfdi.o)
                0x08010a70                __aeabi_f2ulz
                0x08010a70                __fixunssfdi
 .text          0x08010ab0      0x2f8 /opt/st/stm32cubeide_2.0.0/plugins/com.st.stm32cube.ide.mcu.externaltools.gnu-tools-for-stm32.13.3.rel1.linux64_1.0.100.202509120712/tools/bin/../lib/gcc/arm-none-eabi/13.3.1/thumb/v7e-m+fp/hard/libgcc.a(_udivmoddi4.o)
                0x08010ab0                __udivmoddi4
 .text          0x08010da8        0x4 /opt/st/stm32cubeide_2.0.0/plugins/com.st.stm32cube.ide.mcu.externaltools.gnu-tools-for-stm32.13.3.rel1.linux64_1.0.100.202509120712/tools/bin/../lib/gcc/arm-none-eabi/13.3.1/thumb/v7e-m+fp/hard/libgcc.a(_dvmd_tls.o)
                0x08010da8                __aeabi_ldiv0
                0x08010da8                __aeabi_idiv0
 .text          0x08010dac       0x40 /opt/st/stm32cubeide_2.0.0/plugins/com.st.stm32cube.ide.mcu.externaltools.gnu-tools-for-stm32.13.3.rel1.linux64_1.0.100.202509120712/tools/bin/../lib/gcc/arm-none-eabi/13.3.1/thumb/v7e-m+fp/hard/libgcc.a(_arm_fixunsdfsi.o)
                0x08010dac                __fixunsdfsi
                0x08010dac                __aeabi_d2uiz
 *(.text*)
 .text.SystemClock_Config
                0x08010dec       0xa8 ./Core/Src/main.o
                0x08010dec                SystemClock_Config
 .text.ai_print
                0x08010e94       0x24 ./Core/Src/main.o
                0x08010e94                ai_print
 .text.startup.main
                0x08010eb8      0x558 ./Core/Src/main.o
                0x08010eb8                main
 .text.HAL_MspInit
                0x08011410       0x3c ./Core/Src/stm32f4xx_hal_msp.o
                0x08011410                HAL_MspInit
 .text.HAL_CRC_MspInit
                0x0801144c       0x34 ./Core/Src/stm32f4xx_hal_msp.o
                0x0801144c                HAL_CRC_MspInit
 .text.HAL_TIM_Base_MspInit
                0x08011480       0x30 ./Core/Src/stm32f4xx_hal_msp.o
                0x08011480                HAL_TIM_Base_MspInit
 .text.HAL_UART_MspInit
                0x080114b0       0x78 ./Core/Src/stm32f4xx_hal_msp.o
                0x080114b0                HAL_UART_MspInit
 .text.NMI_Handler
                0x08011528        0x4 ./Core/Src/stm32f4xx_it.o
                0x08011528                NMI_Handler
 .text.HardFault_Handler
                0x0801152c        0x4 ./Core/Src/stm32f4xx_it.o
                0x0801152c                HardFault_Handler
 .text.MemManage_Handler
                0x08011530        0x4 ./Core/Src/stm32f4xx_it.o
                0x08011530                MemManage_Handler
 .text.BusFault_Handler
                0x08011534        0x4 ./Core/Src/stm32f4xx_it.o
                0x08011534                BusFault_Handler
 .text.UsageFault_Handler
                0x08011538        0x4 ./Core/Src/stm32f4xx_it.o
                0x08011538                UsageFault_Handler
 .text.SVC_Handler
                0x0801153c        0x4 ./Core/Src/stm32f4xx_it.o
                0x0801153c                SVC_Handler
 .text.DebugMon_Handler
                0x08011540        0x4 ./Core/Src/stm32f4xx_it.o
                0x08011540                DebugMon_Handler
 .text.PendSV_Handler
                0x08011544        0x4 ./Core/Src/stm32f4xx_it.o
                0x08011544                PendSV_Handler
 .text.SysTick_Handler
                0x08011548        0x4 ./Core/Src/stm32f4xx_it.o
                0x08011548                SysTick_Handler
 .text._sbrk    0x0801154c       0x44 ./Core/Src/sysmem.o
                0x0801154c                _sbrk
 .text.SystemInit
                0x08011590       0x14 ./Core/Src/system_stm32f4xx.o
                0x08011590                SystemInit
 .text.Reset_Handler
                0x080115a4       0x50 ./Core/Startup/startup_stm32f407vgtx.o
                0x080115a4                Reset_Handler
 .text.Default_Handler
                0x080115f4        0x2 ./Core/Startup/startup_stm32f407vgtx.o
                0x080115f4                RTC_Alarm_IRQHandler
                0x080115f4                HASH_RNG_IRQHandler
                0x080115f4                EXTI2_IRQHandler
                0x080115f4                TIM8_CC_IRQHandler
                0x080115f4                TIM1_CC_IRQHandler
                0x080115f4                DMA2_Stream5_IRQHandler
                0x080115f4                DMA1_Stream5_IRQHandler
                0x080115f4                PVD_IRQHandler
                0x080115f4                SDIO_IRQHandler
                0x080115f4                TAMP_STAMP_IRQHandler
                0x080115f4                CAN2_RX1_IRQHandler
                0x080115f4                EXTI3_IRQHandler
                0x080115f4                TIM8_TRG_COM_TIM14_IRQHandler
                0x080115f4                TIM1_UP_TIM10_IRQHandler
                0x080115f4                TIM8_UP_TIM13_IRQHandler
                0x080115f4                I2C3_ER_IRQHandler
                0x080115f4                EXTI0_IRQHandler
                0x080115f4                I2C2_EV_IRQHandler
                0x080115f4                DMA1_Stream2_IRQHandler
                0x080115f4                CAN1_RX0_IRQHandler
                0x080115f4                FPU_IRQHandler
                0x080115f4                OTG_HS_WKUP_IRQHandler
                0x080115f4                CAN2_SCE_IRQHandler
                0x080115f4                DMA2_Stream2_IRQHandler
                0x080115f4                SPI1_IRQHandler
                0x080115f4                TIM6_DAC_IRQHandler
                0x080115f4                TIM1_BRK_TIM9_IRQHandler
                0x080115f4                DCMI_IRQHandler
                0x080115f4                CAN2_RX0_IRQHandler
                0x080115f4                DMA2_Stream3_IRQHandler
                0x080115f4                USART6_IRQHandler
                0x080115f4                USART3_IRQHandler
                0x080115f4                CAN1_RX1_IRQHandler
                0x080115f4                UART5_IRQHandler
                0x080115f4                DMA2_Stream0_IRQHandler
                0x080115f4                TIM4_IRQHandler
                0x080115f4                I2C1_EV_IRQHandler
                0x080115f4                DMA1_Stream6_IRQHandler
                0x080115f4                DMA1_Stream1_IRQHandler
                0x080115f4                UART4_IRQHandler
                0x080115f4                TIM3_IRQHandler
                0x080115f4                RCC_IRQHandler
                0x080115f4                TIM8_BRK_TIM12_IRQHandler
                0x080115f4                Default_Handler
                0x080115f4                EXTI15_10_IRQHandler
                0x080115f4                ADC_IRQHandler
                0x080115f4                DMA1_Stream7_IRQHandler
                0x080115f4                TIM7_IRQHandler
                0x080115f4                CAN2_TX_IRQHandler
                0x080115f4                TIM5_IRQHandler
                0x080115f4                DMA2_Stream7_IRQHandler
                0x080115f4                I2C3_EV_IRQHandler
                0x080115f4                EXTI9_5_IRQHandler
                0x080115f4                RTC_WKUP_IRQHandler
                0x080115f4                ETH_WKUP_IRQHandler
                0x080115f4                SPI2_IRQHandler
                0x080115f4                OTG_HS_EP1_IN_IRQHandler
                0x080115f4                DMA1_Stream0_IRQHandler
                0x080115f4                CAN1_TX_IRQHandler
                0x080115f4                EXTI4_IRQHandler
                0x080115f4                FSMC_IRQHandler
                0x080115f4                ETH_IRQHandler
                0x080115f4                OTG_HS_EP1_OUT_IRQHandler
                0x080115f4                WWDG_IRQHandler
                0x080115f4                TIM2_IRQHandler
                0x080115f4                OTG_FS_WKUP_IRQHandler
                0x080115f4                TIM1_TRG_COM_TIM11_IRQHandler
                0x080115f4                OTG_HS_IRQHandler
                0x080115f4                EXTI1_IRQHandler
                0x080115f4                USART2_IRQHandler
                0x080115f4                I2C2_ER_IRQHandler
                0x080115f4                DMA2_Stream1_IRQHandler
                0x080115f4                CAN1_SCE_IRQHandler
                0x080115f4                FLASH_IRQHandler
                0x080115f4                DMA2_Stream4_IRQHandler
                0x080115f4                USART1_IRQHandler
                0x080115f4                OTG_FS_IRQHandler
                0x080115f4                SPI3_IRQHandler
                0x080115f4                DMA1_Stream4_IRQHandler
                0x080115f4                I2C1_ER_IRQHandler
                0x080115f4                DMA2_Stream6_IRQHandler
                0x080115f4                DMA1_Stream3_IRQHandler
 *fill*         0x080115f6        0x2 
 .text.HAL_InitTick
                0x080115f8       0x48 ./Drivers/STM32F4xx_HAL_Driver/Src/stm32f4xx_hal.o
                0x080115f8                HAL_InitTick
 .text.HAL_Init
                0x08011640       0x34 ./Drivers/STM32F4xx_HAL_Driver/Src/stm32f4xx_hal.o
                0x08011640                HAL_Init
 .text.HAL_IncTick
                0x08011674       0x18 ./Drivers/STM32F4xx_HAL_Driver/Src/stm32f4xx_hal.o
                0x08011674                HAL_IncTick
 .text.HAL_GetTick
                0x0801168c        0xc ./Drivers/STM32F4xx_HAL_Driver/Src/stm32f4xx_hal.o
                0x0801168c                HAL_GetTick
 .text.HAL_NVIC_SetPriorityGrouping
                0x08011698       0x24 ./Drivers/STM32F4xx_HAL_Driver/Src/stm32f4xx_hal_cortex.o
                0x08011698                HAL_NVIC_SetPriorityGrouping
 .text.HAL_NVIC_SetPriority
                0x080116bc       0x78 ./Drivers/STM32F4xx_HAL_Driver/Src/stm32f4xx_hal_cortex.o
                0x080116bc                HAL_NVIC_SetPriority
 .text.HAL_SYSTICK_Config
                0x08011734       0x34 ./Drivers/STM32F4xx_HAL_Driver/Src/stm32f4xx_hal_cortex.o
                0x08011734                HAL_SYSTICK_Config
 .text.HAL_CRC_Init
                0x08011768       0x28 ./Drivers/STM32F4xx_HAL_Driver/Src/stm32f4xx_hal_crc.o
                0x08011768                HAL_CRC_Init
 .text.HAL_GPIO_Init
                0x08011790      0x238 ./Drivers/STM32F4xx_HAL_Driver/Src/stm32f4xx_hal_gpio.o
                0x08011790                HAL_GPIO_Init
 .text.HAL_GPIO_WritePin
                0x080119c8        0x8 ./Drivers/STM32F4xx_HAL_Driver/Src/stm32f4xx_hal_gpio.o
                0x080119c8                HAL_GPIO_WritePin
 .text.HAL_RCC_OscConfig
                0x080119d0      0x3c4 ./Drivers/STM32F4xx_HAL_Driver/Src/stm32f4xx_hal_rcc.o
                0x080119d0                HAL_RCC_OscConfig
 .text.HAL_RCC_GetSysClockFreq
                0x08011d94       0x68 ./Drivers/STM32F4xx_HAL_Driver/Src/stm32f4xx_hal_rcc.o
                0x08011d94                HAL_RCC_GetSysClockFreq
 .text.HAL_RCC_ClockConfig
                0x08011dfc      0x13c ./Drivers/STM32F4xx_HAL_Driver/Src/stm32f4xx_hal_rcc.o
                0x08011dfc                HAL_RCC_ClockConfig
 .text.HAL_RCC_GetPCLK1Freq
                0x08011f38       0x20 ./Drivers/STM32F4xx_HAL_Driver/Src/stm32f4xx_hal_rcc.o
                0x08011f38                HAL_RCC_GetPCLK1Freq
 .text.HAL_RCC_GetPCLK2Freq
                0x08011f58       0x20 ./Drivers/STM32F4xx_HAL_Driver/Src/stm32f4xx_hal_rcc.o
                0x08011f58                HAL_RCC_GetPCLK2Freq
 .text.HAL_TIM_Base_Start
                0x08011f78       0x6c ./Drivers/STM32F4xx_HAL_Driver/Src/stm32f4xx_hal_tim.o
                0x08011f78                HAL_TIM_Base_Start
 .text.TIM_Base_SetConfig
                0x08011fe4       0xe0 ./Drivers/STM32F4xx_HAL_Driver/Src/stm32f4xx_hal_tim.o
                0x08011fe4                TIM_Base_SetConfig
 .text.HAL_TIM_Base_Init
                0x080120c4       0x5c ./Drivers/STM32F4xx_HAL_Driver/Src/stm32f4xx_hal_tim.o
                0x080120c4                HAL_TIM_Base_Init
 .text.HAL_TIMEx_MasterConfigSynchronization
                0x08012120       0x80 ./Drivers/STM32F4xx_HAL_Driver/Src/stm32f4xx_hal_tim_ex.o
                0x08012120                HAL_TIMEx_MasterConfigSynchronization
 .text.UART_SetConfig
                0x080121a0       0xcc ./Drivers/STM32F4xx_HAL_Driver/Src/stm32f4xx_hal_uart.o
 .text.HAL_UART_Init
                0x0801226c       0x64 ./Drivers/STM32F4xx_HAL_Driver/Src/stm32f4xx_hal_uart.o
                0x0801226c                HAL_UART_Init
 .text.HAL_UART_Transmit
                0x080122d0       0xdc ./Drivers/STM32F4xx_HAL_Driver/Src/stm32f4xx_hal_uart.o
                0x080122d0                HAL_UART_Transmit
 .text.ai_plants_village_pt_get_report
                0x080123ac       0xb0 ./X-CUBE-AI/App/plants_village_pt.o
                0x080123ac                ai_plants_village_pt_get_report
 .text.ai_plants_village_pt_get_error
                0x0801245c        0x4 ./X-CUBE-AI/App/plants_village_pt.o
                0x0801245c                ai_plants_village_pt_get_error
 .text.ai_plants_village_pt_inputs_get
                0x08012460       0x18 ./X-CUBE-AI/App/plants_village_pt.o
                0x08012460                ai_plants_village_pt_inputs_get
 .text.ai_plants_village_pt_outputs_get
                0x08012478       0x18 ./X-CUBE-AI/App/plants_village_pt.o
                0x08012478                ai_plants_village_pt_outputs_get
 .text.ai_plants_village_pt_init
                0x08012490      0x25c ./X-CUBE-AI/App/plants_village_pt.o
                0x08012490                ai_plants_village_pt_init
 .text.ai_plants_village_pt_create_and_init
                0x080126ec       0xb4 ./X-CUBE-AI/App/plants_village_pt.o
                0x080126ec                ai_plants_village_pt_create_and_init
 .text.ai_plants_village_pt_run
                0x080127a0        0x4 ./X-CUBE-AI/App/plants_village_pt.o
                0x080127a0                ai_plants_village_pt_run
 .text.ai_plants_village_pt_data_params_get
                0x080127a4       0x34 ./X-CUBE-AI/App/plants_village_pt_data.o
                0x080127a4                ai_plants_village_pt_data_params_get
 .text.ai_buffer_get_size
                0x080127d8       0x64 ../Middlewares/ST/AI/Lib/NetworkRuntime1020_CM4_GCC.a(ai_platform.o)
                0x080127d8                ai_buffer_get_size
 .text.ai_buffer_array_sane
                0x0801283c       0x14 ../Middlewares/ST/AI/Lib/NetworkRuntime1020_CM4_GCC.a(ai_platform.o)
                0x0801283c                ai_buffer_array_sane
 .text.ai_buffer_array_item_set_address
                0x08012850       0x1c ../Middlewares/ST/AI/Lib/NetworkRuntime1020_CM4_GCC.a(ai_platform.o)
                0x08012850                ai_buffer_array_item_set_address
 .text.ai_platform_get_weights_map
                0x0801286c       0xa4 ../Middlewares/ST/AI/Lib/NetworkRuntime1020_CM4_GCC.a(ai_platform_interface.o)
                0x0801286c                ai_platform_get_weights_map
 .text.ai_platform_get_activations_map
                0x08012910       0xa8 ../Middlewares/ST/AI/Lib/NetworkRuntime1020_CM4_GCC.a(ai_platform_interface.o)
                0x08012910                ai_platform_get_activations_map
 .text.ai_platform_bind_network_params
                0x080129b8       0x44 ../Middlewares/ST/AI/Lib/NetworkRuntime1020_CM4_GCC.a(ai_platform_interface.o)
                0x080129b8                ai_platform_bind_network_params
 .text.ai_platform_runtime_get_revision
                0x080129fc        0x8 ../Middlewares/ST/AI/Lib/NetworkRuntime1020_CM4_GCC.a(ai_platform_interface.o)
                0x080129fc                ai_platform_runtime_get_revision
 .text.ai_platform_runtime_get_version
                0x08012a04       0x2c ../Middlewares/ST/AI/Lib/NetworkRuntime1020_CM4_GCC.a(ai_platform_interface.o)
                0x08012a04                ai_platform_runtime_get_version
 .text.ai_platform_api_get_version
                0x08012a30       0x2c ../Middlewares/ST/AI/Lib/NetworkRuntime1020_CM4_GCC.a(ai_platform_interface.o)
                0x08012a30                ai_platform_api_get_version
 .text.ai_platform_interface_api_get_version
                0x08012a5c       0x2c ../Middlewares/ST/AI/Lib/NetworkRuntime1020_CM4_GCC.a(ai_platform_interface.o)
                0x08012a5c                ai_platform_interface_api_get_version
 .text.ai_platform_context_acquire
                0x08012a88       0x10 ../Middlewares/ST/AI/Lib/NetworkRuntime1020_CM4_GCC.a(ai_platform_interface.o)
                0x08012a88                ai_platform_context_acquire
 .text.ai_platform_network_get_error
                0x08012a98       0x18 ../Middlewares/ST/AI/Lib/NetworkRuntime1020_CM4_GCC.a(ai_platform_interface.o)
                0x08012a98                ai_platform_network_get_error
 .text.ai_platform_network_set_error
                0x08012ab0        0xc ../Middlewares/ST/AI/Lib/NetworkRuntime1020_CM4_GCC.a(ai_platform_interface.o)
                0x08012ab0                ai_platform_network_set_error
 .text.ai_platform_inputs_get
                0x08012abc       0xec ../Middlewares/ST/AI/Lib/NetworkRuntime1020_CM4_GCC.a(ai_platform_interface.o)
                0x08012abc                ai_platform_inputs_get
 .text.ai_platform_outputs_get
                0x08012ba8       0xe4 ../Middlewares/ST/AI/Lib/NetworkRuntime1020_CM4_GCC.a(ai_platform_interface.o)
                0x08012ba8                ai_platform_outputs_get
 .text.ai_platform_api_get_network_report
                0x08012c8c      0x354 ../Middlewares/ST/AI/Lib/NetworkRuntime1020_CM4_GCC.a(ai_platform_interface.o)
                0x08012c8c                ai_platform_api_get_network_report
 .text.ai_platform_network_create
                0x08012fe0       0x84 ../Middlewares/ST/AI/Lib/NetworkRuntime1020_CM4_GCC.a(ai_platform_interface.o)
                0x08012fe0                ai_platform_network_create
 .text.ai_platform_network_init
                0x08013064      0x130 ../Middlewares/ST/AI/Lib/NetworkRuntime1020_CM4_GCC.a(ai_platform_interface.o)
                0x08013064                ai_platform_network_init
 .text.ai_platform_network_post_init
                0x08013194       0x5c ../Middlewares/ST/AI/Lib/NetworkRuntime1020_CM4_GCC.a(ai_platform_interface.o)
                0x08013194                ai_platform_network_post_init
 .text.ai_platform_network_process
                0x080131f0      0x438 ../Middlewares/ST/AI/Lib/NetworkRuntime1020_CM4_GCC.a(ai_platform_interface.o)
                0x080131f0                ai_platform_network_process
 .text.core_init
                0x08013628        0x4 ../Middlewares/ST/AI/Lib/NetworkRuntime1020_CM4_GCC.a(core_common.o)
                0x08013628                core_init
 .text.core_get_error
                0x0801362c        0xc ../Middlewares/ST/AI/Lib/NetworkRuntime1020_CM4_GCC.a(core_common.o)
                0x0801362c                core_get_error
 .text.core_set_error
                0x08013638       0x18 ../Middlewares/ST/AI/Lib/NetworkRuntime1020_CM4_GCC.a(core_common.o)
                0x08013638                core_set_error
 .text.ai_check_custom_types
                0x08013650       0x54 ../Middlewares/ST/AI/Lib/NetworkRuntime1020_CM4_GCC.a(layers.o)
                0x08013650                ai_check_custom_types
 .text.ai_layers_init_all
                0x080136a4       0x20 ../Middlewares/ST/AI/Lib/NetworkRuntime1020_CM4_GCC.a(layers.o)
                0x080136a4                ai_layers_init_all
 .text.ai_layers_post_init_all
                0x080136c4       0x3c ../Middlewares/ST/AI/Lib/NetworkRuntime1020_CM4_GCC.a(layers.o)
                0x080136c4                ai_layers_post_init_all
 .text.ai_layers_forward_all
                0x08013700       0x90 ../Middlewares/ST/AI/Lib/NetworkRuntime1020_CM4_GCC.a(layers.o)
                0x08013700                ai_layers_forward_all
 .text.func_dummy
                0x08013790        0x4 ../Middlewares/ST/AI/Lib/NetworkRuntime1020_CM4_GCC.a(layers_conv2d_sssa8_ch.o)
 .text.forward_conv2d_deep_3x3_sssa8_ch_nl_pool
                0x08013794      0x4ac ../Middlewares/ST/AI/Lib/NetworkRuntime1020_CM4_GCC.a(layers_conv2d_sssa8_ch.o)
                0x08013794                forward_conv2d_deep_3x3_sssa8_ch_nl_pool
 .text.forward_conv2d_sssa8_ch_nl_pool
                0x08013c40      0x514 ../Middlewares/ST/AI/Lib/NetworkRuntime1020_CM4_GCC.a(layers_conv2d_sssa8_ch.o)
                0x08013c40                forward_conv2d_sssa8_ch_nl_pool
 .text.forward_dense_integer_SSSA
                0x08014154      0x1dc ../Middlewares/ST/AI/Lib/NetworkRuntime1020_CM4_GCC.a(layers_conv2d_stm32_integer.o)
                0x08014154                forward_dense_integer_SSSA
 .text.forward_pad
                0x08014330       0x20 ../Middlewares/ST/AI/Lib/NetworkRuntime1020_CM4_GCC.a(layers_generic_float.o)
                0x08014330                forward_pad
 .text.forward_transpose
                0x08014350      0x168 ../Middlewares/ST/AI/Lib/NetworkRuntime1020_CM4_GCC.a(layers_generic_float.o)
                0x08014350                forward_transpose
 .text.forward_nl_integer
                0x080144b8       0xa0 ../Middlewares/ST/AI/Lib/NetworkRuntime1020_CM4_GCC.a(layers_nl_stm32_integer.o)
                0x080144b8                forward_nl_integer
 .text.forward_pad_8bit_ch1st_3x3_constant
                0x08014558       0x94 ../Middlewares/ST/AI/Lib/NetworkRuntime1020_CM4_GCC.a(layers_pad_generic.o)
                0x08014558                forward_pad_8bit_ch1st_3x3_constant
 .text.forward_pad_constant
                0x080145ec       0x8c ../Middlewares/ST/AI/Lib/NetworkRuntime1020_CM4_GCC.a(layers_pad_generic.o)
                0x080145ec                forward_pad_constant
 .text.forward_pad_edge
                0x08014678       0x80 ../Middlewares/ST/AI/Lib/NetworkRuntime1020_CM4_GCC.a(layers_pad_generic.o)
                0x08014678                forward_pad_edge
 .text.forward_pad_reflect
                0x080146f8       0xa0 ../Middlewares/ST/AI/Lib/NetworkRuntime1020_CM4_GCC.a(layers_pad_generic.o)
                0x080146f8                forward_pad_reflect
 .text.pool_func_mp_array_integer_INT8
                0x08014798      0x1b0 ../Middlewares/ST/AI/Lib/NetworkRuntime1020_CM4_GCC.a(layers_pool_stm32_integer.o)
                0x08014798                pool_func_mp_array_integer_INT8
 .text.forward_lite_dense_is8os8ws8
                0x08014948       0x84 ../Middlewares/ST/AI/Lib/NetworkRuntime1020_CM4_GCC.a(forward_lite_dense_is8os8ws8.o)
                0x08014948                forward_lite_dense_is8os8ws8
 .text.forward_lite_maxpool_is8os8_scalepos
                0x080149cc      0x1c8 ../Middlewares/ST/AI/Lib/NetworkRuntime1020_CM4_GCC.a(forward_lite_maxpool_is8os8_scalepos.o)
                0x080149cc                forward_lite_maxpool_is8os8_scalepos
 .text.forward_lite_conv2d_deep_3x3_sssa8_ch
                0x08014b94      0x13c ../Middlewares/ST/AI/Lib/NetworkRuntime1020_CM4_GCC.a(forward_lite_conv2d_sssa8_ch.o)
                0x08014b94                forward_lite_conv2d_deep_3x3_sssa8_ch
 .text.forward_lite_conv2d_sssa8_ch
                0x08014cd0      0xa3c ../Middlewares/ST/AI/Lib/NetworkRuntime1020_CM4_GCC.a(forward_lite_conv2d_sssa8_ch.o)
                0x08014cd0                forward_lite_conv2d_sssa8_ch
 .text.forward_lite_maxpool_is8os8_scaleneg
                0x0801570c      0x1c4 ../Middlewares/ST/AI/Lib/NetworkRuntime1020_CM4_GCC.a(forward_lite_maxpool_is8os8.o)
                0x0801570c                forward_lite_maxpool_is8os8_scaleneg
 .text.forward_lite_pad_8bit_ch1st_3x3_constant_P0022
                0x080158d0       0x60 ../Middlewares/ST/AI/Lib/NetworkRuntime1020_CM4_GCC.a(forward_lite_pad_generic.o)
                0x080158d0                forward_lite_pad_8bit_ch1st_3x3_constant_P0022
 .text.forward_lite_pad_8bit_ch1st_3x3_constant_P1111
                0x08015930      0x184 ../Middlewares/ST/AI/Lib/NetworkRuntime1020_CM4_GCC.a(forward_lite_pad_generic.o)
                0x08015930                forward_lite_pad_8bit_ch1st_3x3_constant_P1111
 .text.forward_lite_pad_constant
                0x08015ab4      0x13c ../Middlewares/ST/AI/Lib/NetworkRuntime1020_CM4_GCC.a(forward_lite_pad_generic.o)
                0x08015ab4                forward_lite_pad_constant
 .text.forward_lite_pad_edge
                0x08015bf0       0xe4 ../Middlewares/ST/AI/Lib/NetworkRuntime1020_CM4_GCC.a(forward_lite_pad_generic.o)
                0x08015bf0                forward_lite_pad_edge
 .text.forward_lite_pad_reflect
                0x08015cd4      0x154 ../Middlewares/ST/AI/Lib/NetworkRuntime1020_CM4_GCC.a(forward_lite_pad_generic.o)
                0x08015cd4                forward_lite_pad_reflect
 .text.align_factor
                0x08015e28       0xa8 ../Middlewares/ST/AI/Lib/NetworkRuntime1020_CM4_GCC.a(st_align_factor.o)
                0x08015e28                align_factor
 .text.align_factor_ch
                0x08015ed0       0x60 ../Middlewares/ST/AI/Lib/NetworkRuntime1020_CM4_GCC.a(st_align_factor.o)
                0x08015ed0                align_factor_ch
 .text.st_int8_to16_no_shift
                0x08015f30       0xc4 ../Middlewares/ST/AI/Lib/NetworkRuntime1020_CM4_GCC.a(st_int8_to16_no_shift.o)
                0x08015f30                st_int8_to16_no_shift
 .text.st_int8_to16_no_shift_interleaved
                0x08015ff4       0x84 ../Middlewares/ST/AI/Lib/NetworkRuntime1020_CM4_GCC.a(st_int8_to16_no_shift.o)
                0x08015ff4                st_int8_to16_no_shift_interleaved
 .text.st_int8_to16_dual
                0x08016078      0x1d8 ../Middlewares/ST/AI/Lib/NetworkRuntime1020_CM4_GCC.a(st_int8_to16_no_shift.o)
                0x08016078                st_int8_to16_dual
 .text.st_int8_to16_dual_interleaved
                0x08016250      0x174 ../Middlewares/ST/AI/Lib/NetworkRuntime1020_CM4_GCC.a(st_int8_to16_no_shift.o)
                0x08016250                st_int8_to16_dual_interleaved
 .text.ai_padding_opt_init
                0x080163c4       0xb0 ../Middlewares/ST/AI/Lib/NetworkRuntime1020_CM4_GCC.a(st_padding_opt.o)
                0x080163c4                ai_padding_opt_init
 .text.ai_padding_opt_phase1
                0x08016474       0x34 ../Middlewares/ST/AI/Lib/NetworkRuntime1020_CM4_GCC.a(st_padding_opt.o)
                0x08016474                ai_padding_opt_phase1
 .text.st_int16_fill
                0x080164a8       0x40 ../Middlewares/ST/AI/Lib/NetworkRuntime1020_CM4_GCC.a(st_int16_fill.o)
                0x080164a8                st_int16_fill
 .text.st_sssa8_ch_convolve_rank1upd
                0x080164e8      0x128 ../Middlewares/ST/AI/Lib/NetworkRuntime1020_CM4_GCC.a(st_sssa8_ch_convolve.o)
                0x080164e8                st_sssa8_ch_convolve_rank1upd
 .text.st_sssa8_fully_connected
                0x08016610      0x368 ../Middlewares/ST/AI/Lib/NetworkRuntime1020_CM4_GCC.a(st_sssa8_dense.o)
                0x08016610                st_sssa8_fully_connected
 .text.st_int8_copy
                0x08016978      0x13c ../Middlewares/ST/AI/Lib/NetworkRuntime1020_CM4_GCC.a(st_int8_fill.o)
                0x08016978                st_int8_copy
 .text.st_int8_fill
                0x08016ab4       0x80 ../Middlewares/ST/AI/Lib/NetworkRuntime1020_CM4_GCC.a(st_int8_fill.o)
                0x08016ab4                st_int8_fill
 .text.st_int8_reordered_no_shift_zero
                0x08016b34       0x68 ../Middlewares/ST/AI/Lib/NetworkRuntime1020_CM4_GCC.a(st_int8_reordered_no_shift.o)
                0x08016b34                st_int8_reordered_no_shift_zero
 .text.st_sssa8_ch_nn_mat_mult_kernel_single_opt
                0x08016b9c      0x344 ../Middlewares/ST/AI/Lib/NetworkRuntime1020_CM4_GCC.a(st_sssa8_ch_nn_mat_mult_kernel_single_opt.o)
                0x08016b9c                st_sssa8_ch_nn_mat_mult_kernel_single_opt
 .text.st_sssa8_dense_memopt_loop
                0x08016ee0      0x794 ../Middlewares/ST/AI/Lib/NetworkRuntime1020_CM4_GCC.a(st_sssa8_dense_loop.o)
                0x08016ee0                st_sssa8_dense_loop
                0x08017290                st_sssa8_dense_memopt_loop
 *fill*         0x08017674     0x898c 
 .text.st_sssa8_ch_nn_mat_mult_deep_conv2d_3x3
                0x08020000      0xb30 ../Middlewares/ST/AI/Lib/NetworkRuntime1020_CM4_GCC.a(st_sssa8_ch_nn_mat_mult_deep_conv2d_3x3.o)
                0x08020000                st_sssa8_ch_nn_mat_mult_deep_conv2d_3x3
 .text.st_sssa8_ch_nn_mat_mult_kernel_opt
                0x08020b30      0x33c ../Middlewares/ST/AI/Lib/NetworkRuntime1020_CM4_GCC.a(st_sssa8_ch_nn_mat_mult_kernel_opt.o)
                0x08020b30                st_sssa8_ch_nn_mat_mult_kernel_opt
 .text.ai_array_to_buffer_fmt
                0x08020e6c       0xe0 ../Middlewares/ST/AI/Lib/NetworkRuntime1020_CM4_GCC.a(ai_datatypes_format.o)
                0x08020e6c                ai_array_to_buffer_fmt
 .text.ai_array_get_byte_size
                0x08020f4c       0x3c ../Middlewares/ST/AI/Lib/NetworkRuntime1020_CM4_GCC.a(ai_datatypes_format.o)
                0x08020f4c                ai_array_get_byte_size
 .text.ai_array_get_data_byte_size
                0x08020f88       0x24 ../Middlewares/ST/AI/Lib/NetworkRuntime1020_CM4_GCC.a(ai_datatypes_format.o)
                0x08020f88                ai_array_get_data_byte_size
 .text.ai_version_get
                0x08020fac        0xc ../Middlewares/ST/AI/Lib/NetworkRuntime1020_CM4_GCC.a(ai_datatypes_internal.o)
                0x08020fac                ai_version_get
 .text.ai_platform_version_get
                0x08020fb8       0x24 ../Middlewares/ST/AI/Lib/NetworkRuntime1020_CM4_GCC.a(ai_datatypes_internal.o)
                0x08020fb8                ai_platform_version_get
 .text.get_tensor_byte_size
                0x08020fdc       0x30 ../Middlewares/ST/AI/Lib/NetworkRuntime1020_CM4_GCC.a(ai_datatypes_internal.o)
                0x08020fdc                get_tensor_byte_size
 .text.core_tensor_clone
                0x0802100c       0x64 ../Middlewares/ST/AI/Lib/NetworkRuntime1020_CM4_GCC.a(core_utils.o)
                0x0802100c                core_tensor_clone
 .text.core_array_clone
                0x08021070        0xc ../Middlewares/ST/AI/Lib/NetworkRuntime1020_CM4_GCC.a(core_utils.o)
                0x08021070                core_array_clone
 .text.malloc   0x0802107c       0x10 /opt/st/stm32cubeide_2.0.0/plugins/com.st.stm32cube.ide.mcu.externaltools.gnu-tools-for-stm32.13.3.rel1.linux64_1.0.100.202509120712/tools/bin/../lib/gcc/arm-none-eabi/13.3.1/../../../../arm-none-eabi/lib/thumb/v7e-m+fp/hard/libc_nano.a(libc_a-malloc.o)
                0x0802107c                malloc
 .text.sbrk_aligned
                0x0802108c       0x44 /opt/st/stm32cubeide_2.0.0/plugins/com.st.stm32cube.ide.mcu.externaltools.gnu-tools-for-stm32.13.3.rel1.linux64_1.0.100.202509120712/tools/bin/../lib/gcc/arm-none-eabi/13.3.1/../../../../arm-none-eabi/lib/thumb/v7e-m+fp/hard/libc_nano.a(libc_a-mallocr.o)
 .text._malloc_r
                0x080210d0      0x100 /opt/st/stm32cubeide_2.0.0/plugins/com.st.stm32cube.ide.mcu.externaltools.gnu-tools-for-stm32.13.3.rel1.linux64_1.0.100.202509120712/tools/bin/../lib/gcc/arm-none-eabi/13.3.1/../../../../arm-none-eabi/lib/thumb/v7e-m+fp/hard/libc_nano.a(libc_a-mallocr.o)
                0x080210d0                _malloc_r
 .text.__malloc_lock
                0x080211d0        0xc /opt/st/stm32cubeide_2.0.0/plugins/com.st.stm32cube.ide.mcu.externaltools.gnu-tools-for-stm32.13.3.rel1.linux64_1.0.100.202509120712/tools/bin/../lib/gcc/arm-none-eabi/13.3.1/../../../../arm-none-eabi/lib/thumb/v7e-m+fp/hard/libc_nano.a(libc_a-mlock.o)
                0x080211d0                __malloc_lock
 .text.__malloc_unlock
                0x080211dc        0xc /opt/st/stm32cubeide_2.0.0/plugins/com.st.stm32cube.ide.mcu.externaltools.gnu-tools-for-stm32.13.3.rel1.linux64_1.0.100.202509120712/tools/bin/../lib/gcc/arm-none-eabi/13.3.1/../../../../arm-none-eabi/lib/thumb/v7e-m+fp/hard/libc_nano.a(libc_a-mlock.o)
                0x080211dc                __malloc_unlock
 .text.srand    0x080211e8       0x5c /opt/st/stm32cubeide_2.0.0/plugins/com.st.stm32cube.ide.mcu.externaltools.gnu-tools-for-stm32.13.3.rel1.linux64_1.0.100.202509120712/tools/bin/../lib/gcc/arm-none-eabi/13.3.1/../../../../arm-none-eabi/lib/thumb/v7e-m+fp/hard/libc_nano.a(libc_a-rand.o)
                0x080211e8                srand
 .text._realloc_r
                0x08021244       0x5c /opt/st/stm32cubeide_2.0.0/plugins/com.st.stm32cube.ide.mcu.externaltools.gnu-tools-for-stm32.13.3.rel1.linux64_1.0.100.202509120712/tools/bin/../lib/gcc/arm-none-eabi/13.3.1/../../../../arm-none-eabi/lib/thumb/v7e-m+fp/hard/libc_nano.a(libc_a-reallocr.o)
                0x08021244                _realloc_r
 .text.__cvt    0x080212a0       0xca /opt/st/stm32cubeide_2.0.0/plugins/com.st.stm32cube.ide.mcu.externaltools.gnu-tools-for-stm32.13.3.rel1.linux64_1.0.100.202509120712/tools/bin/../lib/gcc/arm-none-eabi/13.3.1/../../../../arm-none-eabi/lib/thumb/v7e-m+fp/hard/libc_nano.a(libc_a-nano-vfprintf_float.o)
                0x080212a0                __cvt
 .text.__exponent
                0x0802136a       0x74 /opt/st/stm32cubeide_2.0.0/plugins/com.st.stm32cube.ide.mcu.externaltools.gnu-tools-for-stm32.13.3.rel1.linux64_1.0.100.202509120712/tools/bin/../lib/gcc/arm-none-eabi/13.3.1/../../../../arm-none-eabi/lib/thumb/v7e-m+fp/hard/libc_nano.a(libc_a-nano-vfprintf_float.o)
                0x0802136a                __exponent
 *fill*         0x080213de        0x2 
 .text._printf_float
                0x080213e0      0x454 /opt/st/stm32cubeide_2.0.0/plugins/com.st.stm32cube.ide.mcu.externaltools.gnu-tools-for-stm32.13.3.rel1.linux64_1.0.100.202509120712/tools/bin/../lib/gcc/arm-none-eabi/13.3.1/../../../../arm-none-eabi/lib/thumb/v7e-m+fp/hard/libc_nano.a(libc_a-nano-vfprintf_float.o)
                0x080213e0                _printf_float
 .text._printf_common
                0x08021834       0xda /opt/st/stm32cubeide_2.0.0/plugins/com.st.stm32cube.ide.mcu.externaltools.gnu-tools-for-stm32.13.3.rel1.linux64_1.0.100.202509120712/tools/bin/../lib/gcc/arm-none-eabi/13.3.1/../../../../arm-none-eabi/lib/thumb/v7e-m+fp/hard/libc_nano.a(libc_a-nano-vfprintf_i.o)
                0x08021834                _printf_common
 *fill*         0x0802190e        0x2 
 .text._printf_i
                0x08021910      0x23c /opt/st/stm32cubeide_2.0.0/plugins/com.st.stm32cube.ide.mcu.externaltools.gnu-tools-for-stm32.13.3.rel1.linux64_1.0.100.202509120712/tools/bin/../lib/gcc/arm-none-eabi/13.3.1/../../../../arm-none-eabi/lib/thumb/v7e-m+fp/hard/libc_nano.a(libc_a-nano-vfprintf_i.o)
                0x08021910                _printf_i
 .text.std      0x08021b4c       0x6c /opt/st/stm32cubeide_2.0.0/plugins/com.st.stm32cube.ide.mcu.externaltools.gnu-tools-for-stm32.13.3.rel1.linux64_1.0.100.202509120712/tools/bin/../lib/gcc/arm-none-eabi/13.3.1/../../../../arm-none-eabi/lib/thumb/v7e-m+fp/hard/libc_nano.a(libc_a-findfp.o)
 .text.stdio_exit_handler
                0x08021bb8       0x18 /opt/st/stm32cubeide_2.0.0/plugins/com.st.stm32cube.ide.mcu.externaltools.gnu-tools-for-stm32.13.3.rel1.linux64_1.0.100.202509120712/tools/bin/../lib/gcc/arm-none-eabi/13.3.1/../../../../arm-none-eabi/lib/thumb/v7e-m+fp/hard/libc_nano.a(libc_a-findfp.o)
 .text.cleanup_stdio
                0x08021bd0       0x40 /opt/st/stm32cubeide_2.0.0/plugins/com.st.stm32cube.ide.mcu.externaltools.gnu-tools-for-stm32.13.3.rel1.linux64_1.0.100.202509120712/tools/bin/../lib/gcc/arm-none-eabi/13.3.1/../../../../arm-none-eabi/lib/thumb/v7e-m+fp/hard/libc_nano.a(libc_a-findfp.o)
 .text.global_stdio_init.part.0
                0x08021c10       0x3c /opt/st/stm32cubeide_2.0.0/plugins/com.st.stm32cube.ide.mcu.externaltools.gnu-tools-for-stm32.13.3.rel1.linux64_1.0.100.202509120712/tools/bin/../lib/gcc/arm-none-eabi/13.3.1/../../../../arm-none-eabi/lib/thumb/v7e-m+fp/hard/libc_nano.a(libc_a-findfp.o)
 .text.__sfp_lock_acquire
                0x08021c4c        0xc /opt/st/stm32cubeide_2.0.0/plugins/com.st.stm32cube.ide.mcu.externaltools.gnu-tools-for-stm32.13.3.rel1.linux64_1.0.100.202509120712/tools/bin/../lib/gcc/arm-none-eabi/13.3.1/../../../../arm-none-eabi/lib/thumb/v7e-m+fp/hard/libc_nano.a(libc_a-findfp.o)
                0x08021c4c                __sfp_lock_acquire
 .text.__sfp_lock_release
                0x08021c58        0xc /opt/st/stm32cubeide_2.0.0/plugins/com.st.stm32cube.ide.mcu.externaltools.gnu-tools-for-stm32.13.3.rel1.linux64_1.0.100.202509120712/tools/bin/../lib/gcc/arm-none-eabi/13.3.1/../../../../arm-none-eabi/lib/thumb/v7e-m+fp/hard/libc_nano.a(libc_a-findfp.o)
                0x08021c58                __sfp_lock_release
 .text.__sinit  0x08021c64       0x30 /opt/st/stm32cubeide_2.0.0/plugins/com.st.stm32cube.ide.mcu.externaltools.gnu-tools-for-stm32.13.3.rel1.linux64_1.0.100.202509120712/tools/bin/../lib/gcc/arm-none-eabi/13.3.1/../../../../arm-none-eabi/lib/thumb/v7e-m+fp/hard/libc_nano.a(libc_a-findfp.o)
                0x08021c64                __sinit
 .text._fwalk_sglue
                0x08021c94       0x3c /opt/st/stm32cubeide_2.0.0/plugins/com.st.stm32cube.ide.mcu.externaltools.gnu-tools-for-stm32.13.3.rel1.linux64_1.0.100.202509120712/tools/bin/../lib/gcc/arm-none-eabi/13.3.1/../../../../arm-none-eabi/lib/thumb/v7e-m+fp/hard/libc_nano.a(libc_a-fwalk.o)
                0x08021c94                _fwalk_sglue
 .text.sprintf  0x08021cd0       0x44 /opt/st/stm32cubeide_2.0.0/plugins/com.st.stm32cube.ide.mcu.externaltools.gnu-tools-for-stm32.13.3.rel1.linux64_1.0.100.202509120712/tools/bin/../lib/gcc/arm-none-eabi/13.3.1/../../../../arm-none-eabi/lib/thumb/v7e-m+fp/hard/libc_nano.a(libc_a-sprintf.o)
                0x08021cd0                sprintf
                0x08021cd0                siprintf
 .text.__sread  0x08021d14       0x22 /opt/st/stm32cubeide_2.0.0/plugins/com.st.stm32cube.ide.mcu.externaltools.gnu-tools-for-stm32.13.3.rel1.linux64_1.0.100.202509120712/tools/bin/../lib/gcc/arm-none-eabi/13.3.1/../../../../arm-none-eabi/lib/thumb/v7e-m+fp/hard/libc_nano.a(libc_a-stdio.o)
                0x08021d14                __sread
 .text.__swrite
                0x08021d36       0x38 /opt/st/stm32cubeide_2.0.0/plugins/com.st.stm32cube.ide.mcu.externaltools.gnu-tools-for-stm32.13.3.rel1.linux64_1.0.100.202509120712/tools/bin/../lib/gcc/arm-none-eabi/13.3.1/../../../../arm-none-eabi/lib/thumb/v7e-m+fp/hard/libc_nano.a(libc_a-stdio.o)
                0x08021d36                __swrite
 .text.__sseek  0x08021d6e       0x24 /opt/st/stm32cubeide_2.0.0/plugins/com.st.stm32cube.ide.mcu.externaltools.gnu-tools-for-stm32.13.3.rel1.linux64_1.0.100.202509120712/tools/bin/../lib/gcc/arm-none-eabi/13.3.1/../../../../arm-none-eabi/lib/thumb/v7e-m+fp/hard/libc_nano.a(libc_a-stdio.o)
                0x08021d6e                __sseek
 .text.__sclose
                0x08021d92        0x8 /opt/st/stm32cubeide_2.0.0/plugins/com.st.stm32cube.ide.mcu.externaltools.gnu-tools-for-stm32.13.3.rel1.linux64_1.0.100.202509120712/tools/bin/../lib/gcc/arm-none-eabi/13.3.1/../../../../arm-none-eabi/lib/thumb/v7e-m+fp/hard/libc_nano.a(libc_a-stdio.o)
                0x08021d92                __sclose
 .text.memmove  0x08021d9a       0x34 /opt/st/stm32cubeide_2.0.0/plugins/com.st.stm32cube.ide.mcu.externaltools.gnu-tools-for-stm32.13.3.rel1.linux64_1.0.100.202509120712/tools/bin/../lib/gcc/arm-none-eabi/13.3.1/../../../../arm-none-eabi/lib/thumb/v7e-m+fp/hard/libc_nano.a(libc_a-memmove.o)
                0x08021d9a                memmove
 .text.memset   0x08021dce       0x10 /opt/st/stm32cubeide_2.0.0/plugins/com.st.stm32cube.ide.mcu.externaltools.gnu-tools-for-stm32.13.3.rel1.linux64_1.0.100.202509120712/tools/bin/../lib/gcc/arm-none-eabi/13.3.1/../../../../arm-none-eabi/lib/thumb/v7e-m+fp/hard/libc_nano.a(libc_a-memset.o)
                0x08021dce                memset
 *fill*         0x08021dde        0x2 
 .text._localeconv_r
                0x08021de0        0x8 /opt/st/stm32cubeide_2.0.0/plugins/com.st.stm32cube.ide.mcu.externaltools.gnu-tools-for-stm32.13.3.rel1.linux64_1.0.100.202509120712/tools/bin/../lib/gcc/arm-none-eabi/13.3.1/../../../../arm-none-eabi/lib/thumb/v7e-m+fp/hard/libc_nano.a(libc_a-localeconv.o)
                0x08021de0                _localeconv_r
 .text._close_r
                0x08021de8       0x20 /opt/st/stm32cubeide_2.0.0/plugins/com.st.stm32cube.ide.mcu.externaltools.gnu-tools-for-stm32.13.3.rel1.linux64_1.0.100.202509120712/tools/bin/../lib/gcc/arm-none-eabi/13.3.1/../../../../arm-none-eabi/lib/thumb/v7e-m+fp/hard/libc_nano.a(libc_a-closer.o)
                0x08021de8                _close_r
 .text._lseek_r
                0x08021e08       0x24 /opt/st/stm32cubeide_2.0.0/plugins/com.st.stm32cube.ide.mcu.externaltools.gnu-tools-for-stm32.13.3.rel1.linux64_1.0.100.202509120712/tools/bin/../lib/gcc/arm-none-eabi/13.3.1/../../../../arm-none-eabi/lib/thumb/v7e-m+fp/hard/libc_nano.a(libc_a-lseekr.o)
                0x08021e08                _lseek_r
 .text._read_r  0x08021e2c       0x24 /opt/st/stm32cubeide_2.0.0/plugins/com.st.stm32cube.ide.mcu.externaltools.gnu-tools-for-stm32.13.3.rel1.linux64_1.0.100.202509120712/tools/bin/../lib/gcc/arm-none-eabi/13.3.1/../../../../arm-none-eabi/lib/thumb/v7e-m+fp/hard/libc_nano.a(libc_a-readr.o)
                0x08021e2c                _read_r
 .text._sbrk_r  0x08021e50       0x20 /opt/st/stm32cubeide_2.0.0/plugins/com.st.stm32cube.ide.mcu.externaltools.gnu-tools-for-stm32.13.3.rel1.linux64_1.0.100.202509120712/tools/bin/../lib/gcc/arm-none-eabi/13.3.1/../../../../arm-none-eabi/lib/thumb/v7e-m+fp/hard/libc_nano.a(libc_a-sbrkr.o)
                0x08021e50                _sbrk_r
 .text._write_r
                0x08021e70       0x24 /opt/st/stm32cubeide_2.0.0/plugins/com.st.stm32cube.ide.mcu.externaltools.gnu-tools-for-stm32.13.3.rel1.linux64_1.0.100.202509120712/tools/bin/../lib/gcc/arm-none-eabi/13.3.1/../../../../arm-none-eabi/lib/thumb/v7e-m+fp/hard/libc_nano.a(libc_a-writer.o)
                0x08021e70                _write_r
 .text.__errno  0x08021e94        0xc /opt/st/stm32cubeide_2.0.0/plugins/com.st.stm32cube.ide.mcu.externaltools.gnu-tools-for-stm32.13.3.rel1.linux64_1.0.100.202509120712/tools/bin/../lib/gcc/arm-none-eabi/13.3.1/../../../../arm-none-eabi/lib/thumb/v7e-m+fp/hard/libc_nano.a(libc_a-errno.o)
                0x08021e94                __errno
 .text.__libc_init_array
                0x08021ea0       0x48 /opt/st/stm32cubeide_2.0.0/plugins/com.st.stm32cube.ide.mcu.externaltools.gnu-tools-for-stm32.13.3.rel1.linux64_1.0.100.202509120712/tools/bin/../lib/gcc/arm-none-eabi/13.3.1/../../../../arm-none-eabi/lib/thumb/v7e-m+fp/hard/libc_nano.a(libc_a-init.o)
                0x08021ea0                __libc_init_array
 .text.__retarget_lock_init_recursive
                0x08021ee8        0x2 /opt/st/stm32cubeide_2.0.0/plugins/com.st.stm32cube.ide.mcu.externaltools.gnu-tools-for-stm32.13.3.rel1.linux64_1.0.100.202509120712/tools/bin/../lib/gcc/arm-none-eabi/13.3.1/../../../../arm-none-eabi/lib/thumb/v7e-m+fp/hard/libc_nano.a(libc_a-lock.o)
                0x08021ee8                __retarget_lock_init_recursive
 .text.__retarget_lock_acquire_recursive
                0x08021eea        0x2 /opt/st/stm32cubeide_2.0.0/plugins/com.st.stm32cube.ide.mcu.externaltools.gnu-tools-for-stm32.13.3.rel1.linux64_1.0.100.202509120712/tools/bin/../lib/gcc/arm-none-eabi/13.3.1/../../../../arm-none-eabi/lib/thumb/v7e-m+fp/hard/libc_nano.a(libc_a-lock.o)
                0x08021eea                __retarget_lock_acquire_recursive
 .text.__retarget_lock_release_recursive
                0x08021eec        0x2 /opt/st/stm32cubeide_2.0.0/plugins/com.st.stm32cube.ide.mcu.externaltools.gnu-tools-for-stm32.13.3.rel1.linux64_1.0.100.202509120712/tools/bin/../lib/gcc/arm-none-eabi/13.3.1/../../../../arm-none-eabi/lib/thumb/v7e-m+fp/hard/libc_nano.a(libc_a-lock.o)
                0x08021eec                __retarget_lock_release_recursive
 .text.memcpy   0x08021eee       0x1c /opt/st/stm32cubeide_2.0.0/plugins/com.st.stm32cube.ide.mcu.externaltools.gnu-tools-for-stm32.13.3.rel1.linux64_1.0.100.202509120712/tools/bin/../lib/gcc/arm-none-eabi/13.3.1/../../../../arm-none-eabi/lib/thumb/v7e-m+fp/hard/libc_nano.a(libc_a-memcpy-stub.o)
                0x08021eee                memcpy
 *fill*         0x08021f0a        0x2 
 .text.__assert_func
                0x08021f0c       0x3c /opt/st/stm32cubeide_2.0.0/plugins/com.st.stm32cube.ide.mcu.externaltools.gnu-tools-for-stm32.13.3.rel1.linux64_1.0.100.202509120712/tools/bin/../lib/gcc/arm-none-eabi/13.3.1/../../../../arm-none-eabi/lib/thumb/v7e-m+fp/hard/libc_nano.a(libc_a-assert.o)
                0x08021f0c                __assert_func
 .text.quorem   0x08021f48      0x110 /opt/st/stm32cubeide_2.0.0/plugins/com.st.stm32cube.ide.mcu.externaltools.gnu-tools-for-stm32.13.3.rel1.linux64_1.0.100.202509120712/tools/bin/../lib/gcc/arm-none-eabi/13.3.1/../../../../arm-none-eabi/lib/thumb/v7e-m+fp/hard/libc_nano.a(libc_a-dtoa.o)
 .text._dtoa_r  0x08022058      0xba0 /opt/st/stm32cubeide_2.0.0/plugins/com.st.stm32cube.ide.mcu.externaltools.gnu-tools-for-stm32.13.3.rel1.linux64_1.0.100.202509120712/tools/bin/../lib/gcc/arm-none-eabi/13.3.1/../../../../arm-none-eabi/lib/thumb/v7e-m+fp/hard/libc_nano.a(libc_a-dtoa.o)
                0x08022058                _dtoa_r
 .text._free_r  0x08022bf8       0x94 /opt/st/stm32cubeide_2.0.0/plugins/com.st.stm32cube.ide.mcu.externaltools.gnu-tools-for-stm32.13.3.rel1.linux64_1.0.100.202509120712/tools/bin/../lib/gcc/arm-none-eabi/13.3.1/../../../../arm-none-eabi/lib/thumb/v7e-m+fp/hard/libc_nano.a(libc_a-freer.o)
                0x08022bf8                _free_r
 .text._Balloc  0x08022c8c       0x80 /opt/st/stm32cubeide_2.0.0/plugins/com.st.stm32cube.ide.mcu.externaltools.gnu-tools-for-stm32.13.3.rel1.linux64_1.0.100.202509120712/tools/bin/../lib/gcc/arm-none-eabi/13.3.1/../../../../arm-none-eabi/lib/thumb/v7e-m+fp/hard/libc_nano.a(libc_a-mprec.o)
                0x08022c8c                _Balloc
 .text._Bfree   0x08022d0c       0x44 /opt/st/stm32cubeide_2.0.0/plugins/com.st.stm32cube.ide.mcu.externaltools.gnu-tools-for-stm32.13.3.rel1.linux64_1.0.100.202509120712/tools/bin/../lib/gcc/arm-none-eabi/13.3.1/../../../../arm-none-eabi/lib/thumb/v7e-m+fp/hard/libc_nano.a(libc_a-mprec.o)
                0x08022d0c                _Bfree
 .text.__multadd
                0x08022d50       0x8c /opt/st/stm32cubeide_2.0.0/plugins/com.st.stm32cube.ide.mcu.externaltools.gnu-tools-for-stm32.13.3.rel1.linux64_1.0.100.202509120712/tools/bin/../lib/gcc/arm-none-eabi/13.3.1/../../../../arm-none-eabi/lib/thumb/v7e-m+fp/hard/libc_nano.a(libc_a-mprec.o)
                0x08022d50                __multadd
 .text.__hi0bits
                0x08022ddc       0x3e /opt/st/stm32cubeide_2.0.0/plugins/com.st.stm32cube.ide.mcu.externaltools.gnu-tools-for-stm32.13.3.rel1.linux64_1.0.100.202509120712/tools/bin/../lib/gcc/arm-none-eabi/13.3.1/../../../../arm-none-eabi/lib/thumb/v7e-m+fp/hard/libc_nano.a(libc_a-mprec.o)
                0x08022ddc                __hi0bits
 .text.__lo0bits
                0x08022e1a       0x5a /opt/st/stm32cubeide_2.0.0/plugins/com.st.stm32cube.ide.mcu.externaltools.gnu-tools-for-stm32.13.3.rel1.linux64_1.0.100.202509120712/tools/bin/../lib/gcc/arm-none-eabi/13.3.1/../../../../arm-none-eabi/lib/thumb/v7e-m+fp/hard/libc_nano.a(libc_a-mprec.o)
                0x08022e1a                __lo0bits
 .text.__i2b    0x08022e74       0x2c /opt/st/stm32cubeide_2.0.0/plugins/com.st.stm32cube.ide.mcu.externaltools.gnu-tools-for-stm32.13.3.rel1.linux64_1.0.100.202509120712/tools/bin/../lib/gcc/arm-none-eabi/13.3.1/../../../../arm-none-eabi/lib/thumb/v7e-m+fp/hard/libc_nano.a(libc_a-mprec.o)
                0x08022e74                __i2b
 .text.__multiply
                0x08022ea0      0x144 /opt/st/stm32cubeide_2.0.0/plugins/com.st.stm32cube.ide.mcu.externaltools.gnu-tools-for-stm32.13.3.rel1.linux64_1.0.100.202509120712/tools/bin/../lib/gcc/arm-none-eabi/13.3.1/../../../../arm-none-eabi/lib/thumb/v7e-m+fp/hard/libc_nano.a(libc_a-mprec.o)
                0x08022ea0                __multiply
 .text.__pow5mult
                0x08022fe4       0xb4 /opt/st/stm32cubeide_2.0.0/plugins/com.st.stm32cube.ide.mcu.externaltools.gnu-tools-for-stm32.13.3.rel1.linux64_1.0.100.202509120712/tools/bin/../lib/gcc/arm-none-eabi/13.3.1/../../../../arm-none-eabi/lib/thumb/v7e-m+fp/hard/libc_nano.a(libc_a-mprec.o)
                0x08022fe4                __pow5mult
 .text.__lshift
                0x08023098       0xd8 /opt/st/stm32cubeide_2.0.0/plugins/com.st.stm32cube.ide.mcu.externaltools.gnu-tools-for-stm32.13.3.rel1.linux64_1.0.100.202509120712/tools/bin/../lib/gcc/arm-none-eabi/13.3.1/../../../../arm-none-eabi/lib/thumb/v7e-m+fp/hard/libc_nano.a(libc_a-mprec.o)
                0x08023098                __lshift
 .text.__mcmp   0x08023170       0x36 /opt/st/stm32cubeide_2.0.0/plugins/com.st.stm32cube.ide.mcu.externaltools.gnu-tools-for-stm32.13.3.rel1.linux64_1.0.100.202509120712/tools/bin/../lib/gcc/arm-none-eabi/13.3.1/../../../../arm-none-eabi/lib/thumb/v7e-m+fp/hard/libc_nano.a(libc_a-mprec.o)
                0x08023170                __mcmp
 *fill*         0x080231a6        0x2 
 .text.__mdiff  0x080231a8      0x128 /opt/st/stm32cubeide_2.0.0/plugins/com.st.stm32cube.ide.mcu.externaltools.gnu-tools-for-stm32.13.3.rel1.linux64_1.0.100.202509120712/tools/bin/../lib/gcc/arm-none-eabi/13.3.1/../../../../arm-none-eabi/lib/thumb/v7e-m+fp/hard/libc_nano.a(libc_a-mprec.o)
                0x080231a8                __mdiff
 .text.__d2b    0x080232d0       0xb0 /opt/st/stm32cubeide_2.0.0/plugins/com.st.stm32cube.ide.mcu.externaltools.gnu-tools-for-stm32.13.3.rel1.linux64_1.0.100.202509120712/tools/bin/../lib/gcc/arm-none-eabi/13.3.1/../../../../arm-none-eabi/lib/thumb/v7e-m+fp/hard/libc_nano.a(libc_a-mprec.o)
                0x080232d0                __d2b
 .text._malloc_usable_size_r
                0x08023380       0x10 /opt/st/stm32cubeide_2.0.0/plugins/com.st.stm32cube.ide.mcu.externaltools.gnu-tools-for-stm32.13.3.rel1.linux64_1.0.100.202509120712/tools/bin/../lib/gcc/arm-none-eabi/13.3.1/../../../../arm-none-eabi/lib/thumb/v7e-m+fp/hard/libc_nano.a(libc_a-msizer.o)
                0x08023380                _malloc_usable_size_r
 .text.__ssputs_r
                0x08023390       0xb6 /opt/st/stm32cubeide_2.0.0/plugins/com.st.stm32cube.ide.mcu.externaltools.gnu-tools-for-stm32.13.3.rel1.linux64_1.0.100.202509120712/tools/bin/../lib/gcc/arm-none-eabi/13.3.1/../../../../arm-none-eabi/lib/thumb/v7e-m+fp/hard/libc_nano.a(libc_a-nano-svfprintf.o)
                0x08023390                __ssputs_r
 *fill*         0x08023446        0x2 
 .text._svfprintf_r
                0x08023448      0x1f8 /opt/st/stm32cubeide_2.0.0/plugins/com.st.stm32cube.ide.mcu.externaltools.gnu-tools-for-stm32.13.3.rel1.linux64_1.0.100.202509120712/tools/bin/../lib/gcc/arm-none-eabi/13.3.1/../../../../arm-none-eabi/lib/thumb/v7e-m+fp/hard/libc_nano.a(libc_a-nano-svfprintf.o)
                0x08023448                _svfprintf_r
                0x08023448                _svfiprintf_r
 .text.__sflush_r
                0x08023640      0x108 /opt/st/stm32cubeide_2.0.0/plugins/com.st.stm32cube.ide.mcu.externaltools.gnu-tools-for-stm32.13.3.rel1.linux64_1.0.100.202509120712/tools/bin/../lib/gcc/arm-none-eabi/13.3.1/../../../../arm-none-eabi/lib/thumb/v7e-m+fp/hard/libc_nano.a(libc_a-fflush.o)
                0x08023640                __sflush_r
 .text._fflush_r
                0x08023748       0x50 /opt/st/stm32cubeide_2.0.0/plugins/com.st.stm32cube.ide.mcu.externaltools.gnu-tools-for-stm32.13.3.rel1.linux64_1.0.100.202509120712/tools/bin/../lib/gcc/arm-none-eabi/13.3.1/../../../../arm-none-eabi/lib/thumb/v7e-m+fp/hard/libc_nano.a(libc_a-fflush.o)
                0x08023748                _fflush_r
 .text.fprintf  0x08023798       0x24 /opt/st/stm32cubeide_2.0.0/plugins/com.st.stm32cube.ide.mcu.externaltools.gnu-tools-for-stm32.13.3.rel1.linux64_1.0.100.202509120712/tools/bin/../lib/gcc/arm-none-eabi/13.3.1/../../../../arm-none-eabi/lib/thumb/v7e-m+fp/hard/libc_nano.a(libc_a-fprintf.o)
                0x08023798                fprintf
                0x08023798                fiprintf
 .text.abort    0x080237bc        0xe /opt/st/stm32cubeide_2.0.0/plugins/com.st.stm32cube.ide.mcu.externaltools.gnu-tools-for-stm32.13.3.rel1.linux64_1.0.100.202509120712/tools/bin/../lib/gcc/arm-none-eabi/13.3.1/../../../../arm-none-eabi/lib/thumb/v7e-m+fp/hard/libc_nano.a(libc_a-abort.o)
                0x080237bc                abort
 .text._calloc_r
                0x080237ca       0x28 /opt/st/stm32cubeide_2.0.0/plugins/com.st.stm32cube.ide.mcu.externaltools.gnu-tools-for-stm32.13.3.rel1.linux64_1.0.100.202509120712/tools/bin/../lib/gcc/arm-none-eabi/13.3.1/../../../../arm-none-eabi/lib/thumb/v7e-m+fp/hard/libc_nano.a(libc_a-callocr.o)
                0x080237ca                _calloc_r
 .text.__ascii_mbtowc
                0x080237f2       0x24 /opt/st/stm32cubeide_2.0.0/plugins/com.st.stm32cube.ide.mcu.externaltools.gnu-tools-for-stm32.13.3.rel1.linux64_1.0.100.202509120712/tools/bin/../lib/gcc/arm-none-eabi/13.3.1/../../../../arm-none-eabi/lib/thumb/v7e-m+fp/hard/libc_nano.a(libc_a-mbtowc_r.o)
                0x080237f2                __ascii_mbtowc
 .text.__ascii_wctomb
                0x08023816       0x1a /opt/st/stm32cubeide_2.0.0/plugins/com.st.stm32cube.ide.mcu.externaltools.gnu-tools-for-stm32.13.3.rel1.linux64_1.0.100.202509120712/tools/bin/../lib/gcc/arm-none-eabi/13.3.1/../../../../arm-none-eabi/lib/thumb/v7e-m+fp/hard/libc_nano.a(libc_a-wctomb_r.o)
                0x08023816                __ascii_wctomb
 .text.__sfputc_r
                0x08023830       0x2e /opt/st/stm32cubeide_2.0.0/plugins/com.st.stm32cube.ide.mcu.externaltools.gnu-tools-for-stm32.13.3.rel1.linux64_1.0.100.202509120712/tools/bin/../lib/gcc/arm-none-eabi/13.3.1/../../../../arm-none-eabi/lib/thumb/v7e-m+fp/hard/libc_nano.a(libc_a-nano-vfprintf.o)
 .text.__sfputs_r
                0x0802385e       0x24 /opt/st/stm32cubeide_2.0.0/plugins/com.st.stm32cube.ide.mcu.externaltools.gnu-tools-for-stm32.13.3.rel1.linux64_1.0.100.202509120712/tools/bin/../lib/gcc/arm-none-eabi/13.3.1/../../../../arm-none-eabi/lib/thumb/v7e-m+fp/hard/libc_nano.a(libc_a-nano-vfprintf.o)
                0x0802385e                __sfputs_r
 *fill*         0x08023882        0x2 
 .text._vfprintf_r
                0x08023884      0x230 /opt/st/stm32cubeide_2.0.0/plugins/com.st.stm32cube.ide.mcu.externaltools.gnu-tools-for-stm32.13.3.rel1.linux64_1.0.100.202509120712/tools/bin/../lib/gcc/arm-none-eabi/13.3.1/../../../../arm-none-eabi/lib/thumb/v7e-m+fp/hard/libc_nano.a(libc_a-nano-vfprintf.o)
                0x08023884                _vfiprintf_r
                0x08023884                _vfprintf_r
 .text.__swbuf_r
                0x08023ab4       0x7c /opt/st/stm32cubeide_2.0.0/plugins/com.st.stm32cube.ide.mcu.externaltools.gnu-tools-for-stm32.13.3.rel1.linux64_1.0.100.202509120712/tools/bin/../lib/gcc/arm-none-eabi/13.3.1/../../../../arm-none-eabi/lib/thumb/v7e-m+fp/hard/libc_nano.a(libc_a-wbuf.o)
                0x08023ab4                __swbuf_r
 .text.__swsetup_r
                0x08023b30       0xac /opt/st/stm32cubeide_2.0.0/plugins/com.st.stm32cube.ide.mcu.externaltools.gnu-tools-for-stm32.13.3.rel1.linux64_1.0.100.202509120712/tools/bin/../lib/gcc/arm-none-eabi/13.3.1/../../../../arm-none-eabi/lib/thumb/v7e-m+fp/hard/libc_nano.a(libc_a-wsetup.o)
                0x08023b30                __swsetup_r
 .text._raise_r
                0x08023bdc       0x50 /opt/st/stm32cubeide_2.0.0/plugins/com.st.stm32cube.ide.mcu.externaltools.gnu-tools-for-stm32.13.3.rel1.linux64_1.0.100.202509120712/tools/bin/../lib/gcc/arm-none-eabi/13.3.1/../../../../arm-none-eabi/lib/thumb/v7e-m+fp/hard/libc_nano.a(libc_a-signal.o)
                0x08023bdc                _raise_r
 .text.raise    0x08023c2c       0x10 /opt/st/stm32cubeide_2.0.0/plugins/com.st.stm32cube.ide.mcu.externaltools.gnu-tools-for-stm32.13.3.rel1.linux64_1.0.100.202509120712/tools/bin/../lib/gcc/arm-none-eabi/13.3.1/../../../../arm-none-eabi/lib/thumb/v7e-m+fp/hard/libc_nano.a(libc_a-signal.o)
                0x08023c2c                raise
 .text._kill_r  0x08023c3c       0x24 /opt/st/stm32cubeide_2.0.0/plugins/com.st.stm32cube.ide.mcu.externaltools.gnu-tools-for-stm32.13.3.rel1.linux64_1.0.100.202509120712/tools/bin/../lib/gcc/arm-none-eabi/13.3.1/../../../../arm-none-eabi/lib/thumb/v7e-m+fp/hard/libc_nano.a(libc_a-signalr.o)
                0x08023c3c                _kill_r
 .text._getpid_r
                0x08023c60        0x4 /opt/st/stm32cubeide_2.0.0/plugins/com.st.stm32cube.ide.mcu.externaltools.gnu-tools-for-stm32.13.3.rel1.linux64_1.0.100.202509120712/tools/bin/../lib/gcc/arm-none-eabi/13.3.1/../../../../arm-none-eabi/lib/thumb/v7e-m+fp/hard/libc_nano.a(libc_a-signalr.o)
                0x08023c60                _getpid_r
 .text.__swhatbuf_r
                0x08023c64       0x4c /opt/st/stm32cubeide_2.0.0/plugins/com.st.stm32cube.ide.mcu.externaltools.gnu-tools-for-stm32.13.3.rel1.linux64_1.0.100.202509120712/tools/bin/../lib/gcc/arm-none-eabi/13.3.1/../../../../arm-none-eabi/lib/thumb/v7e-m+fp/hard/libc_nano.a(libc_a-makebuf.o)
                0x08023c64                __swhatbuf_r
 .text.__smakebuf_r
                0x08023cb0       0x78 /opt/st/stm32cubeide_2.0.0/plugins/com.st.stm32cube.ide.mcu.externaltools.gnu-tools-for-stm32.13.3.rel1.linux64_1.0.100.202509120712/tools/bin/../lib/gcc/arm-none-eabi/13.3.1/../../../../arm-none-eabi/lib/thumb/v7e-m+fp/hard/libc_nano.a(libc_a-makebuf.o)
                0x08023cb0                __smakebuf_r
 .text._fstat_r
                0x08023d28       0x24 /opt/st/stm32cubeide_2.0.0/plugins/com.st.stm32cube.ide.mcu.externaltools.gnu-tools-for-stm32.13.3.rel1.linux64_1.0.100.202509120712/tools/bin/../lib/gcc/arm-none-eabi/13.3.1/../../../../arm-none-eabi/lib/thumb/v7e-m+fp/hard/libc_nano.a(libc_a-fstatr.o)
                0x08023d28                _fstat_r
 .text._isatty_r
                0x08023d4c       0x20 /opt/st/stm32cubeide_2.0.0/plugins/com.st.stm32cube.ide.mcu.externaltools.gnu-tools-for-stm32.13.3.rel1.linux64_1.0.100.202509120712/tools/bin/../lib/gcc/arm-none-eabi/13.3.1/../../../../arm-none-eabi/lib/thumb/v7e-m+fp/hard/libc_nano.a(libc_a-isattyr.o)
                0x08023d4c                _isatty_r
 .text.round    0x08023d6c       0x8c /opt/st/stm32cubeide_2.0.0/plugins/com.st.stm32cube.ide.mcu.externaltools.gnu-tools-for-stm32.13.3.rel1.linux64_1.0.100.202509120712/tools/bin/../lib/gcc/arm-none-eabi/13.3.1/../../../../arm-none-eabi/lib/thumb/v7e-m+fp/hard/libm.a(libm_a-s_round.o)
                0x08023d6c                round
 .text._close   0x08023df8       0x10 /opt/st/stm32cubeide_2.0.0/plugins/com.st.stm32cube.ide.mcu.externaltools.gnu-tools-for-stm32.13.3.rel1.linux64_1.0.100.202509120712/tools/bin/../lib/gcc/arm-none-eabi/13.3.1/../../../../arm-none-eabi/lib/thumb/v7e-m+fp/hard/libnosys.a(close.o)
                0x08023df8                _close
 .text._fstat   0x08023e08       0x10 /opt/st/stm32cubeide_2.0.0/plugins/com.st.stm32cube.ide.mcu.externaltools.gnu-tools-for-stm32.13.3.rel1.linux64_1.0.100.202509120712/tools/bin/../lib/gcc/arm-none-eabi/13.3.1/../../../../arm-none-eabi/lib/thumb/v7e-m+fp/hard/libnosys.a(fstat.o)
                0x08023e08                _fstat
 .text._getpid  0x08023e18       0x10 /opt/st/stm32cubeide_2.0.0/plugins/com.st.stm32cube.ide.mcu.externaltools.gnu-tools-for-stm32.13.3.rel1.linux64_1.0.100.202509120712/tools/bin/../lib/gcc/arm-none-eabi/13.3.1/../../../../arm-none-eabi/lib/thumb/v7e-m+fp/hard/libnosys.a(getpid.o)
                0x08023e18                _getpid
 .text._isatty  0x08023e28       0x10 /opt/st/stm32cubeide_2.0.0/plugins/com.st.stm32cube.ide.mcu.externaltools.gnu-tools-for-stm32.13.3.rel1.linux64_1.0.100.202509120712/tools/bin/../lib/gcc/arm-none-eabi/13.3.1/../../../../arm-none-eabi/lib/thumb/v7e-m+fp/hard/libnosys.a(isatty.o)
                0x08023e28                _isatty
 .text._kill    0x08023e38       0x10 /opt/st/stm32cubeide_2.0.0/plugins/com.st.stm32cube.ide.mcu.externaltools.gnu-tools-for-stm32.13.3.rel1.linux64_1.0.100.202509120712/tools/bin/../lib/gcc/arm-none-eabi/13.3.1/../../../../arm-none-eabi/lib/thumb/v7e-m+fp/hard/libnosys.a(kill.o)
                0x08023e38                _kill
 .text._lseek   0x08023e48       0x10 /opt/st/stm32cubeide_2.0.0/plugins/com.st.stm32cube.ide.mcu.externaltools.gnu-tools-for-stm32.13.3.rel1.linux64_1.0.100.202509120712/tools/bin/../lib/gcc/arm-none-eabi/13.3.1/../../../../arm-none-eabi/lib/thumb/v7e-m+fp/hard/libnosys.a(lseek.o)
                0x08023e48                _lseek
 .text._read    0x08023e58       0x10 /opt/st/stm32cubeide_2.0.0/plugins/com.st.stm32cube.ide.mcu.externaltools.gnu-tools-for-stm32.13.3.rel1.linux64_1.0.100.202509120712/tools/bin/../lib/gcc/arm-none-eabi/13.3.1/../../../../arm-none-eabi/lib/thumb/v7e-m+fp/hard/libnosys.a(read.o)
                0x08023e58                _read
 .text._write   0x08023e68       0x10 /opt/st/stm32cubeide_2.0.0/plugins/com.st.stm32cube.ide.mcu.externaltools.gnu-tools-for-stm32.13.3.rel1.linux64_1.0.100.202509120712/tools/bin/../lib/gcc/arm-none-eabi/13.3.1/../../../../arm-none-eabi/lib/thumb/v7e-m+fp/hard/libnosys.a(write.o)
                0x08023e68                _write
 .text._exit    0x08023e78        0x2 /opt/st/stm32cubeide_2.0.0/plugins/com.st.stm32cube.ide.mcu.externaltools.gnu-tools-for-stm32.13.3.rel1.linux64_1.0.100.202509120712/tools/bin/../lib/gcc/arm-none-eabi/13.3.1/../../../../arm-none-eabi/lib/thumb/v7e-m+fp/hard/libnosys.a(_exit.o)
                0x08023e78                _exit
 *(.glue_7)
 .glue_7        0x08023e7a        0x0 linker stubs
 *(.glue_7t)
 .glue_7t       0x08023e7a        0x0 linker stubs
 *(.eh_frame)
 *fill*         0x08023e7a        0x2 
 .eh_frame      0x08023e7c        0x0 /opt/st/stm32cubeide_2.0.0/plugins/com.st.stm32cube.ide.mcu.externaltools.gnu-tools-for-stm32.13.3.rel1.linux64_1.0.100.202509120712/tools/bin/../lib/gcc/arm-none-eabi/13.3.1/thumb/v7e-m+fp/hard/crtbegin.o
 *(.init)
 .init          0x08023e7c        0x4 /opt/st/stm32cubeide_2.0.0/plugins/com.st.stm32cube.ide.mcu.externaltools.gnu-tools-for-stm32.13.3.rel1.linux64_1.0.100.202509120712/tools/bin/../lib/gcc/arm-none-eabi/13.3.1/thumb/v7e-m+fp/hard/crti.o
                0x08023e7c                _init
 .init          0x08023e80        0x8 /opt/st/stm32cubeide_2.0.0/plugins/com.st.stm32cube.ide.mcu.externaltools.gnu-tools-for-stm32.13.3.rel1.linux64_1.0.100.202509120712/tools/bin/../lib/gcc/arm-none-eabi/13.3.1/thumb/v7e-m+fp/hard/crtn.o
 *(.fini)
 .fini          0x08023e88        0x4 /opt/st/stm32cubeide_2.0.0/plugins/com.st.stm32cube.ide.mcu.externaltools.gnu-tools-for-stm32.13.3.rel1.linux64_1.0.100.202509120712/tools/bin/../lib/gcc/arm-none-eabi/13.3.1/thumb/v7e-m+fp/hard/crti.o
                0x08023e88                _fini
 .fini          0x08023e8c        0x8 /opt/st/stm32cubeide_2.0.0/plugins/com.st.stm32cube.ide.mcu.externaltools.gnu-tools-for-stm32.13.3.rel1.linux64_1.0.100.202509120712/tools/bin/../lib/gcc/arm-none-eabi/13.3.1/thumb/v7e-m+fp/hard/crtn.o
                0x08023e94                        . = ALIGN (0x4)
                0x08023e94                        _etext = .

.vfp11_veneer   0x08023e94        0x0
 .vfp11_veneer  0x08023e94        0x0 linker stubs

.v4_bx          0x08023e94        0x0
 .v4_bx         0x08023e94        0x0 linker stubs

.iplt           0x08023e94        0x0
 .iplt          0x08023e94        0x0 /opt/st/stm32cubeide_2.0.0/plugins/com.st.stm32cube.ide.mcu.externaltools.gnu-tools-for-stm32.13.3.rel1.linux64_1.0.100.202509120712/tools/bin/../lib/gcc/arm-none-eabi/13.3.1/thumb/v7e-m+fp/hard/crtbegin.o

.rodata         0x08023ea0     0x6e2c
                0x08023ea0                        . = ALIGN (0x4)
 *(.rodata)
 .rodata        0x08023ea0       0x10 ./X-CUBE-AI/App/plants_village_pt_data.o
 .rodata        0x08023eb0       0x10 ../Middlewares/ST/AI/Lib/NetworkRuntime1020_CM4_GCC.a(ai_platform_interface.o)
 *(.rodata*)
 .rodata.main.str1.4
                0x08023ec0      0x165 ./Core/Src/main.o
                                 0xfc (size before relaxing)
 *fill*         0x08024025        0x3 
 .rodata.input_data
                0x08024028      0xc00 ./Core/Src/main.o
                0x08024028                input_data
 .rodata.APBPrescTable
                0x08024c28        0x8 ./Core/Src/system_stm32f4xx.o
                0x08024c28                APBPrescTable
 .rodata.AHBPrescTable
                0x08024c30       0x10 ./Core/Src/system_stm32f4xx.o
                0x08024c30                AHBPrescTable
 .rodata.ai_plants_village_pt_get_info.str1.4
                0x08024c40        0x0 ./X-CUBE-AI/App/plants_village_pt.o
                                 0x6d (size before relaxing)
 .rodata.in_pad_0_chain
                0x08024c40        0x8 ./X-CUBE-AI/App/plants_village_pt.o
 .rodata.pad_0_chain
                0x08024c48        0x8 ./X-CUBE-AI/App/plants_village_pt.o
 .rodata.pad_0_value
                0x08024c50       0x10 ./X-CUBE-AI/App/plants_village_pt.o
 .rodata.pad_0_value_data
                0x08024c60        0x1 ./X-CUBE-AI/App/plants_village_pt.o
 *fill*         0x08024c61        0x3 
 .rodata.transpose_1_chain
                0x08024c64        0x8 ./X-CUBE-AI/App/plants_village_pt.o
 .rodata.conv2d_2_chain
                0x08024c6c        0x8 ./X-CUBE-AI/App/plants_village_pt.o
 .rodata.transpose_4_chain
                0x08024c74        0x8 ./X-CUBE-AI/App/plants_village_pt.o
 .rodata.nl_5_chain
                0x08024c7c        0x8 ./X-CUBE-AI/App/plants_village_pt.o
 .rodata.nl_5_nl_params
                0x08024c84       0x10 ./X-CUBE-AI/App/plants_village_pt.o
 .rodata.nl_5_nl_params_data
                0x08024c94      0x100 ./X-CUBE-AI/App/plants_village_pt.o
 .rodata.in_pad_6_chain
                0x08024d94        0x8 ./X-CUBE-AI/App/plants_village_pt.o
 .rodata.pad_6_chain
                0x08024d9c        0x8 ./X-CUBE-AI/App/plants_village_pt.o
 .rodata.pad_6_value
                0x08024da4       0x10 ./X-CUBE-AI/App/plants_village_pt.o
 .rodata.pad_6_value_data
                0x08024db4        0x1 ./X-CUBE-AI/App/plants_village_pt.o
 *fill*         0x08024db5        0x3 
 .rodata.transpose_7_chain
                0x08024db8        0x8 ./X-CUBE-AI/App/plants_village_pt.o
 .rodata.conv2d_8_chain
                0x08024dc0        0x8 ./X-CUBE-AI/App/plants_village_pt.o
 .rodata.transpose_10_chain
                0x08024dc8        0x8 ./X-CUBE-AI/App/plants_village_pt.o
 .rodata.nl_11_chain
                0x08024dd0        0x8 ./X-CUBE-AI/App/plants_village_pt.o
 .rodata.nl_11_nl_params
                0x08024dd8       0x10 ./X-CUBE-AI/App/plants_village_pt.o
 .rodata.nl_11_nl_params_data
                0x08024de8      0x100 ./X-CUBE-AI/App/plants_village_pt.o
 .rodata.gemm_13_chain
                0x08024ee8        0x8 ./X-CUBE-AI/App/plants_village_pt.o
 .rodata.gemm_14_chain
                0x08024ef0        0x8 ./X-CUBE-AI/App/plants_village_pt.o
 .rodata.transpose_7_output_array_intq
                0x08024ef8        0x8 ./X-CUBE-AI/App/plants_village_pt.o
 .rodata.__compound_literal.62
                0x08024f00        0x8 ./X-CUBE-AI/App/plants_village_pt.o
 .rodata.__compound_literal.61
                0x08024f08        0x1 ./X-CUBE-AI/App/plants_village_pt.o
 *fill*         0x08024f09        0x3 
 .rodata.__compound_literal.60
                0x08024f0c        0x4 ./X-CUBE-AI/App/plants_village_pt.o
 .rodata.transpose_4_output_array_intq
                0x08024f10        0x8 ./X-CUBE-AI/App/plants_village_pt.o
 .rodata.__compound_literal.59
                0x08024f18        0x8 ./X-CUBE-AI/App/plants_village_pt.o
 .rodata.__compound_literal.58
                0x08024f20        0x1 ./X-CUBE-AI/App/plants_village_pt.o
 *fill*         0x08024f21        0x3 
 .rodata.__compound_literal.57
                0x08024f24        0x4 ./X-CUBE-AI/App/plants_village_pt.o
 .rodata.transpose_1_output_array_intq
                0x08024f28        0x8 ./X-CUBE-AI/App/plants_village_pt.o
 .rodata.__compound_literal.56
                0x08024f30        0x8 ./X-CUBE-AI/App/plants_village_pt.o
 .rodata.__compound_literal.55
                0x08024f38        0x1 ./X-CUBE-AI/App/plants_village_pt.o
 *fill*         0x08024f39        0x3 
 .rodata.__compound_literal.54
                0x08024f3c        0x4 ./X-CUBE-AI/App/plants_village_pt.o
 .rodata.transpose_10_output_array_intq
                0x08024f40        0x8 ./X-CUBE-AI/App/plants_village_pt.o
 .rodata.__compound_literal.53
                0x08024f48        0x8 ./X-CUBE-AI/App/plants_village_pt.o
 .rodata.__compound_literal.52
                0x08024f50        0x1 ./X-CUBE-AI/App/plants_village_pt.o
 *fill*         0x08024f51        0x3 
 .rodata.__compound_literal.51
                0x08024f54        0x4 ./X-CUBE-AI/App/plants_village_pt.o
 .rodata.serving_default_input0_output_array_intq
                0x08024f58        0x8 ./X-CUBE-AI/App/plants_village_pt.o
 .rodata.__compound_literal.50
                0x08024f60        0x8 ./X-CUBE-AI/App/plants_village_pt.o
 .rodata.__compound_literal.49
                0x08024f68        0x1 ./X-CUBE-AI/App/plants_village_pt.o
 *fill*         0x08024f69        0x3 
 .rodata.__compound_literal.48
                0x08024f6c        0x4 ./X-CUBE-AI/App/plants_village_pt.o
 .rodata.pad_6_output_array_intq
                0x08024f70        0x8 ./X-CUBE-AI/App/plants_village_pt.o
 .rodata.__compound_literal.47
                0x08024f78        0x8 ./X-CUBE-AI/App/plants_village_pt.o
 .rodata.__compound_literal.46
                0x08024f80        0x1 ./X-CUBE-AI/App/plants_village_pt.o
 *fill*         0x08024f81        0x3 
 .rodata.__compound_literal.45
                0x08024f84        0x4 ./X-CUBE-AI/App/plants_village_pt.o
 .rodata.pad_0_output_array_intq
                0x08024f88        0x8 ./X-CUBE-AI/App/plants_village_pt.o
 .rodata.__compound_literal.44
                0x08024f90        0x8 ./X-CUBE-AI/App/plants_village_pt.o
 .rodata.__compound_literal.43
                0x08024f98        0x1 ./X-CUBE-AI/App/plants_village_pt.o
 *fill*         0x08024f99        0x3 
 .rodata.__compound_literal.42
                0x08024f9c        0x4 ./X-CUBE-AI/App/plants_village_pt.o
 .rodata.nl_5_output_array_intq
                0x08024fa0        0x8 ./X-CUBE-AI/App/plants_village_pt.o
 .rodata.__compound_literal.41
                0x08024fa8        0x8 ./X-CUBE-AI/App/plants_village_pt.o
 .rodata.__compound_literal.40
                0x08024fb0        0x1 ./X-CUBE-AI/App/plants_village_pt.o
 *fill*         0x08024fb1        0x3 
 .rodata.__compound_literal.39
                0x08024fb4        0x4 ./X-CUBE-AI/App/plants_village_pt.o
 .rodata.nl_11_output_array_intq
                0x08024fb8        0x8 ./X-CUBE-AI/App/plants_village_pt.o
 .rodata.__compound_literal.38
                0x08024fc0        0x8 ./X-CUBE-AI/App/plants_village_pt.o
 .rodata.__compound_literal.37
                0x08024fc8        0x1 ./X-CUBE-AI/App/plants_village_pt.o
 *fill*         0x08024fc9        0x3 
 .rodata.__compound_literal.36
                0x08024fcc        0x4 ./X-CUBE-AI/App/plants_village_pt.o
 .rodata.in_pad_6_output_array_intq
                0x08024fd0        0x8 ./X-CUBE-AI/App/plants_village_pt.o
 .rodata.__compound_literal.35
                0x08024fd8        0x8 ./X-CUBE-AI/App/plants_village_pt.o
 .rodata.__compound_literal.34
                0x08024fe0        0x1 ./X-CUBE-AI/App/plants_village_pt.o
 *fill*         0x08024fe1        0x3 
 .rodata.__compound_literal.33
                0x08024fe4        0x4 ./X-CUBE-AI/App/plants_village_pt.o
 .rodata.in_pad_0_output_array_intq
                0x08024fe8        0x8 ./X-CUBE-AI/App/plants_village_pt.o
 .rodata.__compound_literal.32
                0x08024ff0        0x8 ./X-CUBE-AI/App/plants_village_pt.o
 .rodata.__compound_literal.31
                0x08024ff8        0x1 ./X-CUBE-AI/App/plants_village_pt.o
 *fill*         0x08024ff9        0x3 
 .rodata.__compound_literal.30
                0x08024ffc        0x4 ./X-CUBE-AI/App/plants_village_pt.o
 .rodata.gemm_14_weights_array_intq
                0x08025000        0x8 ./X-CUBE-AI/App/plants_village_pt.o
 .rodata.__compound_literal.29
                0x08025008        0x8 ./X-CUBE-AI/App/plants_village_pt.o
 .rodata.__compound_literal.28
                0x08025010        0x1 ./X-CUBE-AI/App/plants_village_pt.o
 *fill*         0x08025011        0x3 
 .rodata.__compound_literal.27
                0x08025014        0x4 ./X-CUBE-AI/App/plants_village_pt.o
 .rodata.gemm_14_output_array_intq
                0x08025018        0x8 ./X-CUBE-AI/App/plants_village_pt.o
 .rodata.__compound_literal.26
                0x08025020        0x8 ./X-CUBE-AI/App/plants_village_pt.o
 .rodata.__compound_literal.25
                0x08025028        0x1 ./X-CUBE-AI/App/plants_village_pt.o
 *fill*         0x08025029        0x3 
 .rodata.__compound_literal.24
                0x0802502c        0x4 ./X-CUBE-AI/App/plants_village_pt.o
 .rodata.gemm_13_weights_array_intq
                0x08025030        0x8 ./X-CUBE-AI/App/plants_village_pt.o
 .rodata.__compound_literal.23
                0x08025038        0x8 ./X-CUBE-AI/App/plants_village_pt.o
 .rodata.__compound_literal.22
                0x08025040        0x1 ./X-CUBE-AI/App/plants_village_pt.o
 *fill*         0x08025041        0x3 
 .rodata.__compound_literal.21
                0x08025044        0x4 ./X-CUBE-AI/App/plants_village_pt.o
 .rodata.gemm_13_output_array_intq
                0x08025048        0x8 ./X-CUBE-AI/App/plants_village_pt.o
 .rodata.__compound_literal.20
                0x08025050        0x8 ./X-CUBE-AI/App/plants_village_pt.o
 .rodata.__compound_literal.19
                0x08025058        0x1 ./X-CUBE-AI/App/plants_village_pt.o
 *fill*         0x08025059        0x3 
 .rodata.__compound_literal.18
                0x0802505c        0x4 ./X-CUBE-AI/App/plants_village_pt.o
 .rodata.conv2d_8_weights_array_intq
                0x08025060        0x8 ./X-CUBE-AI/App/plants_village_pt.o
 .rodata.__compound_literal.17
                0x08025068        0x8 ./X-CUBE-AI/App/plants_village_pt.o
 .rodata.__compound_literal.16
                0x08025070       0x20 ./X-CUBE-AI/App/plants_village_pt.o
 .rodata.__compound_literal.15
                0x08025090       0x80 ./X-CUBE-AI/App/plants_village_pt.o
 .rodata.conv2d_8_scratch1_array_intq
                0x08025110        0x8 ./X-CUBE-AI/App/plants_village_pt.o
 .rodata.__compound_literal.14
                0x08025118        0x8 ./X-CUBE-AI/App/plants_village_pt.o
 .rodata.__compound_literal.13
                0x08025120        0x1 ./X-CUBE-AI/App/plants_village_pt.o
 *fill*         0x08025121        0x3 
 .rodata.__compound_literal.12
                0x08025124        0x4 ./X-CUBE-AI/App/plants_village_pt.o
 .rodata.conv2d_8_output_array_intq
                0x08025128        0x8 ./X-CUBE-AI/App/plants_village_pt.o
 .rodata.__compound_literal.11
                0x08025130        0x8 ./X-CUBE-AI/App/plants_village_pt.o
 .rodata.__compound_literal.10
                0x08025138        0x1 ./X-CUBE-AI/App/plants_village_pt.o
 *fill*         0x08025139        0x3 
 .rodata.__compound_literal.9
                0x0802513c        0x4 ./X-CUBE-AI/App/plants_village_pt.o
 .rodata.conv2d_2_weights_array_intq
                0x08025140        0x8 ./X-CUBE-AI/App/plants_village_pt.o
 .rodata.__compound_literal.8
                0x08025148        0x8 ./X-CUBE-AI/App/plants_village_pt.o
 .rodata.__compound_literal.7
                0x08025150       0x10 ./X-CUBE-AI/App/plants_village_pt.o
 .rodata.__compound_literal.6
                0x08025160       0x40 ./X-CUBE-AI/App/plants_village_pt.o
 .rodata.conv2d_2_scratch1_array_intq
                0x080251a0        0x8 ./X-CUBE-AI/App/plants_village_pt.o
 .rodata.__compound_literal.5
                0x080251a8        0x8 ./X-CUBE-AI/App/plants_village_pt.o
 .rodata.__compound_literal.4
                0x080251b0        0x1 ./X-CUBE-AI/App/plants_village_pt.o
 *fill*         0x080251b1        0x3 
 .rodata.__compound_literal.3
                0x080251b4        0x4 ./X-CUBE-AI/App/plants_village_pt.o
 .rodata.conv2d_2_output_array_intq
                0x080251b8        0x8 ./X-CUBE-AI/App/plants_village_pt.o
 .rodata.__compound_literal.2
                0x080251c0        0x8 ./X-CUBE-AI/App/plants_village_pt.o
 .rodata.__compound_literal.1
                0x080251c8        0x1 ./X-CUBE-AI/App/plants_village_pt.o
 *fill*         0x080251c9        0x3 
 .rodata.__compound_literal.0
                0x080251cc        0x4 ./X-CUBE-AI/App/plants_village_pt.o
 *fill*         0x080251d0       0x10 
 .rodata.s_plants_village_pt_weights_array_u64
                0x080251e0     0x5710 ./X-CUBE-AI/App/plants_village_pt_data_params.o
                0x080251e0                s_plants_village_pt_weights_array_u64
 .rodata.ai_platform_runtime_get_revision.str1.4
                0x0802a8f0        0x0 ../Middlewares/ST/AI/Lib/NetworkRuntime1020_CM4_GCC.a(ai_platform_interface.o)
                                  0x1 (size before relaxing)
 .rodata.v.2    0x0802a8f0        0x4 ../Middlewares/ST/AI/Lib/NetworkRuntime1020_CM4_GCC.a(ai_platform_interface.o)
 .rodata.v.1    0x0802a8f4        0x4 ../Middlewares/ST/AI/Lib/NetworkRuntime1020_CM4_GCC.a(ai_platform_interface.o)
 .rodata.v.0    0x0802a8f8        0x4 ../Middlewares/ST/AI/Lib/NetworkRuntime1020_CM4_GCC.a(ai_platform_interface.o)
 .rodata.srand.str1.1
                0x0802a8fc      0x1c9 /opt/st/stm32cubeide_2.0.0/plugins/com.st.stm32cube.ide.mcu.externaltools.gnu-tools-for-stm32.13.3.rel1.linux64_1.0.100.202509120712/tools/bin/../lib/gcc/arm-none-eabi/13.3.1/../../../../arm-none-eabi/lib/thumb/v7e-m+fp/hard/libc_nano.a(libc_a-rand.o)
                                 0x6f (size before relaxing)
 .rodata._printf_float.str1.1
                0x0802aac5        0x0 /opt/st/stm32cubeide_2.0.0/plugins/com.st.stm32cube.ide.mcu.externaltools.gnu-tools-for-stm32.13.3.rel1.linux64_1.0.100.202509120712/tools/bin/../lib/gcc/arm-none-eabi/13.3.1/../../../../arm-none-eabi/lib/thumb/v7e-m+fp/hard/libc_nano.a(libc_a-nano-vfprintf_float.o)
                                 0x12 (size before relaxing)
 .rodata._printf_i.str1.1
                0x0802aac5        0x0 /opt/st/stm32cubeide_2.0.0/plugins/com.st.stm32cube.ide.mcu.externaltools.gnu-tools-for-stm32.13.3.rel1.linux64_1.0.100.202509120712/tools/bin/../lib/gcc/arm-none-eabi/13.3.1/../../../../arm-none-eabi/lib/thumb/v7e-m+fp/hard/libc_nano.a(libc_a-nano-vfprintf_i.o)
                                 0x22 (size before relaxing)
 .rodata.__assert_func.str1.1
                0x0802aac5        0x0 /opt/st/stm32cubeide_2.0.0/plugins/com.st.stm32cube.ide.mcu.externaltools.gnu-tools-for-stm32.13.3.rel1.linux64_1.0.100.202509120712/tools/bin/../lib/gcc/arm-none-eabi/13.3.1/../../../../arm-none-eabi/lib/thumb/v7e-m+fp/hard/libc_nano.a(libc_a-assert.o)
                                 0x3d (size before relaxing)
 .rodata._dtoa_r.str1.1
                0x0802aac5        0x0 /opt/st/stm32cubeide_2.0.0/plugins/com.st.stm32cube.ide.mcu.externaltools.gnu-tools-for-stm32.13.3.rel1.linux64_1.0.100.202509120712/tools/bin/../lib/gcc/arm-none-eabi/13.3.1/../../../../arm-none-eabi/lib/thumb/v7e-m+fp/hard/libc_nano.a(libc_a-dtoa.o)
                                 0x8f (size before relaxing)
 .rodata._Balloc.str1.1
                0x0802aac5        0x0 /opt/st/stm32cubeide_2.0.0/plugins/com.st.stm32cube.ide.mcu.externaltools.gnu-tools-for-stm32.13.3.rel1.linux64_1.0.100.202509120712/tools/bin/../lib/gcc/arm-none-eabi/13.3.1/../../../../arm-none-eabi/lib/thumb/v7e-m+fp/hard/libc_nano.a(libc_a-mprec.o)
                                 0x70 (size before relaxing)
 .rodata.__multadd.str1.1
                0x0802aac5        0x0 /opt/st/stm32cubeide_2.0.0/plugins/com.st.stm32cube.ide.mcu.externaltools.gnu-tools-for-stm32.13.3.rel1.linux64_1.0.100.202509120712/tools/bin/../lib/gcc/arm-none-eabi/13.3.1/../../../../arm-none-eabi/lib/thumb/v7e-m+fp/hard/libc_nano.a(libc_a-mprec.o)
                                 0x11 (size before relaxing)
 *fill*         0x0802aac5        0x3 
 .rodata.p05.0  0x0802aac8        0xc /opt/st/stm32cubeide_2.0.0/plugins/com.st.stm32cube.ide.mcu.externaltools.gnu-tools-for-stm32.13.3.rel1.linux64_1.0.100.202509120712/tools/bin/../lib/gcc/arm-none-eabi/13.3.1/../../../../arm-none-eabi/lib/thumb/v7e-m+fp/hard/libc_nano.a(libc_a-mprec.o)
 *fill*         0x0802aad4        0x4 
 .rodata.__mprec_bigtens
                0x0802aad8       0x28 /opt/st/stm32cubeide_2.0.0/plugins/com.st.stm32cube.ide.mcu.externaltools.gnu-tools-for-stm32.13.3.rel1.linux64_1.0.100.202509120712/tools/bin/../lib/gcc/arm-none-eabi/13.3.1/../../../../arm-none-eabi/lib/thumb/v7e-m+fp/hard/libc_nano.a(libc_a-mprec.o)
                0x0802aad8                __mprec_bigtens
 .rodata.__mprec_tens
                0x0802ab00       0xc8 /opt/st/stm32cubeide_2.0.0/plugins/com.st.stm32cube.ide.mcu.externaltools.gnu-tools-for-stm32.13.3.rel1.linux64_1.0.100.202509120712/tools/bin/../lib/gcc/arm-none-eabi/13.3.1/../../../../arm-none-eabi/lib/thumb/v7e-m+fp/hard/libc_nano.a(libc_a-mprec.o)
                0x0802ab00                __mprec_tens
 .rodata._svfprintf_r.str1.1
                0x0802abc8        0x0 /opt/st/stm32cubeide_2.0.0/plugins/com.st.stm32cube.ide.mcu.externaltools.gnu-tools-for-stm32.13.3.rel1.linux64_1.0.100.202509120712/tools/bin/../lib/gcc/arm-none-eabi/13.3.1/../../../../arm-none-eabi/lib/thumb/v7e-m+fp/hard/libc_nano.a(libc_a-nano-svfprintf.o)
                                 0x11 (size before relaxing)
 .rodata._setlocale_r.str1.1
                0x0802abc8        0x0 /opt/st/stm32cubeide_2.0.0/plugins/com.st.stm32cube.ide.mcu.externaltools.gnu-tools-for-stm32.13.3.rel1.linux64_1.0.100.202509120712/tools/bin/../lib/gcc/arm-none-eabi/13.3.1/../../../../arm-none-eabi/lib/thumb/v7e-m+fp/hard/libc_nano.a(libc_a-locale.o)
                                  0x9 (size before relaxing)
 .rodata.str1.1
                0x0802abc8        0x0 /opt/st/stm32cubeide_2.0.0/plugins/com.st.stm32cube.ide.mcu.externaltools.gnu-tools-for-stm32.13.3.rel1.linux64_1.0.100.202509120712/tools/bin/../lib/gcc/arm-none-eabi/13.3.1/../../../../arm-none-eabi/lib/thumb/v7e-m+fp/hard/libc_nano.a(libc_a-locale.o)
                                  0x2 (size before relaxing)
 .rodata._ctype_
                0x0802abc8      0x101 /opt/st/stm32cubeide_2.0.0/plugins/com.st.stm32cube.ide.mcu.externaltools.gnu-tools-for-stm32.13.3.rel1.linux64_1.0.100.202509120712/tools/bin/../lib/gcc/arm-none-eabi/13.3.1/../../../../arm-none-eabi/lib/thumb/v7e-m+fp/hard/libc_nano.a(libc_a-ctype_.o)
                0x0802abc8                _ctype_
 .rodata._vfprintf_r.str1.1