/opt/st/stm32cubeide_2.0.0/plugins/com.st.stm32cube.ide.mcu.externaltools.gnu-tools-for-stm32.13.3.rel1.linux64_1.0.100.202509120712/tools/arm-none-eabi/include/c++/13.3.1/bits/stl_algo.h:3360:5:constexpr std::pair<_FIter, _FIter> std::__minmax_element(_ForwardIterator, _ForwardIterator, _Compare) [with _ForwardIterator = const float*; _Compare = __gnu_cxx::__ops::_Iter_less_iter]	12	static
../Middlewares/Third_Party/EdgeImpulse_plant_village_classification_MachineLearning/edgeimpulse/edge-impulse-sdk/third_party/gemmlowp/fixedpoint/fixedpoint.h:329:21:IntegerType gemmlowp::SaturatingRoundingDoublingHighMul(IntegerType, IntegerType) [with IntegerType = long int]	0	static
../Middlewares/Third_Party/EdgeImpulse_plant_village_classification_MachineLearning/edgeimpulse/edge-impulse-sdk/third_party/gemmlowp/fixedpoint/fixedpoint.h:342:21:IntegerType gemmlowp::SaturatingRoundingDoublingHighMul(IntegerType, IntegerType) [with IntegerType = short int]	0	static
../Middlewares/Third_Party/EdgeImpulse_plant_village_classification_MachineLearning/edgeimpulse/edge-impulse-sdk/tensorflow/lite/kernels/internal/reference_portable_tensor_utils.cpp:51:6:void tflite::tensor_utils::PortableSymmetricQuantizeFloats(const float*, int, int8_t*, float, float, float*)	32	static
../Middlewares/Third_Party/EdgeImpulse_plant_village_classification_MachineLearning/edgeimpulse/edge-impulse-sdk/tensorflow/lite/kernels/internal/reference_portable_tensor_utils.cpp:40:6:void tflite::tensor_utils::PortableSymmetricQuantizeFloats(const float*, int, int8_t*, float*, float*, float*)	40	static
../Middlewares/Third_Party/EdgeImpulse_plant_village_classification_MachineLearning/edgeimpulse/edge-impulse-sdk/tensorflow/lite/kernels/internal/reference_portable_tensor_utils.cpp:72:6:void tflite::tensor_utils::PortableAsymmetricQuantizeFloats(const float*, int, int8_t*, float*, int32_t*)	80	static
../Middlewares/Third_Party/EdgeImpulse_plant_village_classification_MachineLearning/edgeimpulse/edge-impulse-sdk/tensorflow/lite/kernels/internal/reference_portable_tensor_utils.cpp:119:6:void tflite::tensor_utils::PortableMatrixBatchVectorMultiplyAccumulate(const float*, int, int, const float*, int, float*)	48	static
../Middlewares/Third_Party/EdgeImpulse_plant_village_classification_MachineLearning/edgeimpulse/edge-impulse-sdk/tensorflow/lite/kernels/internal/reference_portable_tensor_utils.cpp:138:6:void tflite::tensor_utils::PortableMatrixBatchVectorMultiplyAccumulate(const int8_t*, int, int, const int8_t*, const float*, int, float*)	48	static
../Middlewares/Third_Party/EdgeImpulse_plant_village_classification_MachineLearning/edgeimpulse/edge-impulse-sdk/tensorflow/lite/kernels/internal/reference_portable_tensor_utils.cpp:163:6:void tflite::tensor_utils::PortableMatrixBatchVectorMultiplyAccumulate(const int8_t*, int, int, const int8_t*, const float*, int, float*, const float*, const int32_t*, int32_t*, int32_t*, bool*, tflite::CpuBackendContext*)	72	static
../Middlewares/Third_Party/EdgeImpulse_plant_village_classification_MachineLearning/edgeimpulse/edge-impulse-sdk/tensorflow/lite/kernels/internal/reference_portable_tensor_utils.cpp:206:6:void tflite::tensor_utils::PortableSparseMatrixBatchVectorMultiplyAccumulate1x4(const float*, const int32_t*, const int32_t*, int, int, const float*, int, float*)	56	static
../Middlewares/Third_Party/EdgeImpulse_plant_village_classification_MachineLearning/edgeimpulse/edge-impulse-sdk/tensorflow/lite/kernels/internal/reference_portable_tensor_utils.cpp:265:6:void tflite::tensor_utils::PortableSparseMatrixBatchVectorMultiplyAccumulate(const float*, const uint8_t*, int, int, const float*, int, float*)	56	static
../Middlewares/Third_Party/EdgeImpulse_plant_village_classification_MachineLearning/edgeimpulse/edge-impulse-sdk/tensorflow/lite/kernels/internal/reference_portable_tensor_utils.cpp:294:6:void tflite::tensor_utils::PortableSparseMatrixBatchVectorMultiplyAccumulate(const int8_t*, const uint8_t*, int, int, const int8_t*, const float*, int, float*)	64	static
../Middlewares/Third_Party/EdgeImpulse_plant_village_classification_MachineLearning/edgeimpulse/edge-impulse-sdk/tensorflow/lite/kernels/internal/reference_portable_tensor_utils.cpp:409:6:void tflite::tensor_utils::PortableMatrixBatchVectorMultiply(const int16_t*, const int8_t*, int32_t, int32_t, const int32_t*, int32_t, int32_t, int32_t, int32_t, int8_t*)	80	static
../Middlewares/Third_Party/EdgeImpulse_plant_village_classification_MachineLearning/edgeimpulse/edge-impulse-sdk/tensorflow/lite/kernels/internal/reference_portable_tensor_utils.cpp:495:6:void tflite::tensor_utils::PortableApplyLayerNormFloat(const int16_t*, const int16_t*, int32_t, int32_t, const int32_t*, int, int, int16_t*)	72	static
../Middlewares/Third_Party/EdgeImpulse_plant_village_classification_MachineLearning/edgeimpulse/edge-impulse-sdk/tensorflow/lite/kernels/internal/reference_portable_tensor_utils.cpp:540:6:void tflite::tensor_utils::PortableMatrixScalarMultiplyAccumulate(const int8_t*, int32_t, int32_t, int32_t, int32_t*)	20	static
../Middlewares/Third_Party/EdgeImpulse_plant_village_classification_MachineLearning/edgeimpulse/edge-impulse-sdk/tensorflow/lite/kernels/internal/reference_portable_tensor_utils.cpp:566:6:void tflite::tensor_utils::PortableApplySigmoidFloat(const int16_t*, int32_t, int32_t, int16_t*)	56	static
../Middlewares/Third_Party/EdgeImpulse_plant_village_classification_MachineLearning/edgeimpulse/edge-impulse-sdk/tensorflow/lite/kernels/internal/reference_portable_tensor_utils.cpp:621:6:void tflite::tensor_utils::PortableApplyTanhFloat(const int16_t*, int32_t, int32_t, int32_t, int16_t*)	80	static
../Middlewares/Third_Party/EdgeImpulse_plant_village_classification_MachineLearning/edgeimpulse/edge-impulse-sdk/tensorflow/lite/kernels/internal/reference_portable_tensor_utils.cpp:675:6:void tflite::tensor_utils::PortableCwiseAdd(const int16_t*, const int16_t*, int, int, int16_t*)	36	static
../Middlewares/Third_Party/EdgeImpulse_plant_village_classification_MachineLearning/edgeimpulse/edge-impulse-sdk/tensorflow/lite/kernels/internal/reference_portable_tensor_utils.cpp:687:7:float tflite::tensor_utils::PortableVectorVectorDotProduct(const float*, const float*, int)	0	static
../Middlewares/Third_Party/EdgeImpulse_plant_village_classification_MachineLearning/edgeimpulse/edge-impulse-sdk/tensorflow/lite/kernels/internal/reference_portable_tensor_utils.cpp:707:6:void tflite::tensor_utils::PortableBatchVectorBatchVectorDotProduct(const int16_t*, const int16_t*, int, int, int32_t*)	24	static
../Middlewares/Third_Party/EdgeImpulse_plant_village_classification_MachineLearning/edgeimpulse/edge-impulse-sdk/tensorflow/lite/kernels/internal/reference_portable_tensor_utils.cpp:733:6:void tflite::tensor_utils::PortableSub1Vector(const float*, int, float*)	0	static
../Middlewares/Third_Party/EdgeImpulse_plant_village_classification_MachineLearning/edgeimpulse/edge-impulse-sdk/tensorflow/lite/kernels/internal/reference_portable_tensor_utils.cpp:739:6:void tflite::tensor_utils::PortableSub1Vector(const int16_t*, int, int16_t*)	12	static
../Middlewares/Third_Party/EdgeImpulse_plant_village_classification_MachineLearning/edgeimpulse/edge-impulse-sdk/tensorflow/lite/kernels/internal/reference_portable_tensor_utils.cpp:746:6:void tflite::tensor_utils::PortableVectorScalarMultiply(const int8_t*, int, float, float*)	8	static
../Middlewares/Third_Party/EdgeImpulse_plant_village_classification_MachineLearning/edgeimpulse/edge-impulse-sdk/tensorflow/lite/kernels/internal/reference_portable_tensor_utils.cpp:753:6:void tflite::tensor_utils::PortableMeanStddevNormalization(const float*, float*, int, int)	48	static
../Middlewares/Third_Party/EdgeImpulse_plant_village_classification_MachineLearning/edgeimpulse/edge-impulse-sdk/third_party/gemmlowp/fixedpoint/fixedpoint.h:357:20:IntegerType gemmlowp::RoundingDivideByPOT(IntegerType, int) [with IntegerType = long int]	8	static
../Middlewares/Third_Party/EdgeImpulse_plant_village_classification_MachineLearning/edgeimpulse/edge-impulse-sdk/tensorflow/lite/kernels/internal/common.h:253:16:int32_t tflite::MultiplyByQuantizedMultiplier(int32_t, int32_t, int)	8	static
../Middlewares/Third_Party/EdgeImpulse_plant_village_classification_MachineLearning/edgeimpulse/edge-impulse-sdk/tensorflow/lite/kernels/internal/reference_portable_tensor_utils.cpp:230:6:void tflite::tensor_utils::PortableSparseMatrixBatchVectorMultiplyAccumulate1x16(const int8_t*, const int32_t*, const int32_t*, int, int, const int8_t*, const int32_t*, int, int32_t, int32_t, int32_t, int32_t, int32_t, int32_t, int8_t*)	72	static
../Middlewares/Third_Party/EdgeImpulse_plant_village_classification_MachineLearning/edgeimpulse/edge-impulse-sdk/tensorflow/lite/kernels/internal/reference_portable_tensor_utils.cpp:357:6:void tflite::tensor_utils::PortableMatrixBatchVectorMultiplyAccumulate(const int8_t*, const int32_t*, const int8_t*, int32_t, int32_t, int32_t, int32_t, int32_t, int32_t, int32_t*, int16_t*, tflite::CpuBackendContext*)	56	static
../Middlewares/Third_Party/EdgeImpulse_plant_village_classification_MachineLearning/edgeimpulse/edge-impulse-sdk/tensorflow/lite/kernels/internal/reference_portable_tensor_utils.cpp:367:6:void tflite::tensor_utils::PortableMatrixBatchVectorMultiplyAccumulate(const int8_t*, const int32_t*, const int8_t*, int32_t, int32_t, int32_t, int32_t, int32_t, int32_t, int32_t*, int8_t*, tflite::CpuBackendContext*)	56	static
../Middlewares/Third_Party/EdgeImpulse_plant_village_classification_MachineLearning/edgeimpulse/edge-impulse-sdk/tensorflow/lite/kernels/internal/reference_portable_tensor_utils.cpp:377:6:void tflite::tensor_utils::PortableMatrixBatchVectorMultiply(const int8_t*, int32_t, const int8_t*, int32_t, int32_t, int32_t, int32_t, int32_t, int8_t*, int8_t)	56	static
../Middlewares/Third_Party/EdgeImpulse_plant_village_classification_MachineLearning/edgeimpulse/edge-impulse-sdk/tensorflow/lite/kernels/internal/reference_portable_tensor_utils.cpp:656:6:void tflite::tensor_utils::PortableCwiseMul(const int16_t*, const int16_t*, int32_t, int32_t, int32_t, int32_t, int32_t, int8_t*)	72	static
../Middlewares/Third_Party/EdgeImpulse_plant_village_classification_MachineLearning/edgeimpulse/edge-impulse-sdk/tensorflow/lite/kernels/internal/reference_portable_tensor_utils.cpp:718:6:void tflite::tensor_utils::PortableVectorBatchVectorCwiseProductAccumulate(const int16_t*, int, const int16_t*, int, int32_t, int, int16_t*)	56	static
../Middlewares/Third_Party/EdgeImpulse_plant_village_classification_MachineLearning/edgeimpulse/edge-impulse-sdk/tensorflow/lite/kernels/internal/reference_portable_tensor_utils.cpp:779:6:void tflite::tensor_utils::PortableTwoGateSaturatingAdd(const int8_t*, int8_t, const int8_t*, int8_t, int32_t, int32_t, int32_t, int32_t, int32_t, int32_t, int16_t*)	40	static
../Middlewares/Third_Party/EdgeImpulse_plant_village_classification_MachineLearning/edgeimpulse/edge-impulse-sdk/tensorflow/lite/kernels/internal/common.h:875:13:void tflite::GetInvSqrtQuantizedMultiplierExp(int32_t, int, int32_t*, int*)	40	static
../Middlewares/Third_Party/EdgeImpulse_plant_village_classification_MachineLearning/edgeimpulse/edge-impulse-sdk/tensorflow/lite/kernels/internal/reference_portable_tensor_utils.cpp:445:6:void tflite::tensor_utils::PortableApplyLayerNorm(const int16_t*, const int16_t*, const int32_t*, int32_t, int32_t, int32_t, int, int, int16_t*)	80	static
../Middlewares/Third_Party/EdgeImpulse_plant_village_classification_MachineLearning/edgeimpulse/edge-impulse-sdk/tensorflow/lite/kernels/internal/reference_portable_tensor_utils.cpp:642:6:void tflite::tensor_utils::PortableCwiseMul(const int16_t*, const int16_t*, int, int, int, int16_t*)	48	static
../Middlewares/Third_Party/EdgeImpulse_plant_village_classification_MachineLearning/edgeimpulse/edge-impulse-sdk/third_party/gemmlowp/fixedpoint/fixedpoint.h:687:47:typename FixedPointType::ScalarRawType gemmlowp::RescaleConstantInitializer(int32_t) [with FixedPointType = FixedPoint<short int, 0>]	8	static
../Middlewares/Third_Party/EdgeImpulse_plant_village_classification_MachineLearning/edgeimpulse/edge-impulse-sdk/third_party/gemmlowp/fixedpoint/fixedpoint.h:539:55:gemmlowp::FixedPoint<tRawType, (tIntegerBits_a + tIntegerBits_b)> gemmlowp::operator*(FixedPoint<tRawType, tIntegerBits_a>, FixedPoint<tRawType, tIntegerBits_b>) [with tRawType = short int; int tIntegerBits_a = 0; int tIntegerBits_b = 0]	8	static
../Middlewares/Third_Party/EdgeImpulse_plant_village_classification_MachineLearning/edgeimpulse/edge-impulse-sdk/third_party/gemmlowp/fixedpoint/fixedpoint.h:721:25:gemmlowp::FixedPoint<tRawType, 0> gemmlowp::exp_on_interval_between_negative_one_quarter_and_0_excl(FixedPoint<tRawType, 0>) [with tRawType = short int]	24	static
../Middlewares/Third_Party/EdgeImpulse_plant_village_classification_MachineLearning/edgeimpulse/edge-impulse-sdk/third_party/gemmlowp/fixedpoint/fixedpoint.h:746:25:gemmlowp::FixedPoint<tRawType, 0> gemmlowp::exp_on_negative_values(FixedPoint<tRawType, tIntegerBits_a>) [with tRawType = short int; int tIntegerBits = 3]	32	static
../Middlewares/Third_Party/EdgeImpulse_plant_village_classification_MachineLearning/edgeimpulse/edge-impulse-sdk/third_party/gemmlowp/fixedpoint/fixedpoint.h:668:39:gemmlowp::FixedPoint<tRawType, tIntegerBitsDst> gemmlowp::Rescale(FixedPoint<tRawType, tIntegerBits>) [with int tIntegerBitsDst = 0; tRawType = short int; int tIntegerBitsSrc = 1]	0	static
../Middlewares/Third_Party/EdgeImpulse_plant_village_classification_MachineLearning/edgeimpulse/edge-impulse-sdk/third_party/gemmlowp/fixedpoint/fixedpoint.h:746:25:gemmlowp::FixedPoint<tRawType, 0> gemmlowp::exp_on_negative_values(FixedPoint<tRawType, tIntegerBits_a>) [with tRawType = short int; int tIntegerBits = 1]	24	static
../Middlewares/Third_Party/EdgeImpulse_plant_village_classification_MachineLearning/edgeimpulse/edge-impulse-sdk/third_party/gemmlowp/fixedpoint/fixedpoint.h:746:25:gemmlowp::FixedPoint<tRawType, 0> gemmlowp::exp_on_negative_values(FixedPoint<tRawType, tIntegerBits_a>) [with tRawType = short int; int tIntegerBits = 4]	24	static
../Middlewares/Third_Party/EdgeImpulse_plant_village_classification_MachineLearning/edgeimpulse/edge-impulse-sdk/third_party/gemmlowp/fixedpoint/fixedpoint.h:746:25:gemmlowp::FixedPoint<tRawType, 0> gemmlowp::exp_on_negative_values(FixedPoint<tRawType, tIntegerBits_a>) [with tRawType = short int; int tIntegerBits = 5]	24	static
../Middlewares/Third_Party/EdgeImpulse_plant_village_classification_MachineLearning/edgeimpulse/edge-impulse-sdk/third_party/gemmlowp/fixedpoint/fixedpoint.h:746:25:gemmlowp::FixedPoint<tRawType, 0> gemmlowp::exp_on_negative_values(FixedPoint<tRawType, tIntegerBits_a>) [with tRawType = short int; int tIntegerBits = 6]	32	static
../Middlewares/Third_Party/EdgeImpulse_plant_village_classification_MachineLearning/edgeimpulse/edge-impulse-sdk/third_party/gemmlowp/fixedpoint/fixedpoint.h:746:25:gemmlowp::FixedPoint<tRawType, 0> gemmlowp::exp_on_negative_values(FixedPoint<tRawType, tIntegerBits_a>) [with tRawType = short int; int tIntegerBits = 7]	32	static
../Middlewares/Third_Party/EdgeImpulse_plant_village_classification_MachineLearning/edgeimpulse/edge-impulse-sdk/third_party/gemmlowp/fixedpoint/fixedpoint.h:385:22:static IntegerType gemmlowp::ImplSaturatingRoundingMultiplyByPOT<Exponent, IntegerType, 1>::eval(IntegerType) [with int Exponent = 2; IntegerType = short int]	0	static
../Middlewares/Third_Party/EdgeImpulse_plant_village_classification_MachineLearning/edgeimpulse/edge-impulse-sdk/third_party/gemmlowp/fixedpoint/fixedpoint.h:746:25:gemmlowp::FixedPoint<tRawType, 0> gemmlowp::exp_on_negative_values(FixedPoint<tRawType, tIntegerBits_a>) [with tRawType = short int; int tIntegerBits = 2]	32	static
../Middlewares/Third_Party/EdgeImpulse_plant_village_classification_MachineLearning/edgeimpulse/edge-impulse-sdk/third_party/gemmlowp/fixedpoint/fixedpoint.h:842:25:gemmlowp::FixedPoint<tRawType, 0> gemmlowp::one_over_one_plus_x_for_x_in_0_1(FixedPoint<tRawType, 0>) [with tRawType = short int]	16	static
../Middlewares/Third_Party/EdgeImpulse_plant_village_classification_MachineLearning/edgeimpulse/edge-impulse-sdk/tensorflow/lite/kernels/internal/reference_portable_tensor_utils.cpp:552:6:void tflite::tensor_utils::PortableApplySigmoid(const int16_t*, int32_t, int32_t, int16_t*)	64	static
../Middlewares/Third_Party/EdgeImpulse_plant_village_classification_MachineLearning/edgeimpulse/edge-impulse-sdk/third_party/gemmlowp/fixedpoint/fixedpoint.h:795:25:gemmlowp::FixedPoint<tRawType, 0> gemmlowp::one_minus_x_over_one_plus_x_for_x_in_0_1(FixedPoint<tRawType, 0>) [with tRawType = short int]	16	static
../Middlewares/Third_Party/EdgeImpulse_plant_village_classification_MachineLearning/edgeimpulse/edge-impulse-sdk/tensorflow/lite/kernels/internal/reference_portable_tensor_utils.cpp:586:6:void tflite::tensor_utils::PortableApplyTanhImpl(const int16_t*, int32_t, int32_t, int16_t*) [with int IntegerBits = 2]	56	static
../Middlewares/Third_Party/EdgeImpulse_plant_village_classification_MachineLearning/edgeimpulse/edge-impulse-sdk/tensorflow/lite/kernels/internal/reference_portable_tensor_utils.cpp:586:6:void tflite::tensor_utils::PortableApplyTanhImpl(const int16_t*, int32_t, int32_t, int16_t*) [with int IntegerBits = 0]	56	static
../Middlewares/Third_Party/EdgeImpulse_plant_village_classification_MachineLearning/edgeimpulse/edge-impulse-sdk/tensorflow/lite/kernels/internal/reference_portable_tensor_utils.cpp:586:6:void tflite::tensor_utils::PortableApplyTanhImpl(const int16_t*, int32_t, int32_t, int16_t*) [with int IntegerBits = 1]	56	static
../Middlewares/Third_Party/EdgeImpulse_plant_village_classification_MachineLearning/edgeimpulse/edge-impulse-sdk/tensorflow/lite/kernels/internal/reference_portable_tensor_utils.cpp:586:6:void tflite::tensor_utils::PortableApplyTanhImpl(const int16_t*, int32_t, int32_t, int16_t*) [with int IntegerBits = 3]	56	static
../Middlewares/Third_Party/EdgeImpulse_plant_village_classification_MachineLearning/edgeimpulse/edge-impulse-sdk/tensorflow/lite/kernels/internal/reference_portable_tensor_utils.cpp:586:6:void tflite::tensor_utils::PortableApplyTanhImpl(const int16_t*, int32_t, int32_t, int16_t*) [with int IntegerBits = 4]	56	static
../Middlewares/Third_Party/EdgeImpulse_plant_village_classification_MachineLearning/edgeimpulse/edge-impulse-sdk/tensorflow/lite/kernels/internal/reference_portable_tensor_utils.cpp:586:6:void tflite::tensor_utils::PortableApplyTanhImpl(const int16_t*, int32_t, int32_t, int16_t*) [with int IntegerBits = 5]	56	static
../Middlewares/Third_Party/EdgeImpulse_plant_village_classification_MachineLearning/edgeimpulse/edge-impulse-sdk/tensorflow/lite/kernels/internal/reference_portable_tensor_utils.cpp:586:6:void tflite::tensor_utils::PortableApplyTanhImpl(const int16_t*, int32_t, int32_t, int16_t*) [with int IntegerBits = 6]	56	static
../Middlewares/Third_Party/EdgeImpulse_plant_village_classification_MachineLearning/edgeimpulse/edge-impulse-sdk/tensorflow/lite/kernels/internal/reference_portable_tensor_utils.cpp:600:6:void tflite::tensor_utils::PortableApplyTanh(int32_t, const int16_t*, int32_t, int32_t, int16_t*)	16	static
