/opt/st/stm32cubeide_2.0.0/plugins/com.st.stm32cube.ide.mcu.externaltools.gnu-tools-for-stm32.13.3.rel1.linux64_1.0.100.202509120712/tools/arm-none-eabi/include/c++/13.3.1/arm-none-eabi/thumb/v7e-m+fp/hard/bits/gthr-default.h:229:1:int __gthread_key_delete(__gthread_key_t)	16	static
../Middlewares/Third_Party/EdgeImpulse_plant_village_classification_MachineLearning/edgeimpulse/edge-impulse-sdk/tensorflow/lite/micro/test_helper_custom_ops.cpp:39:27:static const TfLiteRegistration* tflite::testing::PackerOp::getRegistration()	8	static
../Middlewares/Third_Party/EdgeImpulse_plant_village_classification_MachineLearning/edgeimpulse/edge-impulse-sdk/tensorflow/lite/micro/test_helper_custom_ops.cpp:43:21:static TfLiteRegistration* tflite::testing::PackerOp::GetMutableRegistration()	4	static
../Middlewares/Third_Party/EdgeImpulse_plant_village_classification_MachineLearning/edgeimpulse/edge-impulse-sdk/tensorflow/lite/micro/test_helper_custom_ops.cpp:52:7:static void* tflite::testing::PackerOp::Init(TfLiteContext*, const char*, size_t)	24	static
../Middlewares/Third_Party/EdgeImpulse_plant_village_classification_MachineLearning/edgeimpulse/edge-impulse-sdk/tensorflow/lite/micro/test_helper_custom_ops.cpp:59:6:static void tflite::testing::PackerOp::Free(TfLiteContext*, void*)	16	static
../Middlewares/Third_Party/EdgeImpulse_plant_village_classification_MachineLearning/edgeimpulse/edge-impulse-sdk/tensorflow/lite/micro/test_helper_custom_ops.cpp:61:14:static TfLiteStatus tflite::testing::PackerOp::Prepare(TfLiteContext*, TfLiteNode*)	16	static
../Middlewares/Third_Party/EdgeImpulse_plant_village_classification_MachineLearning/edgeimpulse/edge-impulse-sdk/tensorflow/lite/micro/test_helper_custom_ops.cpp:65:14:static TfLiteStatus tflite::testing::PackerOp::Invoke(TfLiteContext*, TfLiteNode*)	88	static
