../Middlewares/Third_Party/EdgeImpulse_plant_village_classification_MachineLearning/edgeimpulse/edge-impulse-sdk/tensorflow/lite/kernels/kernel_util_lite.cpp:43:22:TfLiteTensor* tflite::{anonymous}::GetTensorAtIndex(const TfLiteContext*, int)	0	static
../Middlewares/Third_Party/EdgeImpulse_plant_village_classification_MachineLearning/edgeimpulse/edge-impulse-sdk/tensorflow/lite/kernels/kernel_util_lite.cpp:49:21:TfLiteStatus tflite::{anonymous}::ValidateTensorIndexingSafe(const TfLiteContext*, int, int, const int*, int*)	16	static
../Middlewares/Third_Party/EdgeImpulse_plant_village_classification_MachineLearning/edgeimpulse/edge-impulse-sdk/tensorflow/lite/kernels/kernel_util_lite.cpp:337:21:TfLiteStatus tflite::{anonymous}::Quantize(TfLiteContext*, float, int32_t, float, int32_t&)	24	static
/opt/st/stm32cubeide_2.0.0/plugins/com.st.stm32cube.ide.mcu.externaltools.gnu-tools-for-stm32.13.3.rel1.linux64_1.0.100.202509120712/tools/arm-none-eabi/include/c++/13.3.1/bits/basic_string.h:641:7:std::__cxx11::basic_string<_CharT, _Traits, _Alloc>::basic_string(const _CharT*, const _Alloc&) [with _CharT = char; _Traits = std::char_traits<char>; _Alloc = std::allocator<char>]	24	static
../Middlewares/Third_Party/EdgeImpulse_plant_village_classification_MachineLearning/edgeimpulse/edge-impulse-sdk/tensorflow/lite/kernels/kernel_util_lite.cpp:83:22:TfLiteTensor* tflite::{anonymous}::GetMutableInput(const TfLiteContext*, const TfLiteNode*, int)	0	static
../Middlewares/Third_Party/EdgeImpulse_plant_village_classification_MachineLearning/edgeimpulse/edge-impulse-sdk/tensorflow/lite/kernels/kernel_util_lite.cpp:106:21:const TfLiteTensor* tflite::GetInput(const TfLiteContext*, const TfLiteNode*, int)	0	static
../Middlewares/Third_Party/EdgeImpulse_plant_village_classification_MachineLearning/edgeimpulse/edge-impulse-sdk/tensorflow/lite/kernels/kernel_util_lite.cpp:111:14:TfLiteStatus tflite::GetInputSafe(const TfLiteContext*, const TfLiteNode*, int, const TfLiteTensor**)	32	static
../Middlewares/Third_Party/EdgeImpulse_plant_village_classification_MachineLearning/edgeimpulse/edge-impulse-sdk/tensorflow/lite/kernels/kernel_util_lite.cpp:116:15:TfLiteTensor* tflite::GetVariableInput(TfLiteContext*, const TfLiteNode*, int)	8	static
../Middlewares/Third_Party/EdgeImpulse_plant_village_classification_MachineLearning/edgeimpulse/edge-impulse-sdk/tensorflow/lite/kernels/kernel_util_lite.cpp:123:15:TfLiteTensor* tflite::GetOutput(TfLiteContext*, const TfLiteNode*, int)	0	static
../Middlewares/Third_Party/EdgeImpulse_plant_village_classification_MachineLearning/edgeimpulse/edge-impulse-sdk/tensorflow/lite/kernels/kernel_util_lite.cpp:133:14:TfLiteStatus tflite::GetOutputSafe(const TfLiteContext*, const TfLiteNode*, int, TfLiteTensor**)	32	static
../Middlewares/Third_Party/EdgeImpulse_plant_village_classification_MachineLearning/edgeimpulse/edge-impulse-sdk/tensorflow/lite/kernels/kernel_util_lite.cpp:143:21:const TfLiteTensor* tflite::GetOptionalInputTensor(const TfLiteContext*, const TfLiteNode*, int)	0	static
../Middlewares/Third_Party/EdgeImpulse_plant_village_classification_MachineLearning/edgeimpulse/edge-impulse-sdk/tensorflow/lite/kernels/kernel_util_lite.cpp:149:15:TfLiteTensor* tflite::GetTemporary(TfLiteContext*, const TfLiteNode*, int)	0	static
../Middlewares/Third_Party/EdgeImpulse_plant_village_classification_MachineLearning/edgeimpulse/edge-impulse-sdk/tensorflow/lite/kernels/kernel_util_lite.cpp:159:14:TfLiteStatus tflite::GetTemporarySafe(const TfLiteContext*, const TfLiteNode*, int, TfLiteTensor**)	32	static
../Middlewares/Third_Party/EdgeImpulse_plant_village_classification_MachineLearning/edgeimpulse/edge-impulse-sdk/tensorflow/lite/kernels/kernel_util_lite.cpp:170:21:const TfLiteTensor* tflite::GetIntermediates(TfLiteContext*, const TfLiteNode*, int)	0	static
../Middlewares/Third_Party/EdgeImpulse_plant_village_classification_MachineLearning/edgeimpulse/edge-impulse-sdk/tensorflow/lite/kernels/kernel_util_lite.cpp:180:14:TfLiteStatus tflite::GetIntermediatesSafe(const TfLiteContext*, const TfLiteNode*, int, TfLiteTensor**)	32	static
../Middlewares/Third_Party/EdgeImpulse_plant_village_classification_MachineLearning/edgeimpulse/edge-impulse-sdk/tensorflow/lite/kernels/kernel_util_lite.cpp:322:14:TfLiteStatus tflite::GetQuantizedConvolutionMultipler(TfLiteContext*, const TfLiteTensor*, const TfLiteTensor*, TfLiteTensor*, double*)	24	static
../Middlewares/Third_Party/EdgeImpulse_plant_village_classification_MachineLearning/edgeimpulse/edge-impulse-sdk/tensorflow/lite/kernels/kernel_util_lite.cpp:285:14:TfLiteStatus tflite::GetQuantizedConvolutionMultipler(TfLiteContext*, const TfLiteTensor*, const TfLiteTensor*, const TfLiteTensor*, TfLiteTensor*, double*)	48	static
../Middlewares/Third_Party/EdgeImpulse_plant_village_classification_MachineLearning/edgeimpulse/edge-impulse-sdk/tensorflow/lite/kernels/kernel_util_lite.cpp:382:14:TfLiteStatus tflite::CalculateActivationRangeQuantized(TfLiteContext*, TfLiteFusedActivation, TfLiteTensor*, int32_t*, int32_t*)	56	static
../Middlewares/Third_Party/EdgeImpulse_plant_village_classification_MachineLearning/edgeimpulse/edge-impulse-sdk/tensorflow/lite/kernels/kernel_util_lite.cpp:208:14:TfLiteStatus tflite::PopulateConvolutionQuantizationParams(TfLiteContext*, const TfLiteTensor*, const TfLiteTensor*, const TfLiteTensor*, TfLiteTensor*, const TfLiteFusedActivation&, int32_t*, int*, int32_t*, int32_t*, int32_t*, int32_t*, int)	128	static
../Middlewares/Third_Party/EdgeImpulse_plant_village_classification_MachineLearning/edgeimpulse/edge-impulse-sdk/tensorflow/lite/kernels/kernel_util_lite.cpp:193:14:TfLiteStatus tflite::PopulateConvolutionQuantizationParams(TfLiteContext*, const TfLiteTensor*, const TfLiteTensor*, const TfLiteTensor*, TfLiteTensor*, const TfLiteFusedActivation&, int32_t*, int*, int32_t*, int32_t*, int32_t*, int32_t*)	48	static
../Middlewares/Third_Party/EdgeImpulse_plant_village_classification_MachineLearning/edgeimpulse/edge-impulse-sdk/tensorflow/lite/kernels/kernel_util_lite.cpp:406:6:bool tflite::HaveSameShapes(const TfLiteTensor*, const TfLiteTensor*)	8	static
../Middlewares/Third_Party/EdgeImpulse_plant_village_classification_MachineLearning/edgeimpulse/edge-impulse-sdk/tensorflow/lite/kernels/kernel_util_lite.cpp:437:19:const std::string tflite::GetShapeDebugString(const TfLiteIntArray*)	8	static
../Middlewares/Third_Party/EdgeImpulse_plant_village_classification_MachineLearning/edgeimpulse/edge-impulse-sdk/tensorflow/lite/kernels/kernel_util_lite.cpp:524:5:int tflite::TfLiteTypeGetSize(TfLiteType)	0	static
../Middlewares/Third_Party/EdgeImpulse_plant_village_classification_MachineLearning/edgeimpulse/edge-impulse-sdk/tensorflow/lite/kernels/kernel_util_lite.cpp:572:6:bool tflite::IsMobilePlatform()	0	static
../Middlewares/Third_Party/EdgeImpulse_plant_village_classification_MachineLearning/edgeimpulse/edge-impulse-sdk/tensorflow/lite/kernels/kernel_util_lite.cpp:583:6:bool tflite::HasUnspecifiedDimension(const TfLiteTensor*)	0	static
/opt/st/stm32cubeide_2.0.0/plugins/com.st.stm32cube.ide.mcu.externaltools.gnu-tools-for-stm32.13.3.rel1.linux64_1.0.100.202509120712/tools/arm-none-eabi/include/c++/13.3.1/bits/unique_ptr.h:398:7:std::unique_ptr<_Tp, _Dp>::~unique_ptr() [with _Tp = TfLiteIntArray; _Dp = void (*)(TfLiteIntArray*)]	8	static
../Middlewares/Third_Party/EdgeImpulse_plant_village_classification_MachineLearning/edgeimpulse/edge-impulse-sdk/tensorflow/lite/kernels/kernel_util_lite.cpp:411:14:TfLiteStatus tflite::GetOutputShapeFromInput(TfLiteContext*, const TfLiteTensor*, TfLiteIntArray**)	24	static
../Middlewares/Third_Party/EdgeImpulse_plant_village_classification_MachineLearning/edgeimpulse/edge-impulse-sdk/tensorflow/lite/kernels/kernel_util_lite.cpp:457:14:TfLiteStatus tflite::CalculateShapeForBroadcast(TfLiteContext*, const TfLiteTensor*, const TfLiteTensor*, TfLiteIntArray**)	104	static
../Middlewares/Third_Party/EdgeImpulse_plant_village_classification_MachineLearning/edgeimpulse/edge-impulse-sdk/tensorflow/lite/kernels/kernel_util_lite.cpp:488:14:TfLiteStatus tflite::CalculateShapeForBroadcast(TfLiteContext*, const TfLiteTensor*, const TfLiteTensor*, const TfLiteTensor*, TfLiteIntArray**)	136	static
