../Middlewares/Third_Party/EdgeImpulse_plant_village_classification_MachineLearning/edgeimpulse/edge-impulse-sdk/third_party/flatbuffers/include/flatbuffers/fb_table.h:35:13:flatbuffers::voffset_t flatbuffers::Table::GetOptionalFieldOffset(flatbuffers::voffset_t) const	0	static
../Middlewares/Third_Party/EdgeImpulse_plant_village_classification_MachineLearning/edgeimpulse/edge-impulse-sdk/tensorflow/lite/schema/schema_generated_full.h:2327:8:bool tflite::Tensor::is_variable() const	8	static
../Middlewares/Third_Party/EdgeImpulse_plant_village_classification_MachineLearning/edgeimpulse/edge-impulse-sdk/tensorflow/lite/schema/schema_generated_full.h:9129:26:tflite::BuiltinOptions tflite::Operator::builtin_options_type() const	8	static
../Middlewares/Third_Party/EdgeImpulse_plant_village_classification_MachineLearning/edgeimpulse/edge-impulse-sdk/tensorflow/lite/schema/schema_generated_full.h:9132:15:const void* tflite::Operator::builtin_options() const	8	static
../Middlewares/Third_Party/EdgeImpulse_plant_village_classification_MachineLearning/edgeimpulse/edge-impulse-sdk/tensorflow/lite/schema/schema_generated_full.h:10153:67:const flatbuffers::Vector<flatbuffers::Offset<tflite::Tensor> >* tflite::SubGraph::tensors() const	8	static
../Middlewares/Third_Party/EdgeImpulse_plant_village_classification_MachineLearning/edgeimpulse/edge-impulse-sdk/tensorflow/lite/schema/schema_generated_full.h:10617:69:const flatbuffers::Vector<flatbuffers::Offset<tflite::SubGraph> >* tflite::Model::subgraphs() const	8	static
../Middlewares/Third_Party/EdgeImpulse_plant_village_classification_MachineLearning/edgeimpulse/edge-impulse-sdk/tensorflow/lite/micro/micro_allocation_info.cpp:37:6:void tflite::AllocationInfoBuilder::UpdateFirstCreated(tflite::AllocationInfo*, int)	8	static
../Middlewares/Third_Party/EdgeImpulse_plant_village_classification_MachineLearning/edgeimpulse/edge-impulse-sdk/tensorflow/lite/micro/micro_allocation_info.cpp:48:6:void tflite::AllocationInfoBuilder::UpdateLastUsed(tflite::AllocationInfo*, int)	8	static
../Middlewares/Third_Party/EdgeImpulse_plant_village_classification_MachineLearning/edgeimpulse/edge-impulse-sdk/tensorflow/lite/micro/micro_allocation_info.cpp:146:14:TfLiteStatus tflite::AllocationInfoBuilder::FreeAllocationInfo()	8	static
../Middlewares/Third_Party/EdgeImpulse_plant_village_classification_MachineLearning/edgeimpulse/edge-impulse-sdk/tensorflow/lite/micro/micro_allocation_info.cpp:338:14:TfLiteStatus tflite::AllocationInfoBuilder::GetOfflinePlannedOffsets(const int32_t**)	32	static
../Middlewares/Third_Party/EdgeImpulse_plant_village_classification_MachineLearning/edgeimpulse/edge-impulse-sdk/third_party/flatbuffers/include/flatbuffers/fb_table.h:45:26:T flatbuffers::Table::GetField(flatbuffers::voffset_t, T) const [with T = long int]	16	static
../Middlewares/Third_Party/EdgeImpulse_plant_village_classification_MachineLearning/edgeimpulse/edge-impulse-sdk/third_party/flatbuffers/include/flatbuffers/fb_vector.h:169:15:flatbuffers::Vector<T>::return_type flatbuffers::Vector<T>::Get(flatbuffers::uoffset_t) const [with T = long int]	8	static
../Middlewares/Third_Party/EdgeImpulse_plant_village_classification_MachineLearning/edgeimpulse/edge-impulse-sdk/third_party/flatbuffers/include/flatbuffers/fb_vector.h:169:15:flatbuffers::Vector<T>::return_type flatbuffers::Vector<T>::Get(flatbuffers::uoffset_t) const [with T = flatbuffers::Offset<tflite::Tensor>]	8	static
../Middlewares/Third_Party/EdgeImpulse_plant_village_classification_MachineLearning/edgeimpulse/edge-impulse-sdk/third_party/flatbuffers/include/flatbuffers/fb_vector.h:169:15:flatbuffers::Vector<T>::return_type flatbuffers::Vector<T>::Get(flatbuffers::uoffset_t) const [with T = flatbuffers::Offset<tflite::Operator>]	8	static
../Middlewares/Third_Party/EdgeImpulse_plant_village_classification_MachineLearning/edgeimpulse/edge-impulse-sdk/third_party/flatbuffers/include/flatbuffers/fb_vector.h:169:15:flatbuffers::Vector<T>::return_type flatbuffers::Vector<T>::Get(flatbuffers::uoffset_t) const [with T = flatbuffers::Offset<tflite::SubGraph>]	8	static
../Middlewares/Third_Party/EdgeImpulse_plant_village_classification_MachineLearning/edgeimpulse/edge-impulse-sdk/tensorflow/lite/micro/micro_allocation_info.cpp:103:14:TfLiteStatus tflite::AllocationInfoBuilder::CreateAllocationInfo(int)	32	static
../Middlewares/Third_Party/EdgeImpulse_plant_village_classification_MachineLearning/edgeimpulse/edge-impulse-sdk/third_party/flatbuffers/include/flatbuffers/fb_table.h:50:26:P flatbuffers::Table::GetPointer(flatbuffers::voffset_t) [with P = const flatbuffers::Vector<long int>*]	8	static
../Middlewares/Third_Party/EdgeImpulse_plant_village_classification_MachineLearning/edgeimpulse/edge-impulse-sdk/tensorflow/lite/micro/micro_allocation_info.cpp:154:14:TfLiteStatus tflite::AllocationInfoBuilder::ValidateSubgraph(const tflite::SubGraph*, TfLiteEvalTensor*)	40	static
../Middlewares/Third_Party/EdgeImpulse_plant_village_classification_MachineLearning/edgeimpulse/edge-impulse-sdk/tensorflow/lite/micro/micro_allocation_info.cpp:178:14:TfLiteStatus tflite::AllocationInfoBuilder::InitializeAllocationInfo(const int32_t*, tflite::SubgraphAllocations*)	56	static
../Middlewares/Third_Party/EdgeImpulse_plant_village_classification_MachineLearning/edgeimpulse/edge-impulse-sdk/tensorflow/lite/micro/micro_allocation_info.cpp:233:14:TfLiteStatus tflite::AllocationInfoBuilder::MarkAllocationLifetimes(int, tflite::internal::ScratchBufferRequest*, tflite::ScratchBufferHandle*, tflite::SubgraphAllocations*)	80	static
../Middlewares/Third_Party/EdgeImpulse_plant_village_classification_MachineLearning/edgeimpulse/edge-impulse-sdk/tensorflow/lite/micro/micro_allocation_info.cpp:54:14:TfLiteStatus tflite::AllocationInfoBuilder::MarkSubgraphLifetimesIfNecessary(const tflite::Operator*, tflite::internal::ScratchBufferRequest*, tflite::ScratchBufferHandle*, tflite::SubgraphAllocations*)	40	static
