../Middlewares/Third_Party/EdgeImpulse_plant_village_classification_MachineLearning/edgeimpulse/edge-impulse-sdk/tensorflow/lite/micro/micro_context.h:129:14:void* tflite::MicroContextAllocatePersistentBuffer(TfLiteContext*, size_t)	0	static
../Middlewares/Third_Party/EdgeImpulse_plant_village_classification_MachineLearning/edgeimpulse/edge-impulse-sdk/tensorflow/lite/micro/micro_context.h:133:21:TfLiteStatus tflite::MicroContextRequestScratchBufferInArena(TfLiteContext*, size_t, int*)	0	static
../Middlewares/Third_Party/EdgeImpulse_plant_village_classification_MachineLearning/edgeimpulse/edge-impulse-sdk/tensorflow/lite/micro/micro_context.h:138:14:void* tflite::MicroContextGetScratchBuffer(TfLiteContext*, int)	0	static
../Middlewares/Third_Party/EdgeImpulse_plant_village_classification_MachineLearning/edgeimpulse/edge-impulse-sdk/tensorflow/lite/micro/micro_context.h:141:22:TfLiteTensor* tflite::MicroContextGetTensor(const TfLiteContext*, int)	0	static
../Middlewares/Third_Party/EdgeImpulse_plant_village_classification_MachineLearning/edgeimpulse/edge-impulse-sdk/tensorflow/lite/micro/micro_context.h:145:26:TfLiteEvalTensor* tflite::MicroContextGetEvalTensor(const TfLiteContext*, int)	0	static
../Middlewares/Third_Party/EdgeImpulse_plant_village_classification_MachineLearning/edgeimpulse/edge-impulse-sdk/tensorflow/lite/micro/micro_context.h:149:31:TfLiteExternalContext* tflite::MicroContextGetExternalContext(TfLiteContext*, TfLiteExternalContextType)	0	static
../Middlewares/Third_Party/EdgeImpulse_plant_village_classification_MachineLearning/edgeimpulse/edge-impulse-sdk/third_party/flatbuffers/include/flatbuffers/fb_table.h:35:13:flatbuffers::voffset_t flatbuffers::Table::GetOptionalFieldOffset(flatbuffers::voffset_t) const	0	static
../Middlewares/Third_Party/EdgeImpulse_plant_village_classification_MachineLearning/edgeimpulse/edge-impulse-sdk/tensorflow/lite/schema/schema_generated_full.h:10617:69:const flatbuffers::Vector<flatbuffers::Offset<tflite::SubGraph> >* tflite::Model::subgraphs() const	8	static
../Middlewares/Third_Party/EdgeImpulse_plant_village_classification_MachineLearning/edgeimpulse/edge-impulse-sdk/tensorflow/lite/micro/micro_interpreter.cpp:37:1:tflite::MicroInterpreter::MicroInterpreter(const tflite::Model*, const tflite::MicroOpResolver&, uint8_t*, size_t, tflite::MicroResourceVariables*, tflite::MicroProfilerInterface*)	32	static
../Middlewares/Third_Party/EdgeImpulse_plant_village_classification_MachineLearning/edgeimpulse/edge-impulse-sdk/tensorflow/lite/micro/micro_interpreter.cpp:56:1:tflite::MicroInterpreter::MicroInterpreter(const tflite::Model*, const tflite::MicroOpResolver&, tflite::MicroAllocator*, tflite::MicroResourceVariables*, tflite::MicroProfilerInterface*)	32	static
../Middlewares/Third_Party/EdgeImpulse_plant_village_classification_MachineLearning/edgeimpulse/edge-impulse-sdk/tensorflow/lite/micro/micro_interpreter.cpp:93:6:void tflite::MicroInterpreter::Init(tflite::MicroProfilerInterface*)	0	static
../Middlewares/Third_Party/EdgeImpulse_plant_village_classification_MachineLearning/edgeimpulse/edge-impulse-sdk/tensorflow/lite/micro/micro_interpreter.cpp:342:14:TfLiteStatus tflite::MicroInterpreter::SetMicroExternalContext(void*)	0	static
../Middlewares/Third_Party/EdgeImpulse_plant_village_classification_MachineLearning/edgeimpulse/edge-impulse-sdk/third_party/flatbuffers/include/flatbuffers/fb_vector.h:169:15:flatbuffers::Vector<T>::return_type flatbuffers::Vector<T>::Get(flatbuffers::uoffset_t) const [with T = long int]	8	static
../Middlewares/Third_Party/EdgeImpulse_plant_village_classification_MachineLearning/edgeimpulse/edge-impulse-sdk/third_party/flatbuffers/include/flatbuffers/fb_vector.h:169:15:flatbuffers::Vector<T>::return_type flatbuffers::Vector<T>::Get(flatbuffers::uoffset_t) const [with T = flatbuffers::Offset<tflite::SubGraph>]	8	static
../Middlewares/Third_Party/EdgeImpulse_plant_village_classification_MachineLearning/edgeimpulse/edge-impulse-sdk/tensorflow/lite/micro/micro_interpreter.cpp:323:15:TfLiteTensor* tflite::MicroInterpreter::tensor(size_t, size_t)	32	static
../Middlewares/Third_Party/EdgeImpulse_plant_village_classification_MachineLearning/edgeimpulse/edge-impulse-sdk/third_party/flatbuffers/include/flatbuffers/fb_table.h:50:26:P flatbuffers::Table::GetPointer(flatbuffers::voffset_t) [with P = const flatbuffers::Vector<long int>*]	8	static
../Middlewares/Third_Party/EdgeImpulse_plant_village_classification_MachineLearning/edgeimpulse/edge-impulse-sdk/tensorflow/lite/micro/micro_interpreter.h:98:10:size_t tflite::MicroInterpreter::inputs_size() const	8	static
../Middlewares/Third_Party/EdgeImpulse_plant_village_classification_MachineLearning/edgeimpulse/edge-impulse-sdk/tensorflow/lite/micro/micro_interpreter.cpp:305:15:TfLiteTensor* tflite::MicroInterpreter::input(size_t)	16	static
../Middlewares/Third_Party/EdgeImpulse_plant_village_classification_MachineLearning/edgeimpulse/edge-impulse-sdk/tensorflow/lite/micro/micro_interpreter.h:116:10:size_t tflite::MicroInterpreter::outputs_size() const	8	static
../Middlewares/Third_Party/EdgeImpulse_plant_village_classification_MachineLearning/edgeimpulse/edge-impulse-sdk/tensorflow/lite/micro/micro_interpreter.cpp:314:15:TfLiteTensor* tflite::MicroInterpreter::output(size_t)	16	static
../Middlewares/Third_Party/EdgeImpulse_plant_village_classification_MachineLearning/edgeimpulse/edge-impulse-sdk/tensorflow/lite/micro/micro_interpreter.cpp:73:1:tflite::MicroInterpreter::~MicroInterpreter()	16	static
../Middlewares/Third_Party/EdgeImpulse_plant_village_classification_MachineLearning/edgeimpulse/edge-impulse-sdk/tensorflow/lite/micro/micro_interpreter.cpp:103:14:TfLiteStatus tflite::MicroInterpreter::PrepareNodeAndRegistrationDataFromFlatbuffer()	80	static
../Middlewares/Third_Party/EdgeImpulse_plant_village_classification_MachineLearning/edgeimpulse/edge-impulse-sdk/tensorflow/lite/micro/micro_interpreter.cpp:334:14:TfLiteStatus tflite::MicroInterpreter::Reset()	8	static
../Middlewares/Third_Party/EdgeImpulse_plant_village_classification_MachineLearning/edgeimpulse/edge-impulse-sdk/tensorflow/lite/micro/micro_interpreter.cpp:196:14:TfLiteStatus tflite::MicroInterpreter::AllocateTensors(bool)	48	static
../Middlewares/Third_Party/EdgeImpulse_plant_village_classification_MachineLearning/edgeimpulse/edge-impulse-sdk/tensorflow/lite/micro/micro_interpreter.cpp:291:14:TfLiteStatus tflite::MicroInterpreter::Invoke()	8	static
